Archive member included to satisfy reference by file (symbol)

C:/Users/25sal/.pico-sdk/toolchain/13_3_Rel1/bin/../lib/gcc/arm-none-eabi/13.3.1/thumb/v6-m/nofp\libgcc.a(_dvmd_tls.o)
                              src/CMakeFiles/homecontrol.dir/C_/Users/25sal/.pico-sdk/sdk/2.1.0/src/rp2_common/pico_divider/divider_hardware.S.obj (__aeabi_idiv0)
C:/Users/25sal/.pico-sdk/toolchain/13_3_Rel1/bin/../lib/gcc/arm-none-eabi/13.3.1/thumb/v6-m/nofp\libg.a(libc_a-calloc.o)
                              src/CMakeFiles/homecontrol.dir/C_/Users/25sal/.pico-sdk/sdk/2.1.0/src/rp2_common/pico_malloc/malloc.c.obj (calloc)
C:/Users/25sal/.pico-sdk/toolchain/13_3_Rel1/bin/../lib/gcc/arm-none-eabi/13.3.1/thumb/v6-m/nofp\libg.a(libc_a-callocr.o)
                              C:/Users/25sal/.pico-sdk/toolchain/13_3_Rel1/bin/../lib/gcc/arm-none-eabi/13.3.1/thumb/v6-m/nofp\libg.a(libc_a-calloc.o) (_calloc_r)
C:/Users/25sal/.pico-sdk/toolchain/13_3_Rel1/bin/../lib/gcc/arm-none-eabi/13.3.1/thumb/v6-m/nofp\libg.a(libc_a-malloc.o)
                              src/CMakeFiles/homecontrol.dir/C_/Users/25sal/.pico-sdk/sdk/2.1.0/src/rp2_common/pico_malloc/malloc.c.obj (malloc)
C:/Users/25sal/.pico-sdk/toolchain/13_3_Rel1/bin/../lib/gcc/arm-none-eabi/13.3.1/thumb/v6-m/nofp\libg.a(libc_a-mallocr.o)
                              C:/Users/25sal/.pico-sdk/toolchain/13_3_Rel1/bin/../lib/gcc/arm-none-eabi/13.3.1/thumb/v6-m/nofp\libg.a(libc_a-callocr.o) (_malloc_r)
C:/Users/25sal/.pico-sdk/toolchain/13_3_Rel1/bin/../lib/gcc/arm-none-eabi/13.3.1/thumb/v6-m/nofp\libg.a(libc_a-mlock.o)
                              C:/Users/25sal/.pico-sdk/toolchain/13_3_Rel1/bin/../lib/gcc/arm-none-eabi/13.3.1/thumb/v6-m/nofp\libg.a(libc_a-mallocr.o) (__malloc_lock)
C:/Users/25sal/.pico-sdk/toolchain/13_3_Rel1/bin/../lib/gcc/arm-none-eabi/13.3.1/thumb/v6-m/nofp\libg.a(libc_a-realloc.o)
                              src/CMakeFiles/homecontrol.dir/C_/Users/25sal/.pico-sdk/sdk/2.1.0/src/rp2_common/pico_malloc/malloc.c.obj (realloc)
C:/Users/25sal/.pico-sdk/toolchain/13_3_Rel1/bin/../lib/gcc/arm-none-eabi/13.3.1/thumb/v6-m/nofp\libg.a(libc_a-reallocr.o)
                              C:/Users/25sal/.pico-sdk/toolchain/13_3_Rel1/bin/../lib/gcc/arm-none-eabi/13.3.1/thumb/v6-m/nofp\libg.a(libc_a-realloc.o) (_realloc_r)
C:/Users/25sal/.pico-sdk/toolchain/13_3_Rel1/bin/../lib/gcc/arm-none-eabi/13.3.1/thumb/v6-m/nofp\libg.a(libc_a-ctype_.o)
                              src/CMakeFiles/homecontrol.dir/functions.c.obj (_ctype_)
C:/Users/25sal/.pico-sdk/toolchain/13_3_Rel1/bin/../lib/gcc/arm-none-eabi/13.3.1/thumb/v6-m/nofp\libg.a(libc_a-memcmp.o)
                              src/CMakeFiles/homecontrol.dir/C_/Users/25sal/.pico-sdk/sdk/2.1.0/src/rp2_common/pico_atomic/atomic.c.obj (memcmp)
C:/Users/25sal/.pico-sdk/toolchain/13_3_Rel1/bin/../lib/gcc/arm-none-eabi/13.3.1/thumb/v6-m/nofp\libg.a(libc_a-memmove.o)
                              C:/Users/25sal/.pico-sdk/toolchain/13_3_Rel1/bin/../lib/gcc/arm-none-eabi/13.3.1/thumb/v6-m/nofp\libg.a(libc_a-reallocr.o) (memmove)
C:/Users/25sal/.pico-sdk/toolchain/13_3_Rel1/bin/../lib/gcc/arm-none-eabi/13.3.1/thumb/v6-m/nofp\libg.a(libc_a-strncpy.o)
                              src/CMakeFiles/homecontrol.dir/functions.c.obj (strncpy)
C:/Users/25sal/.pico-sdk/toolchain/13_3_Rel1/bin/../lib/gcc/arm-none-eabi/13.3.1/thumb/v6-m/nofp\libg.a(libc_a-strstr.o)
                              src/CMakeFiles/homecontrol.dir/functions.c.obj (strstr)
C:/Users/25sal/.pico-sdk/toolchain/13_3_Rel1/bin/../lib/gcc/arm-none-eabi/13.3.1/thumb/v6-m/nofp\libg.a(libc_a-lcltime_r.o)
                              src/CMakeFiles/homecontrol.dir/C_/Users/25sal/.pico-sdk/sdk/2.1.0/src/common/pico_util/datetime.c.obj (localtime_r)
C:/Users/25sal/.pico-sdk/toolchain/13_3_Rel1/bin/../lib/gcc/arm-none-eabi/13.3.1/thumb/v6-m/nofp\libg.a(libc_a-mktime.o)
                              src/CMakeFiles/homecontrol.dir/C_/Users/25sal/.pico-sdk/sdk/2.1.0/src/common/pico_util/datetime.c.obj (mktime)
C:/Users/25sal/.pico-sdk/toolchain/13_3_Rel1/bin/../lib/gcc/arm-none-eabi/13.3.1/thumb/v6-m/nofp\libg.a(libc_a-month_lengths.o)
                              C:/Users/25sal/.pico-sdk/toolchain/13_3_Rel1/bin/../lib/gcc/arm-none-eabi/13.3.1/thumb/v6-m/nofp\libg.a(libc_a-lcltime_r.o) (__month_lengths)
C:/Users/25sal/.pico-sdk/toolchain/13_3_Rel1/bin/../lib/gcc/arm-none-eabi/13.3.1/thumb/v6-m/nofp\libg.a(libc_a-tzcalc_limits.o)
                              C:/Users/25sal/.pico-sdk/toolchain/13_3_Rel1/bin/../lib/gcc/arm-none-eabi/13.3.1/thumb/v6-m/nofp\libg.a(libc_a-lcltime_r.o) (__tzcalc_limits)
C:/Users/25sal/.pico-sdk/toolchain/13_3_Rel1/bin/../lib/gcc/arm-none-eabi/13.3.1/thumb/v6-m/nofp\libg.a(libc_a-tzlock.o)
                              C:/Users/25sal/.pico-sdk/toolchain/13_3_Rel1/bin/../lib/gcc/arm-none-eabi/13.3.1/thumb/v6-m/nofp\libg.a(libc_a-lcltime_r.o) (__tz_lock)
[...]
Memory Configuration

Name             Origin             Length             Attributes
FLASH            0x10000000         0x00200000         xr
RAM              0x20000000         0x00040000         xrw
SCRATCH_X        0x20040000         0x00001000         xrw
SCRATCH_Y        0x20041000         0x00001000         xrw
*default*        0x00000000         0xffffffff

Linker script and memory map

LOAD C:/Users/25sal/.pico-sdk/toolchain/13_3_Rel1/bin/../lib/gcc/arm-none-eabi/13.3.1/thumb/v6-m/nofp/crti.o
LOAD C:/Users/25sal/.pico-sdk/toolchain/13_3_Rel1/bin/../lib/gcc/arm-none-eabi/13.3.1/thumb/v6-m/nofp/crtbegin.o
LOAD C:/Users/25sal/.pico-sdk/toolchain/13_3_Rel1/bin/../lib/gcc/arm-none-eabi/13.3.1/thumb/v6-m/nofp/crt0.o

.flash_begin    0x10000000        0x0
                0x10000000                        __flash_binary_start = .

.boot2          0x10000000      0x100
                0x10000000                        __boot2_start__ = .
 *(.boot2)
 .boot2         0x10000000      0x100 pico-sdk/src/rp2040/boot_stage2/CMakeFiles/bs2_default_library.dir/./bs2_default_padded_checksummed.S.obj
                0x10000100                        __boot2_end__ = .
                0x00000001                        ASSERT (((__boot2_end__ - __boot2_start__) == 0x100), ERROR: Pico second stage bootloader must be 256 bytes in size)

.text           0x10000100     0xb180
                0x10000100                        __logical_binary_start = .
 *(.vectors)
 .vectors       0x10000100       0xd4 src/CMakeFiles/homecontrol.dir/C_/Users/25sal/.pico-sdk/sdk/2.1.0/src/rp2_common/pico_crt0/crt0.S.obj
                0x10000100                __VECTOR_TABLE
                0x10000100                __vectors
                0x100001c0                isr_invalid
                0x100001c0                __default_isrs_start
                0x100001c2                isr_nmi
                0x100001c4                isr_hardfault
                0x100001c6                isr_svcall
                0x100001c8                isr_pendsv
                0x100001ca                isr_systick
                0x100001cc                isr_irq23
                0x100001cc                isr_irq18
                0x100001cc                isr_irq11
                0x100001cc                isr_irq28
                0x100001cc                isr_irq19
                0x100001cc                isr_irq0
                0x100001cc                isr_irq6
                0x100001cc                isr_irq5
                0x100001cc                isr_irq12
                0x100001cc                isr_irq22
                0x100001cc                isr_irq31
                0x100001cc                isr_irq17
                0x100001cc                isr_irq27
                0x100001cc                isr_irq30
                0x100001cc                isr_irq2
                0x100001cc                isr_irq10
                0x100001cc                isr_irq8
                0x100001cc                isr_irq24
                0x100001cc                isr_irq1
                0x100001cc                isr_irq7
                0x100001cc                isr_irq21
                0x100001cc                isr_irq20
                0x100001cc                isr_irq15
                0x100001cc                isr_irq25
                0x100001cc                isr_irq13
                0x100001cc                __unhandled_user_irq
                0x100001cc                isr_irq4
                0x100001cc                isr_irq16
                0x100001cc                isr_irq29
                0x100001cc                isr_irq26
                0x100001cc                __default_isrs_end
                0x100001cc                isr_irq3
                0x100001cc                isr_irq14
                0x100001cc                isr_irq9
                0x100001d2                unhandled_user_irq_num_in_r0
 *(.binary_info_header)
 .binary_info_header
                0x100001d4       0x14 src/CMakeFiles/homecontrol.dir/C_/Users/25sal/.pico-sdk/sdk/2.1.0/src/rp2_common/pico_crt0/crt0.S.obj
                0x100001e8                        __binary_info_header_end = .
 *(.embedded_block)
                0x100001e8                        __embedded_block_end = .
 *(.reset)
 .reset         0x100001e8       0x9c src/CMakeFiles/homecontrol.dir/C_/Users/25sal/.pico-sdk/sdk/2.1.0/src/rp2_common/pico_crt0/crt0.S.obj
                0x100001e8                _entry_point
 *(.init)
 .init          0x10000284        0x4 C:/Users/25sal/.pico-sdk/toolchain/13_3_Rel1/bin/../lib/gcc/arm-none-eabi/13.3.1/thumb/v6-m/nofp/crti.o
                0x10000284                _init
 *(EXCLUDE_FILE(*libm.a: *libc.a:*lib_a-mem*.o *libgcc.a:) .text*)
 .text.register_tm_clones
                0x10000288       0x28 C:/Users/25sal/.pico-sdk/toolchain/13_3_Rel1/bin/../lib/gcc/arm-none-eabi/13.3.1/thumb/v6-m/nofp/crtbegin.o
 .text.frame_dummy
                0x100002b0       0x24 C:/Users/25sal/.pico-sdk/toolchain/13_3_Rel1/bin/../lib/gcc/arm-none-eabi/13.3.1/thumb/v6-m/nofp/crtbegin.o
 .text.startup.main
                0x100002d4       0xb4 src/CMakeFiles/homecontrol.dir/main.c.obj
                0x100002d4                main
 .text.ssd1306_draw_char_with_font.part.0
                0x10000388      0x160 src/CMakeFiles/homecontrol.dir/ssd1306.c.obj
 .text.ssd1306_init
                0x100004e8      0x144 src/CMakeFiles/homecontrol.dir/ssd1306.c.obj
                0x100004e8                ssd1306_init
 .text.ssd1306_clear
                0x1000062c       0x10 src/CMakeFiles/homecontrol.dir/ssd1306.c.obj
                0x1000062c                ssd1306_clear
 .text.ssd1306_draw_string
                0x1000063c       0x68 src/CMakeFiles/homecontrol.dir/ssd1306.c.obj
                0x1000063c                ssd1306_draw_string
 .text.ssd1306_show
                0x100006a4       0xd0 src/CMakeFiles/homecontrol.dir/ssd1306.c.obj
                0x100006a4                ssd1306_show
 .text.limpeza_dados_entrada.part.0
                0x10000774       0xac src/CMakeFiles/homecontrol.dir/functions.c.obj
 .text.task_exibir_infos_OLED
                0x10000820      0x254 src/CMakeFiles/homecontrol.dir/functions.c.obj
                0x10000820                task_exibir_infos_OLED
 .text.task_uart_transmitir
                0x10000a74       0xd4 src/CMakeFiles/homecontrol.dir/functions.c.obj
                0x10000a74                task_uart_transmitir
 .text.task_ler_sensores
                0x10000b48      0x33c src/CMakeFiles/homecontrol.dir/functions.c.obj
                0x10000b48                task_ler_sensores
 .text.limpar_m_json_char
                0x10000e84       0x1c src/CMakeFiles/homecontrol.dir/functions.c.obj
                0x10000e84                limpar_m_json_char
 .text.limpar_m_json_int
                0x10000ea0       0x1c src/CMakeFiles/homecontrol.dir/functions.c.obj
                0x10000ea0                limpar_m_json_int
 .text.verificar_porta_acao_especifica
                0x10000ebc      0x158 src/CMakeFiles/homecontrol.dir/functions.c.obj
                0x10000ebc                verificar_porta_acao_especifica
 .text.verificar_dado_em_json_especifico
                0x10001014       0xe0 src/CMakeFiles/homecontrol.dir/functions.c.obj
                0x10001014                verificar_dado_em_json_especifico
 .text.setup_init_i2c1
                0x100010f4       0x64 src/CMakeFiles/homecontrol.dir/functions.c.obj
                0x100010f4                setup_init_i2c1
 .text.setup_init_uart_custom
                0x10001158       0x38 src/CMakeFiles/homecontrol.dir/functions.c.obj
                0x10001158                setup_init_uart_custom
 .text.bh1750_init
                0x10001190       0x74 src/CMakeFiles/homecontrol.dir/functions.c.obj
                0x10001190                bh1750_init
 .text.vl53l0x_init
                0x10001204       0xf4 src/CMakeFiles/homecontrol.dir/functions.c.obj
                0x10001204                vl53l0x_init
 .text.setup_init_i2c0
                0x100012f8       0x6c src/CMakeFiles/homecontrol.dir/functions.c.obj
                0x100012f8                setup_init_i2c0
 .text.montagem_estrutura_de_envio
                0x10001364      0x1f4 src/CMakeFiles/homecontrol.dir/functions.c.obj
                0x10001364                montagem_estrutura_de_envio
 .text.retorno_requisicao_json
                0x10001558       0xcc src/CMakeFiles/homecontrol.dir/functions.c.obj
                0x10001558                retorno_requisicao_json
 .text.task_leitura_serial_receiver
                0x10001624      0x2e0 src/CMakeFiles/homecontrol.dir/functions.c.obj
                0x10001624                task_leitura_serial_receiver
 .text.gpio_set_function
                0x10001904       0x34 src/CMakeFiles/homecontrol.dir/C_/Users/25sal/.pico-sdk/sdk/2.1.0/src/rp2_common/hardware_gpio/gpio.c.obj
                0x10001904                gpio_set_function
 .text.gpio_set_pulls
                0x10001938       0x28 src/CMakeFiles/homecontrol.dir/C_/Users/25sal/.pico-sdk/sdk/2.1.0/src/rp2_common/hardware_gpio/gpio.c.obj
                0x10001938                gpio_set_pulls
 .text.gpio_init
                0x10001960       0x40 src/CMakeFiles/homecontrol.dir/C_/Users/25sal/.pico-sdk/sdk/2.1.0/src/rp2_common/hardware_gpio/gpio.c.obj
                0x10001960                gpio_init
 .text.rp2040_chip_version
                0x100019a0        0xc src/CMakeFiles/homecontrol.dir/C_/Users/25sal/.pico-sdk/sdk/2.1.0/src/rp2040/pico_platform/platform.c.obj
                0x100019a0                rp2040_chip_version
 .text.panic    0x100019ac       0x30 src/CMakeFiles/homecontrol.dir/C_/Users/25sal/.pico-sdk/sdk/2.1.0/src/rp2_common/pico_platform_panic/panic.c.obj
                0x100019ac                panic
 .text.panic_unsupported
                0x100019dc        0xc src/CMakeFiles/homecontrol.dir/C_/Users/25sal/.pico-sdk/sdk/2.1.0/src/rp2_common/pico_platform_panic/panic.c.obj
                0x100019dc                panic_unsupported
 .text.hw_claim_or_assert
                0x100019e8       0x44 src/CMakeFiles/homecontrol.dir/C_/Users/25sal/.pico-sdk/sdk/2.1.0/src/common/hardware_claim/claim.c.obj
                0x100019e8                hw_claim_or_assert
 .text.hw_claim_unused_from_range
                0x10001a2c       0x9c src/CMakeFiles/homecontrol.dir/C_/Users/25sal/.pico-sdk/sdk/2.1.0/src/common/hardware_claim/claim.c.obj
                0x10001a2c                hw_claim_unused_from_range
 .text.next_striped_spin_lock_num
                0x10001ac8       0x18 src/CMakeFiles/homecontrol.dir/C_/Users/25sal/.pico-sdk/sdk/2.1.0/src/rp2_common/hardware_sync/sync.c.obj
                0x10001ac8                next_striped_spin_lock_num
 .text.spin_lock_claim_unused
                0x10001ae0       0x24 src/CMakeFiles/homecontrol.dir/C_/Users/25sal/.pico-sdk/sdk/2.1.0/src/rp2_common/hardware_sync/sync.c.obj
                0x10001ae0                spin_lock_claim_unused
 .text.spin_locks_reset
                0x10001b04       0x1c src/CMakeFiles/homecontrol.dir/C_/Users/25sal/.pico-sdk/sdk/2.1.0/src/rp2_common/hardware_sync_spin_lock/sync_spin_lock.c.obj
                0x10001b04                spin_locks_reset
 .text.runtime_init_per_core_irq_priorities
                0x10001b20       0x24 src/CMakeFiles/homecontrol.dir/C_/Users/25sal/.pico-sdk/sdk/2.1.0/src/rp2_common/hardware_irq/irq.c.obj
                0x10001b20                runtime_init_per_core_irq_priorities
 .text.irq_set_enabled
                0x10001b44       0x24 src/CMakeFiles/homecontrol.dir/C_/Users/25sal/.pico-sdk/sdk/2.1.0/src/rp2_common/hardware_irq/irq.c.obj
                0x10001b44                irq_set_enabled
 .text.irq_is_enabled
                0x10001b68       0x18 src/CMakeFiles/homecontrol.dir/C_/Users/25sal/.pico-sdk/sdk/2.1.0/src/rp2_common/hardware_irq/irq.c.obj
                0x10001b68                irq_is_enabled
 .text.irq_set_pending
                0x10001b80       0x10 src/CMakeFiles/homecontrol.dir/C_/Users/25sal/.pico-sdk/sdk/2.1.0/src/rp2_common/hardware_irq/irq.c.obj
                0x10001b80                irq_set_pending
 .text.irq_has_shared_handler
                0x10001b90       0x2c src/CMakeFiles/homecontrol.dir/C_/Users/25sal/.pico-sdk/sdk/2.1.0/src/rp2_common/hardware_irq/irq.c.obj
                0x10001b90                irq_has_shared_handler
 .text.irq_set_exclusive_handler
                0x10001bbc       0x54 src/CMakeFiles/homecontrol.dir/C_/Users/25sal/.pico-sdk/sdk/2.1.0/src/rp2_common/hardware_irq/irq.c.obj
                0x10001bbc                irq_set_exclusive_handler
 .text.irq_add_shared_handler
                0x10001c10      0x1f4 src/CMakeFiles/homecontrol.dir/C_/Users/25sal/.pico-sdk/sdk/2.1.0/src/rp2_common/hardware_irq/irq.c.obj
                0x10001c10                irq_add_shared_handler
 .text.irq_set_priority
                0x10001e04       0x28 src/CMakeFiles/homecontrol.dir/C_/Users/25sal/.pico-sdk/sdk/2.1.0/src/rp2_common/hardware_irq/irq.c.obj
                0x10001e04                irq_set_priority
 .text.irq_add_tail_to_free_list
                0x10001e2c       0xb4 src/CMakeFiles/homecontrol.dir/C_/Users/25sal/.pico-sdk/sdk/2.1.0/src/rp2_common/hardware_irq/irq.c.obj
                0x10001e2c                irq_add_tail_to_free_list
 .text.user_irq_claim_unused
                0x10001ee0       0x2c src/CMakeFiles/homecontrol.dir/C_/Users/25sal/.pico-sdk/sdk/2.1.0/src/rp2_common/hardware_irq/irq.c.obj
                0x10001ee0                user_irq_claim_unused
 .text.lock_init
                0x10001f0c       0x10 src/CMakeFiles/homecontrol.dir/C_/Users/25sal/.pico-sdk/sdk/2.1.0/src/common/pico_sync/lock_core.c.obj
                0x10001f0c                lock_init
 .text.runtime_init_mutex
                0x10001f1c       0x54 src/CMakeFiles/homecontrol.dir/C_/Users/25sal/.pico-sdk/sdk/2.1.0/src/common/pico_sync/mutex.c.obj
                0x10001f1c                runtime_init_mutex
 .text.mutex_init
                0x10001f70       0x1c src/CMakeFiles/homecontrol.dir/C_/Users/25sal/.pico-sdk/sdk/2.1.0/src/common/pico_sync/mutex.c.obj
                0x10001f70                mutex_init
 .text.critical_section_init
                0x10001f8c       0x1c src/CMakeFiles/homecontrol.dir/C_/Users/25sal/.pico-sdk/sdk/2.1.0/src/common/pico_sync/critical_section.c.obj
                0x10001f8c                critical_section_init
 .text.critical_section_init_with_lock_num
                0x10001fa8       0x14 src/CMakeFiles/homecontrol.dir/C_/Users/25sal/.pico-sdk/sdk/2.1.0/src/common/pico_sync/critical_section.c.obj
                0x10001fa8                critical_section_init_with_lock_num
 .text.alarm_pool_irq_handler
                0x10001fbc      0x2fc src/CMakeFiles/homecontrol.dir/C_/Users/25sal/.pico-sdk/sdk/2.1.0/src/common/pico_time/time.c.obj
 .text.sleep_until_callback
                0x100022b8       0x24 src/CMakeFiles/homecontrol.dir/C_/Users/25sal/.pico-sdk/sdk/2.1.0/src/common/pico_time/time.c.obj
 .text.runtime_init_default_alarm_pool
                0x100022dc       0xdc src/CMakeFiles/homecontrol.dir/C_/Users/25sal/.pico-sdk/sdk/2.1.0/src/common/pico_time/time.c.obj
                0x100022dc                runtime_init_default_alarm_pool
 .text.alarm_pool_get_default
                0x100023b8        0x8 src/CMakeFiles/homecontrol.dir/C_/Users/25sal/.pico-sdk/sdk/2.1.0/src/common/pico_time/time.c.obj
                0x100023b8                alarm_pool_get_default
 .text.alarm_pool_add_alarm_at
                0x100023c0       0xd4 src/CMakeFiles/homecontrol.dir/C_/Users/25sal/.pico-sdk/sdk/2.1.0/src/common/pico_time/time.c.obj
                0x100023c0                alarm_pool_add_alarm_at
 .text.alarm_pool_add_alarm_at_force_in_context
                0x10002494       0xb0 src/CMakeFiles/homecontrol.dir/C_/Users/25sal/.pico-sdk/sdk/2.1.0/src/common/pico_time/time.c.obj
                0x10002494                alarm_pool_add_alarm_at_force_in_context
 .text.alarm_pool_cancel_alarm
                0x10002544       0x74 src/CMakeFiles/homecontrol.dir/C_/Users/25sal/.pico-sdk/sdk/2.1.0/src/common/pico_time/time.c.obj
                0x10002544                alarm_pool_cancel_alarm
 .text.alarm_pool_core_num
                0x100025b8        0x4 src/CMakeFiles/homecontrol.dir/C_/Users/25sal/.pico-sdk/sdk/2.1.0/src/common/pico_time/time.c.obj
                0x100025b8                alarm_pool_core_num
 .text.sleep_until
                0x100025bc       0xcc src/CMakeFiles/homecontrol.dir/C_/Users/25sal/.pico-sdk/sdk/2.1.0/src/common/pico_time/time.c.obj
                0x100025bc                sleep_until
 .text.sleep_ms
                0x10002688       0x38 src/CMakeFiles/homecontrol.dir/C_/Users/25sal/.pico-sdk/sdk/2.1.0/src/common/pico_time/time.c.obj
                0x10002688                sleep_ms
 .text.best_effort_wfe_or_timeout
                0x100026c0       0xe0 src/CMakeFiles/homecontrol.dir/C_/Users/25sal/.pico-sdk/sdk/2.1.0/src/common/pico_time/time.c.obj
                0x100026c0                best_effort_wfe_or_timeout
 .text.timer_hardware_alarm_claim
                0x100027a0       0x14 src/CMakeFiles/homecontrol.dir/C_/Users/25sal/.pico-sdk/sdk/2.1.0/src/rp2_common/hardware_timer/timer.c.obj
                0x100027a0                timer_hardware_alarm_claim
 .text.timer_time_us_64
                0x100027b4       0x10 src/CMakeFiles/homecontrol.dir/C_/Users/25sal/.pico-sdk/sdk/2.1.0/src/rp2_common/hardware_timer/timer.c.obj
                0x100027b4                timer_time_us_64
 .text.time_us_64
                0x100027c4       0x14 src/CMakeFiles/homecontrol.dir/C_/Users/25sal/.pico-sdk/sdk/2.1.0/src/rp2_common/hardware_timer/timer.c.obj
                0x100027c4                time_us_64
 .text.busy_wait_us
                0x100027d8       0x68 src/CMakeFiles/homecontrol.dir/C_/Users/25sal/.pico-sdk/sdk/2.1.0/src/rp2_common/hardware_timer/timer.c.obj
                0x100027d8                busy_wait_us
 .text.busy_wait_until
                0x10002840       0x20 src/CMakeFiles/homecontrol.dir/C_/Users/25sal/.pico-sdk/sdk/2.1.0/src/rp2_common/hardware_timer/timer.c.obj
                0x10002840                busy_wait_until
 .text.uart_init
                0x10002860      0x120 src/CMakeFiles/homecontrol.dir/C_/Users/25sal/.pico-sdk/sdk/2.1.0/src/rp2_common/hardware_uart/uart.c.obj
                0x10002860                uart_init
 .text.uart_set_format
                0x10002980       0x78 src/CMakeFiles/homecontrol.dir/C_/Users/25sal/.pico-sdk/sdk/2.1.0/src/rp2_common/hardware_uart/uart.c.obj
                0x10002980                uart_set_format
 .text.uart_set_fifo_enabled
                0x100029f8       0x5c src/CMakeFiles/homecontrol.dir/C_/Users/25sal/.pico-sdk/sdk/2.1.0/src/rp2_common/hardware_uart/uart.c.obj
                0x100029f8                uart_set_fifo_enabled
 .text.clock_configure_int_divider
                0x10002a54       0xf4 src/CMakeFiles/homecontrol.dir/C_/Users/25sal/.pico-sdk/sdk/2.1.0/src/rp2_common/hardware_clocks/clocks.c.obj
                0x10002a54                clock_configure_int_divider
 .text.clock_configure_undivided
                0x10002b48       0xe8 src/CMakeFiles/homecontrol.dir/C_/Users/25sal/.pico-sdk/sdk/2.1.0/src/rp2_common/hardware_clocks/clocks.c.obj
                0x10002b48                clock_configure_undivided
 .text.clock_get_hz
                0x10002c30        0xc src/CMakeFiles/homecontrol.dir/C_/Users/25sal/.pico-sdk/sdk/2.1.0/src/rp2_common/hardware_clocks/clocks.c.obj
                0x10002c30                clock_get_hz
 .text.pll_init
                0x10002c3c       0xa4 src/CMakeFiles/homecontrol.dir/C_/Users/25sal/.pico-sdk/sdk/2.1.0/src/rp2_common/hardware_pll/pll.c.obj
                0x10002c3c                pll_init
 .text.watchdog_reboot
                0x10002ce0       0x9c src/CMakeFiles/homecontrol.dir/C_/Users/25sal/.pico-sdk/sdk/2.1.0/src/rp2_common/hardware_watchdog/watchdog.c.obj
                0x10002ce0                watchdog_reboot
 .text.tick_start
                0x10002d7c       0x10 src/CMakeFiles/homecontrol.dir/C_/Users/25sal/.pico-sdk/sdk/2.1.0/src/rp2_common/hardware_ticks/ticks.c.obj
                0x10002d7c                tick_start
 .text.rom_func_lookup
                0x10002d8c       0x10 src/CMakeFiles/homecontrol.dir/C_/Users/25sal/.pico-sdk/sdk/2.1.0/src/rp2_common/pico_bootrom/bootrom.c.obj
                0x10002d8c                rom_func_lookup
 .text.rom_data_lookup
                0x10002d9c       0x10 src/CMakeFiles/homecontrol.dir/C_/Users/25sal/.pico-sdk/sdk/2.1.0/src/rp2_common/pico_bootrom/bootrom.c.obj
                0x10002d9c                rom_data_lookup
 .text.rom_funcs_lookup
                0x10002dac       0x44 src/CMakeFiles/homecontrol.dir/C_/Users/25sal/.pico-sdk/sdk/2.1.0/src/rp2_common/pico_bootrom/bootrom.c.obj
                0x10002dac                rom_funcs_lookup
 .text.rom_reset_usb_boot_extra
                0x10002df0       0x28 src/CMakeFiles/homecontrol.dir/C_/Users/25sal/.pico-sdk/sdk/2.1.0/src/rp2_common/pico_bootrom/bootrom.c.obj
                0x10002df0                rom_reset_usb_boot_extra
 .text.xosc_init
                0x10002e18       0x28 src/CMakeFiles/homecontrol.dir/C_/Users/25sal/.pico-sdk/sdk/2.1.0/src/rp2_common/hardware_xosc/xosc.c.obj
                0x10002e18                xosc_init
 .text.first_per_core_initializer
                0x10002e40        0x4 src/CMakeFiles/homecontrol.dir/C_/Users/25sal/.pico-sdk/sdk/2.1.0/src/rp2_common/pico_runtime/runtime.c.obj
 .text.hard_assertion_failure
                0x10002e44        0xc src/CMakeFiles/homecontrol.dir/C_/Users/25sal/.pico-sdk/sdk/2.1.0/src/rp2_common/pico_runtime/runtime.c.obj
                0x10002e44                hard_assertion_failure
 .text.runtime_run_initializers
                0x10002e50       0x28 src/CMakeFiles/homecontrol.dir/C_/Users/25sal/.pico-sdk/sdk/2.1.0/src/rp2_common/pico_runtime/runtime.c.obj
                0x10002e50                runtime_run_initializers
 .text.runtime_init_early_resets
                0x10002e78       0x2c src/CMakeFiles/homecontrol.dir/C_/Users/25sal/.pico-sdk/sdk/2.1.0/src/rp2_common/pico_runtime_init/runtime_init.c.obj
                0x10002e78                runtime_init_early_resets
 .text.runtime_init_usb_power_down
                0x10002ea4       0x1c src/CMakeFiles/homecontrol.dir/C_/Users/25sal/.pico-sdk/sdk/2.1.0/src/rp2_common/pico_runtime_init/runtime_init.c.obj
                0x10002ea4                runtime_init_usb_power_down
 .text.runtime_init_post_clock_resets
                0x10002ec0       0x20 src/CMakeFiles/homecontrol.dir/C_/Users/25sal/.pico-sdk/sdk/2.1.0/src/rp2_common/pico_runtime_init/runtime_init.c.obj
                0x10002ec0                runtime_init_post_clock_resets
 .text.runtime_init_rp2040_gpio_ie_disable
                0x10002ee0       0x14 src/CMakeFiles/homecontrol.dir/C_/Users/25sal/.pico-sdk/sdk/2.1.0/src/rp2_common/pico_runtime_init/runtime_init.c.obj
                0x10002ee0                runtime_init_rp2040_gpio_ie_disable
 .text.runtime_init_spin_locks_reset
                0x10002ef4        0x8 src/CMakeFiles/homecontrol.dir/C_/Users/25sal/.pico-sdk/sdk/2.1.0/src/rp2_common/pico_runtime_init/runtime_init.c.obj
                0x10002ef4                runtime_init_spin_locks_reset
 .text.runtime_init_install_ram_vector_table
                0x10002efc       0x1c src/CMakeFiles/homecontrol.dir/C_/Users/25sal/.pico-sdk/sdk/2.1.0/src/rp2_common/pico_runtime_init/runtime_init.c.obj
                0x10002efc                runtime_init_install_ram_vector_table
 .text.runtime_init_clocks
                0x10002f18       0xd8 src/CMakeFiles/homecontrol.dir/C_/Users/25sal/.pico-sdk/sdk/2.1.0/src/rp2_common/pico_runtime_init/runtime_init_clocks.c.obj
                0x10002f18                runtime_init_clocks
 .text          0x10002ff0       0x10 src/CMakeFiles/homecontrol.dir/C_/Users/25sal/.pico-sdk/sdk/2.1.0/src/rp2_common/pico_bit_ops/bit_ops_aeabi.S.obj
 .text.__wrap___aeabi_idiv
                0x10003000       0x50 src/CMakeFiles/homecontrol.dir/C_/Users/25sal/.pico-sdk/sdk/2.1.0/src/rp2_common/pico_divider/divider_hardware.S.obj
                0x10003000                __wrap___aeabi_idivmod
                0x10003000                divmod_s32s32
                0x10003000                div_s32s32
                0x10003000                __wrap___aeabi_idiv
                0x10003008                divmod_s32s32_unsafe
                0x10003034                divmod_s32s32_savestate
 .text.__wrap___aeabi_uidiv
                0x10003050       0x4c src/CMakeFiles/homecontrol.dir/C_/Users/25sal/.pico-sdk/sdk/2.1.0/src/rp2_common/pico_divider/divider_hardware.S.obj
                0x10003050                __wrap___aeabi_uidiv
                0x10003050                __wrap___aeabi_uidivmod
                0x10003050                div_u32u32
                0x10003050                divmod_u32u32
                0x10003058                divmod_u32u32_unsafe
                0x10003080                divmod_u32u32_savestate
 .text.__wrap___aeabi_ldiv
                0x1000309c      0x424 src/CMakeFiles/homecontrol.dir/C_/Users/25sal/.pico-sdk/sdk/2.1.0/src/rp2_common/pico_divider/divider_hardware.S.obj
                0x1000309c                div_s64s64
                0x1000309c                divmod_s64s64
                0x1000309c                __wrap___aeabi_ldivmod
                0x100030cc                divmod_u64u64
                0x100030cc                div_u64u64
                0x100030cc                __wrap___aeabi_uldivmod
                0x100030dc                divmod_u64u64_savestate
                0x100030fc                divmod_s64s64_unsafe
                0x10003184                divmod_u64u64_unsafe
 .text.__wrap___aeabi_darithmetic
                0x100034c0       0x60 src/CMakeFiles/homecontrol.dir/C_/Users/25sal/.pico-sdk/sdk/2.1.0/src/rp2_common/pico_double/double_aeabi_rp2040.S.obj
                0x100034c0                __wrap___aeabi_drsub
                0x100034c6                __wrap___aeabi_dsub
                0x100034d0                __wrap___aeabi_dadd
                0x100034da                __wrap___aeabi_ddiv
                0x1000350e                __wrap___aeabi_dmul
 .text.__wrap___aeabi_cdcmple
                0x10003520       0x6c src/CMakeFiles/homecontrol.dir/C_/Users/25sal/.pico-sdk/sdk/2.1.0/src/rp2_common/pico_double/double_aeabi_rp2040.S.obj
                0x10003520                __wrap___aeabi_cdrcmple
                0x10003530                __wrap___aeabi_cdcmpeq
                0x10003530                __wrap___aeabi_cdcmple
 .text.__wrap___aeabi_dcmplt
                0x1000358c        0xc src/CMakeFiles/homecontrol.dir/C_/Users/25sal/.pico-sdk/sdk/2.1.0/src/rp2_common/pico_double/double_aeabi_rp2040.S.obj
                0x1000358c                __wrap___aeabi_dcmplt
 .text.__wrap___aeabi_dcmpge
                0x10003598       0x10 src/CMakeFiles/homecontrol.dir/C_/Users/25sal/.pico-sdk/sdk/2.1.0/src/rp2_common/pico_double/double_aeabi_rp2040.S.obj
                0x10003598                __wrap___aeabi_dcmpge
 .text.__wrap___aeabi_dcmpgt
                0x100035a8        0xa src/CMakeFiles/homecontrol.dir/C_/Users/25sal/.pico-sdk/sdk/2.1.0/src/rp2_common/pico_double/double_aeabi_rp2040.S.obj
                0x100035a8                __wrap___aeabi_dcmpgt
 .text.__wrap___aeabi_dcmpun
                0x100035b2       0x18 src/CMakeFiles/homecontrol.dir/C_/Users/25sal/.pico-sdk/sdk/2.1.0/src/rp2_common/pico_double/double_aeabi_rp2040.S.obj
                0x100035b2                __wrap___aeabi_dcmpun
 *fill*         0x100035ca        0x2 
 .text.__wrap___aeabi_i2d
                0x100035cc       0x38 src/CMakeFiles/homecontrol.dir/C_/Users/25sal/.pico-sdk/sdk/2.1.0/src/rp2_common/pico_double/double_aeabi_rp2040.S.obj
                0x100035cc                __wrap___aeabi_ui2d
                0x100035d4                __wrap___aeabi_i2d
 .text.__wrap___aeabi_d2iz
                0x10003604       0x48 src/CMakeFiles/homecontrol.dir/C_/Users/25sal/.pico-sdk/sdk/2.1.0/src/rp2_common/pico_double/double_aeabi_rp2040.S.obj
                0x10003604                double2int_z
                0x10003604                __wrap___aeabi_d2iz
 .text.__wrap___aeabi_d2uiz
                0x1000364c       0x10 src/CMakeFiles/homecontrol.dir/C_/Users/25sal/.pico-sdk/sdk/2.1.0/src/rp2_common/pico_double/double_aeabi_rp2040.S.obj
                0x1000364c                __wrap___aeabi_d2uiz
                0x1000364c                double2uint
 .text.missing_double_func_shim
                0x1000365c        0xc src/CMakeFiles/homecontrol.dir/C_/Users/25sal/.pico-sdk/sdk/2.1.0/src/rp2_common/pico_double/double_init_rom_rp2040.c.obj
 .text.__aeabi_double_init
                0x10003668       0xa0 src/CMakeFiles/homecontrol.dir/C_/Users/25sal/.pico-sdk/sdk/2.1.0/src/rp2_common/pico_double/double_init_rom_rp2040.c.obj
                0x10003668                __aeabi_double_init
 .text.double_table_shim_on_use_helper
                0x10003708       0x2c src/CMakeFiles/homecontrol.dir/C_/Users/25sal/.pico-sdk/sdk/2.1.0/src/rp2_common/pico_double/double_v1_rom_shim_rp2040.S.obj
                0x10003708                double_table_shim_on_use_helper
 .text.__aeabi_lmul
                0x10003734       0x32 src/CMakeFiles/homecontrol.dir/C_/Users/25sal/.pico-sdk/sdk/2.1.0/src/rp2_common/pico_int64_ops/pico_int64_ops_aeabi.S.obj
                0x10003734                __wrap___aeabi_lmul
 *fill*         0x10003766        0x2 
 .text.__wrap___aeabi_farithmetic
                0x10003768       0x48 src/CMakeFiles/homecontrol.dir/C_/Users/25sal/.pico-sdk/sdk/2.1.0/src/rp2_common/pico_float/float_aeabi_rp2040.S.obj
                0x10003768                __wrap___aeabi_frsub
                0x1000376e                __wrap___aeabi_fsub
                0x10003774                __wrap___aeabi_fadd
                0x1000377a                __wrap___aeabi_fdiv
                0x100037a2                __wrap___aeabi_fmul
 .text.__wrap___aeabi_cfcmple
                0x100037b0       0x50 src/CMakeFiles/homecontrol.dir/C_/Users/25sal/.pico-sdk/sdk/2.1.0/src/rp2_common/pico_float/float_aeabi_rp2040.S.obj
                0x100037b0                __wrap___aeabi_cfrcmple
                0x100037bc                __wrap___aeabi_cfcmple
                0x100037bc                __wrap___aeabi_cfcmpeq
 .text.__wrap___aeabi_fcmpgt
                0x10003800        0xa src/CMakeFiles/homecontrol.dir/C_/Users/25sal/.pico-sdk/sdk/2.1.0/src/rp2_common/pico_float/float_aeabi_rp2040.S.obj
                0x10003800                __wrap___aeabi_fcmpgt
 .text.__wrap___aeabi_ui2f
                0x1000380a        0xa src/CMakeFiles/homecontrol.dir/C_/Users/25sal/.pico-sdk/sdk/2.1.0/src/rp2_common/pico_float/float_aeabi_rp2040.S.obj
                0x1000380a                __wrap___aeabi_ui2f
                0x1000380a                uint2float
 .text.__wrap___aeabi_i2f
                0x10003814       0x44 src/CMakeFiles/homecontrol.dir/C_/Users/25sal/.pico-sdk/sdk/2.1.0/src/rp2_common/pico_float/float_aeabi_rp2040.S.obj
                0x10003814                __wrap___aeabi_i2f
                0x10003814                int2float
 .text.__wrap___aeabi_f2d
                0x10003858        0xc src/CMakeFiles/homecontrol.dir/C_/Users/25sal/.pico-sdk/sdk/2.1.0/src/rp2_common/pico_float/float_aeabi_rp2040.S.obj
                0x10003858                __wrap___aeabi_f2d
 .text.missing_float_func_shim
                0x10003864        0xc src/CMakeFiles/homecontrol.dir/C_/Users/25sal/.pico-sdk/sdk/2.1.0/src/rp2_common/pico_float/float_init_rom_rp2040.c.obj
 .text.__aeabi_float_init
                0x10003870       0x5c src/CMakeFiles/homecontrol.dir/C_/Users/25sal/.pico-sdk/sdk/2.1.0/src/rp2_common/pico_float/float_init_rom_rp2040.c.obj
                0x10003870                __aeabi_float_init
 .text.__wrap_malloc
                0x100038cc       0x3c src/CMakeFiles/homecontrol.dir/C_/Users/25sal/.pico-sdk/sdk/2.1.0/src/rp2_common/pico_malloc/malloc.c.obj
                0x100038cc                __wrap_malloc
 .text          0x10003908       0x10 src/CMakeFiles/homecontrol.dir/C_/Users/25sal/.pico-sdk/sdk/2.1.0/src/rp2_common/pico_mem_ops/mem_ops_aeabi.S.obj
                0x10003908                __aeabi_mem_init
 .text.memset   0x10003918        0xc src/CMakeFiles/homecontrol.dir/C_/Users/25sal/.pico-sdk/sdk/2.1.0/src/rp2_common/pico_mem_ops/mem_ops_aeabi.S.obj
                0x10003918                __wrap_memset
 .text.memcpy   0x10003924        0xc src/CMakeFiles/homecontrol.dir/C_/Users/25sal/.pico-sdk/sdk/2.1.0/src/rp2_common/pico_mem_ops/mem_ops_aeabi.S.obj
                0x10003924                __wrap_memcpy
                0x10003924                __wrap___aeabi_memcpy
 .text._out_buffer
                0x10003930        0x8 src/CMakeFiles/homecontrol.dir/C_/Users/25sal/.pico-sdk/sdk/2.1.0/src/rp2_common/pico_printf/printf.c.obj
 .text._out_null
                0x10003938        0x4 src/CMakeFiles/homecontrol.dir/C_/Users/25sal/.pico-sdk/sdk/2.1.0/src/rp2_common/pico_printf/printf.c.obj
 .text._out_rev
                0x1000393c       0xac src/CMakeFiles/homecontrol.dir/C_/Users/25sal/.pico-sdk/sdk/2.1.0/src/rp2_common/pico_printf/printf.c.obj
 .text._ntoa_format
                0x100039e8      0x250 src/CMakeFiles/homecontrol.dir/C_/Users/25sal/.pico-sdk/sdk/2.1.0/src/rp2_common/pico_printf/printf.c.obj
 .text._out_char
                0x10003c38       0x10 src/CMakeFiles/homecontrol.dir/C_/Users/25sal/.pico-sdk/sdk/2.1.0/src/rp2_common/pico_printf/printf.c.obj
 .text._out_fct
                0x10003c48       0x10 src/CMakeFiles/homecontrol.dir/C_/Users/25sal/.pico-sdk/sdk/2.1.0/src/rp2_common/pico_printf/printf.c.obj
 .text._etoa    0x10003c58      0x464 src/CMakeFiles/homecontrol.dir/C_/Users/25sal/.pico-sdk/sdk/2.1.0/src/rp2_common/pico_printf/printf.c.obj
 .text._ftoa    0x100040bc      0x3c0 src/CMakeFiles/homecontrol.dir/C_/Users/25sal/.pico-sdk/sdk/2.1.0/src/rp2_common/pico_printf/printf.c.obj
 .text._vsnprintf
                0x1000447c      0xbc8 src/CMakeFiles/homecontrol.dir/C_/Users/25sal/.pico-sdk/sdk/2.1.0/src/rp2_common/pico_printf/printf.c.obj
 .text.__wrap_snprintf
                0x10005044       0x28 src/CMakeFiles/homecontrol.dir/C_/Users/25sal/.pico-sdk/sdk/2.1.0/src/rp2_common/pico_printf/printf.c.obj
                0x10005044                __wrap_snprintf
 .text.vfctprintf
                0x1000506c       0x20 src/CMakeFiles/homecontrol.dir/C_/Users/25sal/.pico-sdk/sdk/2.1.0/src/rp2_common/pico_printf/printf.c.obj
                0x1000506c                vfctprintf
 .text.weak_raw_vprintf
                0x1000508c       0x30 src/CMakeFiles/homecontrol.dir/C_/Users/25sal/.pico-sdk/sdk/2.1.0/src/rp2_common/pico_printf/printf.c.obj
                0x1000508c                weak_raw_vprintf
 .text._exit    0x100050bc        0x4 src/CMakeFiles/homecontrol.dir/C_/Users/25sal/.pico-sdk/sdk/2.1.0/src/rp2_common/pico_clib_interface/newlib_interface.c.obj
                0x100050bc                _exit
 .text._sbrk    0x100050c0       0x34 src/CMakeFiles/homecontrol.dir/C_/Users/25sal/.pico-sdk/sdk/2.1.0/src/rp2_common/pico_clib_interface/newlib_interface.c.obj
                0x100050c0                _sbrk
 .text.exit     0x100050f4        0x8 src/CMakeFiles/homecontrol.dir/C_/Users/25sal/.pico-sdk/sdk/2.1.0/src/rp2_common/pico_clib_interface/newlib_interface.c.obj
                0x100050f4                exit
 .text.runtime_init
                0x100050fc       0x2c src/CMakeFiles/homecontrol.dir/C_/Users/25sal/.pico-sdk/sdk/2.1.0/src/rp2_common/pico_clib_interface/newlib_interface.c.obj
                0x100050fc                runtime_init
 .text.stdio_out_chars_no_crlf
                0x10005128       0x10 src/CMakeFiles/homecontrol.dir/C_/Users/25sal/.pico-sdk/sdk/2.1.0/src/rp2_common/pico_stdio/stdio.c.obj
 .text.stdio_out_chars_crlf
                0x10005138       0x94 src/CMakeFiles/homecontrol.dir/C_/Users/25sal/.pico-sdk/sdk/2.1.0/src/rp2_common/pico_stdio/stdio.c.obj
 .text.stdio_buffered_printer
                0x100051cc       0x64 src/CMakeFiles/homecontrol.dir/C_/Users/25sal/.pico-sdk/sdk/2.1.0/src/rp2_common/pico_stdio/stdio.c.obj
 .text.stdio_put_string
                0x10005230      0x100 src/CMakeFiles/homecontrol.dir/C_/Users/25sal/.pico-sdk/sdk/2.1.0/src/rp2_common/pico_stdio/stdio.c.obj
                0x10005230                stdio_put_string
 .text.stdio_set_driver_enabled
                0x10005330       0x30 src/CMakeFiles/homecontrol.dir/C_/Users/25sal/.pico-sdk/sdk/2.1.0/src/rp2_common/pico_stdio/stdio.c.obj
                0x10005330                stdio_set_driver_enabled
 .text.stdio_init_all
                0x10005360        0x8 src/CMakeFiles/homecontrol.dir/C_/Users/25sal/.pico-sdk/sdk/2.1.0/src/rp2_common/pico_stdio/stdio.c.obj
                0x10005360                stdio_init_all
 .text.stdio_getchar_timeout_us
                0x10005368       0x98 src/CMakeFiles/homecontrol.dir/C_/Users/25sal/.pico-sdk/sdk/2.1.0/src/rp2_common/pico_stdio/stdio.c.obj
                0x10005368                stdio_getchar_timeout_us
 .text.__wrap_putchar
                0x10005400       0x98 src/CMakeFiles/homecontrol.dir/C_/Users/25sal/.pico-sdk/sdk/2.1.0/src/rp2_common/pico_stdio/stdio.c.obj
                0x10005400                __wrap_putchar
                0x10005400                stdio_putchar
 .text.__wrap_puts
                0x10005498       0x3c src/CMakeFiles/homecontrol.dir/C_/Users/25sal/.pico-sdk/sdk/2.1.0/src/rp2_common/pico_stdio/stdio.c.obj
                0x10005498                stdio_puts
                0x10005498                __wrap_puts
 .text.__wrap_vprintf
                0x100054d4       0xd4 src/CMakeFiles/homecontrol.dir/C_/Users/25sal/.pico-sdk/sdk/2.1.0/src/rp2_common/pico_stdio/stdio.c.obj
                0x100054d4                stdio_vprintf
                0x100054d4                __wrap_vprintf
 .text.__wrap_printf
                0x100055a8       0x18 src/CMakeFiles/homecontrol.dir/C_/Users/25sal/.pico-sdk/sdk/2.1.0/src/rp2_common/pico_stdio/stdio.c.obj
                0x100055a8                __wrap_printf
                0x100055a8                stdio_printf
 .text.resetd_init
                0x100055c0        0x4 src/CMakeFiles/homecontrol.dir/C_/Users/25sal/.pico-sdk/sdk/2.1.0/src/rp2_common/pico_stdio_usb/reset_interface.c.obj
 .text.resetd_reset
                0x100055c4        0xc src/CMakeFiles/homecontrol.dir/C_/Users/25sal/.pico-sdk/sdk/2.1.0/src/rp2_common/pico_stdio_usb/reset_interface.c.obj
 .text.resetd_open
                0x100055d0       0x28 src/CMakeFiles/homecontrol.dir/C_/Users/25sal/.pico-sdk/sdk/2.1.0/src/rp2_common/pico_stdio_usb/reset_interface.c.obj
 .text.resetd_xfer_cb
                0x100055f8        0x4 src/CMakeFiles/homecontrol.dir/C_/Users/25sal/.pico-sdk/sdk/2.1.0/src/rp2_common/pico_stdio_usb/reset_interface.c.obj
 .text.resetd_control_xfer_cb
                0x100055fc       0x5c src/CMakeFiles/homecontrol.dir/C_/Users/25sal/.pico-sdk/sdk/2.1.0/src/rp2_common/pico_stdio_usb/reset_interface.c.obj
 .text.tud_descriptor_bos_cb
                0x10005658        0x8 src/CMakeFiles/homecontrol.dir/C_/Users/25sal/.pico-sdk/sdk/2.1.0/src/rp2_common/pico_stdio_usb/reset_interface.c.obj
                0x10005658                tud_descriptor_bos_cb
 .text.tud_vendor_control_xfer_cb
                0x10005660       0x34 src/CMakeFiles/homecontrol.dir/C_/Users/25sal/.pico-sdk/sdk/2.1.0/src/rp2_common/pico_stdio_usb/reset_interface.c.obj
                0x10005660                tud_vendor_control_xfer_cb
 .text.usbd_app_driver_get_cb
                0x10005694        0xc src/CMakeFiles/homecontrol.dir/C_/Users/25sal/.pico-sdk/sdk/2.1.0/src/rp2_common/pico_stdio_usb/reset_interface.c.obj
                0x10005694                usbd_app_driver_get_cb
 .text.tud_cdc_line_coding_cb
                0x100056a0       0x2c src/CMakeFiles/homecontrol.dir/C_/Users/25sal/.pico-sdk/sdk/2.1.0/src/rp2_common/pico_stdio_usb/reset_interface.c.obj
                0x100056a0                tud_cdc_line_coding_cb
 .text.stdio_usb_set_chars_available_callback
                0x100056cc       0x14 src/CMakeFiles/homecontrol.dir/C_/Users/25sal/.pico-sdk/sdk/2.1.0/src/rp2_common/pico_stdio_usb/stdio_usb.c.obj
                0x100056cc                stdio_usb_set_chars_available_callback
 .text.usb_irq  0x100056e0       0x10 src/CMakeFiles/homecontrol.dir/C_/Users/25sal/.pico-sdk/sdk/2.1.0/src/rp2_common/pico_stdio_usb/stdio_usb.c.obj
 .text.timer_task
                0x100056f0       0x64 src/CMakeFiles/homecontrol.dir/C_/Users/25sal/.pico-sdk/sdk/2.1.0/src/rp2_common/pico_stdio_usb/stdio_usb.c.obj
 .text.stdio_usb_in_chars
                0x10005754       0x90 src/CMakeFiles/homecontrol.dir/C_/Users/25sal/.pico-sdk/sdk/2.1.0/src/rp2_common/pico_stdio_usb/stdio_usb.c.obj
                0x10005754                stdio_usb_in_chars
 .text.stdio_usb_out_flush
                0x100057e4       0x50 src/CMakeFiles/homecontrol.dir/C_/Users/25sal/.pico-sdk/sdk/2.1.0/src/rp2_common/pico_stdio_usb/stdio_usb.c.obj
 .text.stdio_usb_out_chars
                0x10005834      0x104 src/CMakeFiles/homecontrol.dir/C_/Users/25sal/.pico-sdk/sdk/2.1.0/src/rp2_common/pico_stdio_usb/stdio_usb.c.obj
 .text.low_priority_worker_irq
                0x10005938       0xcc src/CMakeFiles/homecontrol.dir/C_/Users/25sal/.pico-sdk/sdk/2.1.0/src/rp2_common/pico_stdio_usb/stdio_usb.c.obj
 .text.stdio_usb_init
                0x10005a04       0xe8 src/CMakeFiles/homecontrol.dir/C_/Users/25sal/.pico-sdk/sdk/2.1.0/src/rp2_common/pico_stdio_usb/stdio_usb.c.obj
                0x10005a04                stdio_usb_init
 .text.tud_descriptor_device_cb
                0x10005aec        0x8 src/CMakeFiles/homecontrol.dir/C_/Users/25sal/.pico-sdk/sdk/2.1.0/src/rp2_common/pico_stdio_usb/stdio_usb_descriptors.c.obj
                0x10005aec                tud_descriptor_device_cb
 .text.tud_descriptor_configuration_cb
                0x10005af4        0x8 src/CMakeFiles/homecontrol.dir/C_/Users/25sal/.pico-sdk/sdk/2.1.0/src/rp2_common/pico_stdio_usb/stdio_usb_descriptors.c.obj
                0x10005af4                tud_descriptor_configuration_cb
 .text.tud_descriptor_string_cb
                0x10005afc       0x78 src/CMakeFiles/homecontrol.dir/C_/Users/25sal/.pico-sdk/sdk/2.1.0/src/rp2_common/pico_stdio_usb/stdio_usb_descriptors.c.obj
                0x10005afc                tud_descriptor_string_cb
 .text.startup._retrieve_unique_id_on_boot
                0x10005b74       0x10 src/CMakeFiles/homecontrol.dir/C_/Users/25sal/.pico-sdk/sdk/2.1.0/src/rp2_common/pico_unique_id/unique_id.c.obj
 .text.pico_get_unique_board_id_string
                0x10005b84      0x1a8 src/CMakeFiles/homecontrol.dir/C_/Users/25sal/.pico-sdk/sdk/2.1.0/src/rp2_common/pico_unique_id/unique_id.c.obj
                0x10005b84                pico_get_unique_board_id_string
 .text.flash_get_unique_id
                0x10005d2c       0x3c src/CMakeFiles/homecontrol.dir/C_/Users/25sal/.pico-sdk/sdk/2.1.0/src/rp2_common/hardware_flash/flash.c.obj
                0x10005d2c                flash_get_unique_id
 .text.dcd_init
                0x10005d68       0x8c src/CMakeFiles/homecontrol.dir/C_/Users/25sal/.pico-sdk/sdk/2.1.0/lib/tinyusb/src/portable/raspberrypi/rp2040/dcd_rp2040.c.obj
                0x10005d68                dcd_init
 .text.dcd_int_enable
                0x10005df4        0xc src/CMakeFiles/homecontrol.dir/C_/Users/25sal/.pico-sdk/sdk/2.1.0/lib/tinyusb/src/portable/raspberrypi/rp2040/dcd_rp2040.c.obj
                0x10005df4                dcd_int_enable
 .text.dcd_set_address
                0x10005e00       0x14 src/CMakeFiles/homecontrol.dir/C_/Users/25sal/.pico-sdk/sdk/2.1.0/lib/tinyusb/src/portable/raspberrypi/rp2040/dcd_rp2040.c.obj
                0x10005e00                dcd_set_address
 .text.dcd_sof_enable
                0x10005e14       0x1c src/CMakeFiles/homecontrol.dir/C_/Users/25sal/.pico-sdk/sdk/2.1.0/lib/tinyusb/src/portable/raspberrypi/rp2040/dcd_rp2040.c.obj
                0x10005e14                dcd_sof_enable
 .text.dcd_edpt0_status_complete
                0x10005e30       0x1c src/CMakeFiles/homecontrol.dir/C_/Users/25sal/.pico-sdk/sdk/2.1.0/lib/tinyusb/src/portable/raspberrypi/rp2040/dcd_rp2040.c.obj
                0x10005e30                dcd_edpt0_status_complete
 .text.dcd_edpt_open
                0x10005e4c      0x108 src/CMakeFiles/homecontrol.dir/C_/Users/25sal/.pico-sdk/sdk/2.1.0/lib/tinyusb/src/portable/raspberrypi/rp2040/dcd_rp2040.c.obj
                0x10005e4c                dcd_edpt_open
 .text.dcd_edpt_close_all
                0x10005f54        0x8 src/CMakeFiles/homecontrol.dir/C_/Users/25sal/.pico-sdk/sdk/2.1.0/lib/tinyusb/src/portable/raspberrypi/rp2040/dcd_rp2040.c.obj
                0x10005f54                dcd_edpt_close_all
 .text.dcd_edpt_xfer
                0x10005f5c       0x24 src/CMakeFiles/homecontrol.dir/C_/Users/25sal/.pico-sdk/sdk/2.1.0/lib/tinyusb/src/portable/raspberrypi/rp2040/dcd_rp2040.c.obj
                0x10005f5c                dcd_edpt_xfer
 .text.dcd_edpt_stall
                0x10005f80       0x34 src/CMakeFiles/homecontrol.dir/C_/Users/25sal/.pico-sdk/sdk/2.1.0/lib/tinyusb/src/portable/raspberrypi/rp2040/dcd_rp2040.c.obj
                0x10005f80                dcd_edpt_stall
 .text.dcd_edpt_clear_stall
                0x10005fb4       0x30 src/CMakeFiles/homecontrol.dir/C_/Users/25sal/.pico-sdk/sdk/2.1.0/lib/tinyusb/src/portable/raspberrypi/rp2040/dcd_rp2040.c.obj
                0x10005fb4                dcd_edpt_clear_stall
 .text.rp2040_usb_init
                0x10005fe4       0x40 src/CMakeFiles/homecontrol.dir/C_/Users/25sal/.pico-sdk/sdk/2.1.0/lib/tinyusb/src/portable/raspberrypi/rp2040/rp2040_usb.c.obj
                0x10005fe4                rp2040_usb_init
 .text.hw_endpoint_xfer_start
                0x10006024       0x40 src/CMakeFiles/homecontrol.dir/C_/Users/25sal/.pico-sdk/sdk/2.1.0/lib/tinyusb/src/portable/raspberrypi/rp2040/rp2040_usb.c.obj
                0x10006024                hw_endpoint_xfer_start
 .text.tud_event_hook_cb
                0x10006064        0x4 src/CMakeFiles/homecontrol.dir/C_/Users/25sal/.pico-sdk/sdk/2.1.0/lib/tinyusb/src/device/usbd.c.obj
                0x10006064                tud_event_hook_cb
 .text.tud_sof_cb
                0x10006068        0x4 src/CMakeFiles/homecontrol.dir/C_/Users/25sal/.pico-sdk/sdk/2.1.0/lib/tinyusb/src/device/usbd.c.obj
                0x10006068                tud_sof_cb
 .text.tud_descriptor_device_qualifier_cb
                0x1000606c        0x4 src/CMakeFiles/homecontrol.dir/C_/Users/25sal/.pico-sdk/sdk/2.1.0/lib/tinyusb/src/device/usbd.c.obj
                0x1000606c                tud_descriptor_device_qualifier_cb
 .text.tud_descriptor_other_speed_configuration_cb
                0x10006070        0x4 src/CMakeFiles/homecontrol.dir/C_/Users/25sal/.pico-sdk/sdk/2.1.0/lib/tinyusb/src/device/usbd.c.obj
                0x10006070                tud_descriptor_other_speed_configuration_cb
 .text.tud_mount_cb
                0x10006074        0x4 src/CMakeFiles/homecontrol.dir/C_/Users/25sal/.pico-sdk/sdk/2.1.0/lib/tinyusb/src/device/usbd.c.obj
                0x10006074                tud_mount_cb
 .text.tud_umount_cb
                0x10006078        0x4 src/CMakeFiles/homecontrol.dir/C_/Users/25sal/.pico-sdk/sdk/2.1.0/lib/tinyusb/src/device/usbd.c.obj
                0x10006078                tud_umount_cb
 .text.tud_suspend_cb
                0x1000607c        0x4 src/CMakeFiles/homecontrol.dir/C_/Users/25sal/.pico-sdk/sdk/2.1.0/lib/tinyusb/src/device/usbd.c.obj
                0x1000607c                tud_suspend_cb
 .text.tud_resume_cb
                0x10006080        0x4 src/CMakeFiles/homecontrol.dir/C_/Users/25sal/.pico-sdk/sdk/2.1.0/lib/tinyusb/src/device/usbd.c.obj
                0x10006080                tud_resume_cb
 .text.tud_mounted
                0x10006084       0x10 src/CMakeFiles/homecontrol.dir/C_/Users/25sal/.pico-sdk/sdk/2.1.0/lib/tinyusb/src/device/usbd.c.obj
                0x10006084                tud_mounted
 .text.tud_suspended
                0x10006094       0x10 src/CMakeFiles/homecontrol.dir/C_/Users/25sal/.pico-sdk/sdk/2.1.0/lib/tinyusb/src/device/usbd.c.obj
                0x10006094                tud_suspended
 .text.tud_init
                0x100060a4       0xe4 src/CMakeFiles/homecontrol.dir/C_/Users/25sal/.pico-sdk/sdk/2.1.0/lib/tinyusb/src/device/usbd.c.obj
                0x100060a4                tud_init
 .text.tud_task_ext
                0x10006188      0x800 src/CMakeFiles/homecontrol.dir/C_/Users/25sal/.pico-sdk/sdk/2.1.0/lib/tinyusb/src/device/usbd.c.obj
                0x10006188                tud_task_ext
 .text.usbd_open_edpt_pair
                0x10006988       0x9c src/CMakeFiles/homecontrol.dir/C_/Users/25sal/.pico-sdk/sdk/2.1.0/lib/tinyusb/src/device/usbd.c.obj
                0x10006988                usbd_open_edpt_pair
 .text.usbd_edpt_open
                0x10006a24       0x34 src/CMakeFiles/homecontrol.dir/C_/Users/25sal/.pico-sdk/sdk/2.1.0/lib/tinyusb/src/device/usbd.c.obj
                0x10006a24                usbd_edpt_open
 .text.usbd_edpt_claim
                0x10006a58       0x28 src/CMakeFiles/homecontrol.dir/C_/Users/25sal/.pico-sdk/sdk/2.1.0/lib/tinyusb/src/device/usbd.c.obj
                0x10006a58                usbd_edpt_claim
 .text.usbd_edpt_release
                0x10006a80       0x28 src/CMakeFiles/homecontrol.dir/C_/Users/25sal/.pico-sdk/sdk/2.1.0/lib/tinyusb/src/device/usbd.c.obj
                0x10006a80                usbd_edpt_release
 .text.usbd_edpt_xfer
                0x10006aa8       0x4c src/CMakeFiles/homecontrol.dir/C_/Users/25sal/.pico-sdk/sdk/2.1.0/lib/tinyusb/src/device/usbd.c.obj
                0x10006aa8                usbd_edpt_xfer
 .text.tud_control_status
                0x10006af4       0x2c src/CMakeFiles/homecontrol.dir/C_/Users/25sal/.pico-sdk/sdk/2.1.0/lib/tinyusb/src/device/usbd_control.c.obj
                0x10006af4                tud_control_status
 .text.tud_control_xfer
                0x10006b20       0xac src/CMakeFiles/homecontrol.dir/C_/Users/25sal/.pico-sdk/sdk/2.1.0/lib/tinyusb/src/device/usbd_control.c.obj
                0x10006b20                tud_control_xfer
 .text.usbd_control_reset
                0x10006bcc       0x14 src/CMakeFiles/homecontrol.dir/C_/Users/25sal/.pico-sdk/sdk/2.1.0/lib/tinyusb/src/device/usbd_control.c.obj
                0x10006bcc                usbd_control_reset
 .text.usbd_control_set_complete_callback
                0x10006be0        0xc src/CMakeFiles/homecontrol.dir/C_/Users/25sal/.pico-sdk/sdk/2.1.0/lib/tinyusb/src/device/usbd_control.c.obj
                0x10006be0                usbd_control_set_complete_callback
 .text.usbd_control_set_request
                0x10006bec       0x1c src/CMakeFiles/homecontrol.dir/C_/Users/25sal/.pico-sdk/sdk/2.1.0/lib/tinyusb/src/device/usbd_control.c.obj
                0x10006bec                usbd_control_set_request
 .text.usbd_control_xfer_cb
                0x10006c08       0xec src/CMakeFiles/homecontrol.dir/C_/Users/25sal/.pico-sdk/sdk/2.1.0/lib/tinyusb/src/device/usbd_control.c.obj
                0x10006c08                usbd_control_xfer_cb
 .text._prep_out_transaction.isra.0
                0x10006cf4       0x5c src/CMakeFiles/homecontrol.dir/C_/Users/25sal/.pico-sdk/sdk/2.1.0/lib/tinyusb/src/class/cdc/cdc_device.c.obj
 .text.tud_cdc_n_connected
                0x10006d50       0x30 src/CMakeFiles/homecontrol.dir/C_/Users/25sal/.pico-sdk/sdk/2.1.0/lib/tinyusb/src/class/cdc/cdc_device.c.obj
                0x10006d50                tud_cdc_n_connected
 .text.tud_cdc_n_available
                0x10006d80       0x18 src/CMakeFiles/homecontrol.dir/C_/Users/25sal/.pico-sdk/sdk/2.1.0/lib/tinyusb/src/class/cdc/cdc_device.c.obj
                0x10006d80                tud_cdc_n_available
 .text.tud_cdc_n_read
                0x10006d98       0x98 src/CMakeFiles/homecontrol.dir/C_/Users/25sal/.pico-sdk/sdk/2.1.0/lib/tinyusb/src/class/cdc/cdc_device.c.obj
                0x10006d98                tud_cdc_n_read
 .text.tud_cdc_n_write_flush
                0x10006e30       0x78 src/CMakeFiles/homecontrol.dir/C_/Users/25sal/.pico-sdk/sdk/2.1.0/lib/tinyusb/src/class/cdc/cdc_device.c.obj
                0x10006e30                tud_cdc_n_write_flush
 .text.tud_cdc_n_write
                0x10006ea8       0x40 src/CMakeFiles/homecontrol.dir/C_/Users/25sal/.pico-sdk/sdk/2.1.0/lib/tinyusb/src/class/cdc/cdc_device.c.obj
                0x10006ea8                tud_cdc_n_write
 .text.tud_cdc_n_write_available
                0x10006ee8       0x18 src/CMakeFiles/homecontrol.dir/C_/Users/25sal/.pico-sdk/sdk/2.1.0/lib/tinyusb/src/class/cdc/cdc_device.c.obj
                0x10006ee8                tud_cdc_n_write_available
 .text.cdcd_init
                0x10006f00       0x7c src/CMakeFiles/homecontrol.dir/C_/Users/25sal/.pico-sdk/sdk/2.1.0/lib/tinyusb/src/class/cdc/cdc_device.c.obj
                0x10006f00                cdcd_init
 .text.cdcd_deinit
                0x10006f7c       0x34 src/CMakeFiles/homecontrol.dir/C_/Users/25sal/.pico-sdk/sdk/2.1.0/lib/tinyusb/src/class/cdc/cdc_device.c.obj
                0x10006f7c                cdcd_deinit
 .text.cdcd_reset
                0x10006fb0       0x4c src/CMakeFiles/homecontrol.dir/C_/Users/25sal/.pico-sdk/sdk/2.1.0/lib/tinyusb/src/class/cdc/cdc_device.c.obj
                0x10006fb0                cdcd_reset
 .text.cdcd_open
                0x10006ffc       0xb0 src/CMakeFiles/homecontrol.dir/C_/Users/25sal/.pico-sdk/sdk/2.1.0/lib/tinyusb/src/class/cdc/cdc_device.c.obj
                0x10006ffc                cdcd_open
 .text.cdcd_control_xfer_cb
                0x100070ac       0xe4 src/CMakeFiles/homecontrol.dir/C_/Users/25sal/.pico-sdk/sdk/2.1.0/lib/tinyusb/src/class/cdc/cdc_device.c.obj
                0x100070ac                cdcd_control_xfer_cb
 .text.cdcd_xfer_cb
                0x10007190      0x100 src/CMakeFiles/homecontrol.dir/C_/Users/25sal/.pico-sdk/sdk/2.1.0/lib/tinyusb/src/class/cdc/cdc_device.c.obj
                0x10007190                cdcd_xfer_cb
 .text.vendord_init
                0x10007290       0x5c src/CMakeFiles/homecontrol.dir/C_/Users/25sal/.pico-sdk/sdk/2.1.0/lib/tinyusb/src/class/vendor/vendor_device.c.obj
                0x10007290                vendord_init
 .text.vendord_deinit
                0x100072ec       0x1c src/CMakeFiles/homecontrol.dir/C_/Users/25sal/.pico-sdk/sdk/2.1.0/lib/tinyusb/src/class/vendor/vendor_device.c.obj
                0x100072ec                vendord_deinit
 .text.vendord_reset
                0x10007308       0x20 src/CMakeFiles/homecontrol.dir/C_/Users/25sal/.pico-sdk/sdk/2.1.0/lib/tinyusb/src/class/vendor/vendor_device.c.obj
                0x10007308                vendord_reset
 .text.vendord_open
                0x10007328      0x138 src/CMakeFiles/homecontrol.dir/C_/Users/25sal/.pico-sdk/sdk/2.1.0/lib/tinyusb/src/class/vendor/vendor_device.c.obj
                0x10007328                vendord_open
 .text.vendord_xfer_cb
                0x10007460       0x9c src/CMakeFiles/homecontrol.dir/C_/Users/25sal/.pico-sdk/sdk/2.1.0/lib/tinyusb/src/class/vendor/vendor_device.c.obj
                0x10007460                vendord_xfer_cb
 .text.tusb_init
                0x100074fc        0xc src/CMakeFiles/homecontrol.dir/C_/Users/25sal/.pico-sdk/sdk/2.1.0/lib/tinyusb/src/tusb.c.obj
                0x100074fc                tusb_init
 .text.tu_edpt_claim
                0x10007508       0x50 src/CMakeFiles/homecontrol.dir/C_/Users/25sal/.pico-sdk/sdk/2.1.0/lib/tinyusb/src/tusb.c.obj
                0x10007508                tu_edpt_claim
 .text.tu_edpt_release
                0x10007558       0x38 src/CMakeFiles/homecontrol.dir/C_/Users/25sal/.pico-sdk/sdk/2.1.0/lib/tinyusb/src/tusb.c.obj
                0x10007558                tu_edpt_release
 .text.tu_edpt_validate
                0x10007590       0x7c src/CMakeFiles/homecontrol.dir/C_/Users/25sal/.pico-sdk/sdk/2.1.0/lib/tinyusb/src/tusb.c.obj
                0x10007590                tu_edpt_validate
 .text.tu_edpt_bind_driver
                0x1000760c       0x34 src/CMakeFiles/homecontrol.dir/C_/Users/25sal/.pico-sdk/sdk/2.1.0/lib/tinyusb/src/tusb.c.obj
                0x1000760c                tu_edpt_bind_driver
 .text.tu_edpt_stream_init
                0x10007640       0x6c src/CMakeFiles/homecontrol.dir/C_/Users/25sal/.pico-sdk/sdk/2.1.0/lib/tinyusb/src/tusb.c.obj
                0x10007640                tu_edpt_stream_init
 .text.tu_edpt_stream_deinit
                0x100076ac        0x4 src/CMakeFiles/homecontrol.dir/C_/Users/25sal/.pico-sdk/sdk/2.1.0/lib/tinyusb/src/tusb.c.obj
                0x100076ac                tu_edpt_stream_deinit
 .text.tu_edpt_stream_write_zlp_if_needed
                0x100076b0       0x68 src/CMakeFiles/homecontrol.dir/C_/Users/25sal/.pico-sdk/sdk/2.1.0/lib/tinyusb/src/tusb.c.obj
                0x100076b0                tu_edpt_stream_write_zlp_if_needed
 .text.tu_edpt_stream_write_xfer
                0x10007718       0x64 src/CMakeFiles/homecontrol.dir/C_/Users/25sal/.pico-sdk/sdk/2.1.0/lib/tinyusb/src/tusb.c.obj
                0x10007718                tu_edpt_stream_write_xfer
 .text.tu_edpt_stream_read_xfer
                0x1000777c       0xdc src/CMakeFiles/homecontrol.dir/C_/Users/25sal/.pico-sdk/sdk/2.1.0/lib/tinyusb/src/tusb.c.obj
                0x1000777c                tu_edpt_stream_read_xfer
 .text.tu_fifo_config
                0x10007858       0x6c src/CMakeFiles/homecontrol.dir/C_/Users/25sal/.pico-sdk/sdk/2.1.0/lib/tinyusb/src/common/tusb_fifo.c.obj
                0x10007858                tu_fifo_config
 .text.tu_fifo_count
                0x100078c4       0x2c src/CMakeFiles/homecontrol.dir/C_/Users/25sal/.pico-sdk/sdk/2.1.0/lib/tinyusb/src/common/tusb_fifo.c.obj
                0x100078c4                tu_fifo_count
 .text.tu_fifo_empty
                0x100078f0       0x10 src/CMakeFiles/homecontrol.dir/C_/Users/25sal/.pico-sdk/sdk/2.1.0/lib/tinyusb/src/common/tusb_fifo.c.obj
                0x100078f0                tu_fifo_empty
 .text.tu_fifo_remaining
                0x10007900       0x2c src/CMakeFiles/homecontrol.dir/C_/Users/25sal/.pico-sdk/sdk/2.1.0/lib/tinyusb/src/common/tusb_fifo.c.obj
                0x10007900                tu_fifo_remaining
 .text.tu_fifo_read
                0x1000792c       0x9c src/CMakeFiles/homecontrol.dir/C_/Users/25sal/.pico-sdk/sdk/2.1.0/lib/tinyusb/src/common/tusb_fifo.c.obj
                0x1000792c                tu_fifo_read
 .text.tu_fifo_read_n
                0x100079c8       0xe8 src/CMakeFiles/homecontrol.dir/C_/Users/25sal/.pico-sdk/sdk/2.1.0/lib/tinyusb/src/common/tusb_fifo.c.obj
                0x100079c8                tu_fifo_read_n
 .text.tu_fifo_write
                0x10007ab0       0xa8 src/CMakeFiles/homecontrol.dir/C_/Users/25sal/.pico-sdk/sdk/2.1.0/lib/tinyusb/src/common/tusb_fifo.c.obj
                0x10007ab0                tu_fifo_write
 .text.tu_fifo_write_n
                0x10007b58      0x178 src/CMakeFiles/homecontrol.dir/C_/Users/25sal/.pico-sdk/sdk/2.1.0/lib/tinyusb/src/common/tusb_fifo.c.obj
                0x10007b58                tu_fifo_write_n
 .text.tu_fifo_clear
                0x10007cd0       0x40 src/CMakeFiles/homecontrol.dir/C_/Users/25sal/.pico-sdk/sdk/2.1.0/lib/tinyusb/src/common/tusb_fifo.c.obj
                0x10007cd0                tu_fifo_clear
 .text.tu_fifo_set_overwritable
                0x10007d10       0x48 src/CMakeFiles/homecontrol.dir/C_/Users/25sal/.pico-sdk/sdk/2.1.0/lib/tinyusb/src/common/tusb_fifo.c.obj
                0x10007d10                tu_fifo_set_overwritable
 .text.vPortSVCHandler
                0x10007d58        0x4 src/CMakeFiles/homecontrol.dir/__/lib/FreeRTOS-Kernel/portable/ThirdParty/GCC/RP2040/port.c.obj
                0x10007d58                vPortSVCHandler
 *fill*         0x10007d5c        0x4 
 .text.vPortStartFirstTask
                0x10007d60       0x34 src/CMakeFiles/homecontrol.dir/__/lib/FreeRTOS-Kernel/portable/ThirdParty/GCC/RP2040/port.c.obj
 *fill*         0x10007d94        0xc 
 .text.xPortPendSVHandler
                0x10007da0       0x64 src/CMakeFiles/homecontrol.dir/__/lib/FreeRTOS-Kernel/portable/ThirdParty/GCC/RP2040/port.c.obj
                0x10007da0                xPortPendSVHandler
 .text.prvFIFOInterruptHandler
                0x10007e04       0x78 src/CMakeFiles/homecontrol.dir/__/lib/FreeRTOS-Kernel/portable/ThirdParty/GCC/RP2040/port.c.obj
 .text.prvTaskExitError
                0x10007e7c        0x8 src/CMakeFiles/homecontrol.dir/__/lib/FreeRTOS-Kernel/portable/ThirdParty/GCC/RP2040/port.c.obj
 .text.pxPortInitialiseStack
                0x10007e84       0x20 src/CMakeFiles/homecontrol.dir/__/lib/FreeRTOS-Kernel/portable/ThirdParty/GCC/RP2040/port.c.obj
                0x10007e84                pxPortInitialiseStack
 .text.vPortYield
                0x10007ea4       0x18 src/CMakeFiles/homecontrol.dir/__/lib/FreeRTOS-Kernel/portable/ThirdParty/GCC/RP2040/port.c.obj
                0x10007ea4                vPortYield
 .text.vPortEnterCritical
                0x10007ebc       0x18 src/CMakeFiles/homecontrol.dir/__/lib/FreeRTOS-Kernel/portable/ThirdParty/GCC/RP2040/port.c.obj
                0x10007ebc                vPortEnterCritical
 .text.vPortExitCritical
                0x10007ed4       0x34 src/CMakeFiles/homecontrol.dir/__/lib/FreeRTOS-Kernel/portable/ThirdParty/GCC/RP2040/port.c.obj
                0x10007ed4                vPortExitCritical
 .text.ulSetInterruptMaskFromISR
                0x10007f08        0x8 src/CMakeFiles/homecontrol.dir/__/lib/FreeRTOS-Kernel/portable/ThirdParty/GCC/RP2040/port.c.obj
                0x10007f08                ulSetInterruptMaskFromISR
 .text.vClearInterruptMaskFromISR
                0x10007f10        0x8 src/CMakeFiles/homecontrol.dir/__/lib/FreeRTOS-Kernel/portable/ThirdParty/GCC/RP2040/port.c.obj
                0x10007f10                vClearInterruptMaskFromISR
 .text.xPortSysTickHandler
                0x10007f18       0x24 src/CMakeFiles/homecontrol.dir/__/lib/FreeRTOS-Kernel/portable/ThirdParty/GCC/RP2040/port.c.obj
                0x10007f18                xPortSysTickHandler
 .text.vPortSetupTimerInterrupt
                0x10007f3c       0x34 src/CMakeFiles/homecontrol.dir/__/lib/FreeRTOS-Kernel/portable/ThirdParty/GCC/RP2040/port.c.obj
                0x10007f3c                vPortSetupTimerInterrupt
 .text.xPortStartScheduler
                0x10007f70       0x9c src/CMakeFiles/homecontrol.dir/__/lib/FreeRTOS-Kernel/portable/ThirdParty/GCC/RP2040/port.c.obj
                0x10007f70                xPortStartScheduler
 .text.ulPortLockGetCurrentOwnerId
                0x1000800c       0x2c src/CMakeFiles/homecontrol.dir/__/lib/FreeRTOS-Kernel/portable/ThirdParty/GCC/RP2040/port.c.obj
                0x1000800c                ulPortLockGetCurrentOwnerId
 .text.vPortLockInternalSpinUnlockWithWait
                0x10008038       0x68 src/CMakeFiles/homecontrol.dir/__/lib/FreeRTOS-Kernel/portable/ThirdParty/GCC/RP2040/port.c.obj
                0x10008038                vPortLockInternalSpinUnlockWithWait
 .text.vPortLockInternalSpinUnlockWithNotify
                0x100080a0       0xc8 src/CMakeFiles/homecontrol.dir/__/lib/FreeRTOS-Kernel/portable/ThirdParty/GCC/RP2040/port.c.obj
                0x100080a0                vPortLockInternalSpinUnlockWithNotify
 .text.xPortLockInternalSpinUnlockWithBestEffortWaitOrTimeout
                0x10008168       0xfc src/CMakeFiles/homecontrol.dir/__/lib/FreeRTOS-Kernel/portable/ThirdParty/GCC/RP2040/port.c.obj
                0x10008168                xPortLockInternalSpinUnlockWithBestEffortWaitOrTimeout
 .text.startup.prvRuntimeInitializer
                0x10008264       0x28 src/CMakeFiles/homecontrol.dir/__/lib/FreeRTOS-Kernel/portable/ThirdParty/GCC/RP2040/port.c.obj
 .text.vEventGroupSetBitsCallback
                0x1000828c       0x90 src/CMakeFiles/homecontrol.dir/__/lib/FreeRTOS-Kernel/event_groups.c.obj
                0x1000828c                vEventGroupSetBitsCallback
 .text.xEventGroupCreate
                0x1000831c       0x18 src/CMakeFiles/homecontrol.dir/__/lib/FreeRTOS-Kernel/event_groups.c.obj
                0x1000831c                xEventGroupCreate
 .text.xEventGroupWaitBits
                0x10008334       0xb8 src/CMakeFiles/homecontrol.dir/__/lib/FreeRTOS-Kernel/event_groups.c.obj
                0x10008334                xEventGroupWaitBits
 .text.xEventGroupSetBits
                0x100083ec       0x94 src/CMakeFiles/homecontrol.dir/__/lib/FreeRTOS-Kernel/event_groups.c.obj
                0x100083ec                xEventGroupSetBits
 .text.xEventGroupSetBitsFromISR
                0x10008480       0x18 src/CMakeFiles/homecontrol.dir/__/lib/FreeRTOS-Kernel/event_groups.c.obj
                0x10008480                xEventGroupSetBitsFromISR
 .text.vListInitialise
                0x10008498       0x18 src/CMakeFiles/homecontrol.dir/__/lib/FreeRTOS-Kernel/list.c.obj
                0x10008498                vListInitialise
 .text.vListInitialiseItem
                0x100084b0        0x8 src/CMakeFiles/homecontrol.dir/__/lib/FreeRTOS-Kernel/list.c.obj
                0x100084b0                vListInitialiseItem
 .text.vListInsert
                0x100084b8       0x30 src/CMakeFiles/homecontrol.dir/__/lib/FreeRTOS-Kernel/list.c.obj
                0x100084b8                vListInsert
 .text.uxListRemove
                0x100084e8       0x24 src/CMakeFiles/homecontrol.dir/__/lib/FreeRTOS-Kernel/list.c.obj
                0x100084e8                uxListRemove
 .text.prvUnlockQueue
                0x1000850c      0x180 src/CMakeFiles/homecontrol.dir/__/lib/FreeRTOS-Kernel/queue.c.obj
 .text.prvNotifyQueueSetContainer
                0x1000868c       0x90 src/CMakeFiles/homecontrol.dir/__/lib/FreeRTOS-Kernel/queue.c.obj
 .text.xQueueGenericCreate
                0x1000871c       0xa4 src/CMakeFiles/homecontrol.dir/__/lib/FreeRTOS-Kernel/queue.c.obj
                0x1000871c                xQueueGenericCreate
 .text.xQueueGenericSendFromISR
                0x100087c0      0x134 src/CMakeFiles/homecontrol.dir/__/lib/FreeRTOS-Kernel/queue.c.obj
                0x100087c0                xQueueGenericSendFromISR
 .text.xQueueReceive
                0x100088f4      0x11c src/CMakeFiles/homecontrol.dir/__/lib/FreeRTOS-Kernel/queue.c.obj
                0x100088f4                xQueueReceive
 .text.vQueueAddToRegistry
                0x10008a10      0x118 src/CMakeFiles/homecontrol.dir/__/lib/FreeRTOS-Kernel/queue.c.obj
                0x10008a10                vQueueAddToRegistry
 .text.vQueueWaitForMessageRestricted
                0x10008b28       0x48 src/CMakeFiles/homecontrol.dir/__/lib/FreeRTOS-Kernel/queue.c.obj
                0x10008b28                vQueueWaitForMessageRestricted
 .text.prvIdleTask
                0x10008b70       0x60 src/CMakeFiles/homecontrol.dir/__/lib/FreeRTOS-Kernel/tasks.c.obj
 .text.xTaskIncrementTick.part.0
                0x10008bd0      0x190 src/CMakeFiles/homecontrol.dir/__/lib/FreeRTOS-Kernel/tasks.c.obj
 .text.xTaskCreate
                0x10008d60      0x244 src/CMakeFiles/homecontrol.dir/__/lib/FreeRTOS-Kernel/tasks.c.obj
                0x10008d60                xTaskCreate
 .text.vTaskStartScheduler
                0x10008fa4      0x1d8 src/CMakeFiles/homecontrol.dir/__/lib/FreeRTOS-Kernel/tasks.c.obj
                0x10008fa4                vTaskStartScheduler
 .text.vTaskSuspendAll
                0x1000917c       0x10 src/CMakeFiles/homecontrol.dir/__/lib/FreeRTOS-Kernel/tasks.c.obj
                0x1000917c                vTaskSuspendAll
 .text.xTaskResumeAll
                0x1000918c      0x180 src/CMakeFiles/homecontrol.dir/__/lib/FreeRTOS-Kernel/tasks.c.obj
                0x1000918c                xTaskResumeAll
 .text.vTaskDelay
                0x1000930c       0x78 src/CMakeFiles/homecontrol.dir/__/lib/FreeRTOS-Kernel/tasks.c.obj
                0x1000930c                vTaskDelay
 .text.xTaskGetTickCount
                0x10009384        0xc src/CMakeFiles/homecontrol.dir/__/lib/FreeRTOS-Kernel/tasks.c.obj
                0x10009384                xTaskGetTickCount
 .text.uxTaskGetNumberOfTasks
                0x10009390        0xc src/CMakeFiles/homecontrol.dir/__/lib/FreeRTOS-Kernel/tasks.c.obj
                0x10009390                uxTaskGetNumberOfTasks
 .text.xTaskIncrementTick
                0x1000939c       0x24 src/CMakeFiles/homecontrol.dir/__/lib/FreeRTOS-Kernel/tasks.c.obj
                0x1000939c                xTaskIncrementTick
 .text.vTaskSwitchContext
                0x100093c0       0x6c src/CMakeFiles/homecontrol.dir/__/lib/FreeRTOS-Kernel/tasks.c.obj
                0x100093c0                vTaskSwitchContext
 .text.vTaskPlaceOnEventList
                0x1000942c       0x94 src/CMakeFiles/homecontrol.dir/__/lib/FreeRTOS-Kernel/tasks.c.obj
                0x1000942c                vTaskPlaceOnEventList
 .text.vTaskPlaceOnUnorderedEventList
                0x100094c0       0xb8 src/CMakeFiles/homecontrol.dir/__/lib/FreeRTOS-Kernel/tasks.c.obj
                0x100094c0                vTaskPlaceOnUnorderedEventList
 .text.vTaskPlaceOnEventListRestricted
                0x10009578       0xc0 src/CMakeFiles/homecontrol.dir/__/lib/FreeRTOS-Kernel/tasks.c.obj
                0x10009578                vTaskPlaceOnEventListRestricted
 .text.xTaskRemoveFromEventList
                0x10009638       0xcc src/CMakeFiles/homecontrol.dir/__/lib/FreeRTOS-Kernel/tasks.c.obj
                0x10009638                xTaskRemoveFromEventList
 .text.vTaskRemoveFromUnorderedEventList
                0x10009704       0x94 src/CMakeFiles/homecontrol.dir/__/lib/FreeRTOS-Kernel/tasks.c.obj
                0x10009704                vTaskRemoveFromUnorderedEventList
 .text.vTaskInternalSetTimeOutState
                0x10009798       0x18 src/CMakeFiles/homecontrol.dir/__/lib/FreeRTOS-Kernel/tasks.c.obj
                0x10009798                vTaskInternalSetTimeOutState
 .text.xTaskCheckForTimeOut
                0x100097b0       0x74 src/CMakeFiles/homecontrol.dir/__/lib/FreeRTOS-Kernel/tasks.c.obj
                0x100097b0                xTaskCheckForTimeOut
 .text.vTaskMissedYield
                0x10009824        0xc src/CMakeFiles/homecontrol.dir/__/lib/FreeRTOS-Kernel/tasks.c.obj
                0x10009824                vTaskMissedYield
 .text.xTaskGetCurrentTaskHandle
                0x10009830        0xc src/CMakeFiles/homecontrol.dir/__/lib/FreeRTOS-Kernel/tasks.c.obj
                0x10009830                xTaskGetCurrentTaskHandle
 .text.xTaskPriorityDisinherit
                0x1000983c       0x64 src/CMakeFiles/homecontrol.dir/__/lib/FreeRTOS-Kernel/tasks.c.obj
                0x1000983c                xTaskPriorityDisinherit
 .text.uxTaskResetEventItemValue
                0x100098a0       0x18 src/CMakeFiles/homecontrol.dir/__/lib/FreeRTOS-Kernel/tasks.c.obj
                0x100098a0                uxTaskResetEventItemValue
 .text.prvTimerTask
                0x100098b8      0x384 src/CMakeFiles/homecontrol.dir/__/lib/FreeRTOS-Kernel/timers.c.obj
 .text.xTimerCreateTimerTask
                0x10009c3c       0x8c src/CMakeFiles/homecontrol.dir/__/lib/FreeRTOS-Kernel/timers.c.obj
                0x10009c3c                xTimerCreateTimerTask
 .text.xTimerPendFunctionCallFromISR
                0x10009cc8       0x28 src/CMakeFiles/homecontrol.dir/__/lib/FreeRTOS-Kernel/timers.c.obj
                0x10009cc8                xTimerPendFunctionCallFromISR
 .text.exception_set_exclusive_handler
                0x10009cf0       0x48 src/CMakeFiles/homecontrol.dir/C_/Users/25sal/.pico-sdk/sdk/2.1.0/src/rp2_common/hardware_exception/exception.c.obj
                0x10009cf0                exception_set_exclusive_handler
 .text.pvPortMalloc
                0x10009d38      0x12c src/CMakeFiles/homecontrol.dir/__/lib/FreeRTOS-Kernel/portable/MemMang/heap_4.c.obj
                0x10009d38                pvPortMalloc
 .text.vPortFree
                0x10009e64       0x98 src/CMakeFiles/homecontrol.dir/__/lib/FreeRTOS-Kernel/portable/MemMang/heap_4.c.obj
                0x10009e64                vPortFree
 .text.i2c_read_blocking_internal.constprop.0
                0x10009efc       0x98 src/CMakeFiles/homecontrol.dir/C_/Users/25sal/.pico-sdk/sdk/2.1.0/src/rp2_common/hardware_i2c/i2c.c.obj
 .text.i2c_write_blocking_internal.constprop.0
                0x10009f94       0xd0 src/CMakeFiles/homecontrol.dir/C_/Users/25sal/.pico-sdk/sdk/2.1.0/src/rp2_common/hardware_i2c/i2c.c.obj
 .text.i2c_set_baudrate
                0x1000a064       0xc0 src/CMakeFiles/homecontrol.dir/C_/Users/25sal/.pico-sdk/sdk/2.1.0/src/rp2_common/hardware_i2c/i2c.c.obj
                0x1000a064                i2c_set_baudrate
 .text.i2c_init
                0x1000a124       0x50 src/CMakeFiles/homecontrol.dir/C_/Users/25sal/.pico-sdk/sdk/2.1.0/src/rp2_common/hardware_i2c/i2c.c.obj
                0x1000a124                i2c_init
 .text.i2c_write_blocking
                0x1000a174       0x14 src/CMakeFiles/homecontrol.dir/C_/Users/25sal/.pico-sdk/sdk/2.1.0/src/rp2_common/hardware_i2c/i2c.c.obj
                0x1000a174                i2c_write_blocking
 .text.i2c_read_blocking
                0x1000a188       0x14 src/CMakeFiles/homecontrol.dir/C_/Users/25sal/.pico-sdk/sdk/2.1.0/src/rp2_common/hardware_i2c/i2c.c.obj
                0x1000a188                i2c_read_blocking
 .text.malloc   0x1000a19c       0x14 C:/Users/25sal/.pico-sdk/toolchain/13_3_Rel1/bin/../lib/gcc/arm-none-eabi/13.3.1/thumb/v6-m/nofp\libg.a(libc_a-malloc.o)
                0x1000a19c                malloc
 .text._malloc_r
                0x1000a1b0      0x5c4 C:/Users/25sal/.pico-sdk/toolchain/13_3_Rel1/bin/../lib/gcc/arm-none-eabi/13.3.1/thumb/v6-m/nofp\libg.a(libc_a-mallocr.o)
                0x1000a1b0                _malloc_r
 .text.__malloc_lock
                0x1000a774       0x10 C:/Users/25sal/.pico-sdk/toolchain/13_3_Rel1/bin/../lib/gcc/arm-none-eabi/13.3.1/thumb/v6-m/nofp\libg.a(libc_a-mlock.o)
                0x1000a774                __malloc_lock
 .text.__malloc_unlock
                0x1000a784       0x10 C:/Users/25sal/.pico-sdk/toolchain/13_3_Rel1/bin/../lib/gcc/arm-none-eabi/13.3.1/thumb/v6-m/nofp\libg.a(libc_a-mlock.o)
                0x1000a784                __malloc_unlock
 .text.memcmp   0x1000a794       0x48 C:/Users/25sal/.pico-sdk/toolchain/13_3_Rel1/bin/../lib/gcc/arm-none-eabi/13.3.1/thumb/v6-m/nofp\libg.a(libc_a-memcmp.o)
                0x1000a794                memcmp
 .text.strncpy  0x1000a7dc       0x60 C:/Users/25sal/.pico-sdk/toolchain/13_3_Rel1/bin/../lib/gcc/arm-none-eabi/13.3.1/thumb/v6-m/nofp\libg.a(libc_a-strncpy.o)
                0x1000a7dc                strncpy
 .text.critical_factorization
                0x1000a83c       0xcc C:/Users/25sal/.pico-sdk/toolchain/13_3_Rel1/bin/../lib/gcc/arm-none-eabi/13.3.1/thumb/v6-m/nofp\libg.a(libc_a-strstr.o)
 .text.two_way_long_needle
                0x1000a908      0x228 C:/Users/25sal/.pico-sdk/toolchain/13_3_Rel1/bin/../lib/gcc/arm-none-eabi/13.3.1/thumb/v6-m/nofp\libg.a(libc_a-strstr.o)
 .text.strstr   0x1000ab30      0x17c C:/Users/25sal/.pico-sdk/toolchain/13_3_Rel1/bin/../lib/gcc/arm-none-eabi/13.3.1/thumb/v6-m/nofp\libg.a(libc_a-strstr.o)
                0x1000ab30                strstr
 .text._sbrk_r  0x1000acac       0x24 C:/Users/25sal/.pico-sdk/toolchain/13_3_Rel1/bin/../lib/gcc/arm-none-eabi/13.3.1/thumb/v6-m/nofp\libg.a(libc_a-sbrkr.o)
                0x1000acac                _sbrk_r
 .text.__errno  0x1000acd0        0xc C:/Users/25sal/.pico-sdk/toolchain/13_3_Rel1/bin/../lib/gcc/arm-none-eabi/13.3.1/thumb/v6-m/nofp\libg.a(libc_a-errno.o)
                0x1000acd0                __errno
 .text.__retarget_lock_acquire_recursive
                0x1000acdc        0x4 C:/Users/25sal/.pico-sdk/toolchain/13_3_Rel1/bin/../lib/gcc/arm-none-eabi/13.3.1/thumb/v6-m/nofp\libg.a(libc_a-lock.o)
                0x1000acdc                __retarget_lock_acquire_recursive
 .text.__retarget_lock_release_recursive
                0x1000ace0        0x4 C:/Users/25sal/.pico-sdk/toolchain/13_3_Rel1/bin/../lib/gcc/arm-none-eabi/13.3.1/thumb/v6-m/nofp\libg.a(libc_a-lock.o)
                0x1000ace0                __retarget_lock_release_recursive
 .text.sysconf  0x1000ace4       0x1c C:/Users/25sal/.pico-sdk/toolchain/13_3_Rel1/bin/../lib/gcc/arm-none-eabi/13.3.1/thumb/v6-m/nofp\libg.a(libc_a-sysconf.o)
                0x1000ace4                sysconf
 .text          0x1000ad00       0x88 C:/Users/25sal/.pico-sdk/toolchain/13_3_Rel1/bin/../lib/gcc/arm-none-eabi/13.3.1/thumb/v6-m/nofp\libg.a(libc_a-strcmp.o)
                0x1000ad00                strcmp
 .text.strcpy   0x1000ad88       0x10 C:/Users/25sal/.pico-sdk/toolchain/13_3_Rel1/bin/../lib/gcc/arm-none-eabi/13.3.1/thumb/v6-m/nofp\libg.a(libc_a-strcpy.o)
                0x1000ad88                strcpy
 .text.strlen   0x1000ad98       0x5c C:/Users/25sal/.pico-sdk/toolchain/13_3_Rel1/bin/../lib/gcc/arm-none-eabi/13.3.1/thumb/v6-m/nofp\libg.a(libc_a-strlen-stub.o)
                0x1000ad98                strlen
 .text._malloc_trim_r
                0x1000adf4       0xb4 C:/Users/25sal/.pico-sdk/toolchain/13_3_Rel1/bin/../lib/gcc/arm-none-eabi/13.3.1/thumb/v6-m/nofp\libg.a(libc_a-freer.o)
                0x1000adf4                _malloc_trim_r
 .text._free_r  0x1000aea8      0x1d4 C:/Users/25sal/.pico-sdk/toolchain/13_3_Rel1/bin/../lib/gcc/arm-none-eabi/13.3.1/thumb/v6-m/nofp\libg.a(libc_a-freer.o)
                0x1000aea8                _free_r
 .text.strchr   0x1000b07c       0xc4 C:/Users/25sal/.pico-sdk/toolchain/13_3_Rel1/bin/../lib/gcc/arm-none-eabi/13.3.1/thumb/v6-m/nofp\libg.a(libc_a-strchr.o)
                0x1000b07c                strchr
 .text.strnlen  0x1000b140       0x24 C:/Users/25sal/.pico-sdk/toolchain/13_3_Rel1/bin/../lib/gcc/arm-none-eabi/13.3.1/thumb/v6-m/nofp\libg.a(libc_a-strnlen.o)
                0x1000b140                strnlen
 *(.fini)
 .fini          0x1000b164        0x4 C:/Users/25sal/.pico-sdk/toolchain/13_3_Rel1/bin/../lib/gcc/arm-none-eabi/13.3.1/thumb/v6-m/nofp/crti.o
                0x1000b164                _fini
 .fini.__stub   0x1000b168       0xd0 linker stubs
 *crtbegin.o(.ctors)
 *crtbegin?.o(.ctors)
 *(EXCLUDE_FILE(*crtend.o *crtend?.o) .ctors)
 *(SORT_BY_NAME(.ctors.*))
 *(.ctors)
 *crtbegin.o(.dtors)
 *crtbegin?.o(.dtors)
 *(EXCLUDE_FILE(*crtend.o *crtend?.o) .dtors)
 *(SORT_BY_NAME(.dtors.*))
 *(.dtors)
                0x1000b238                        . = ALIGN (0x4)
                0x1000b238                        PROVIDE (__preinit_array_start = .)
 *(SORT_BY_NAME(.preinit_array.*))
 .preinit_array.00100
                0x1000b238        0x4 src/CMakeFiles/homecontrol.dir/C_/Users/25sal/.pico-sdk/sdk/2.1.0/src/rp2_common/pico_runtime_init/runtime_init.c.obj
                0x1000b238                __pre_init_runtime_init_early_resets
 .preinit_array.00101
                0x1000b23c        0x4 src/CMakeFiles/homecontrol.dir/C_/Users/25sal/.pico-sdk/sdk/2.1.0/src/rp2_common/pico_runtime_init/runtime_init.c.obj
                0x1000b23c                __pre_init_runtime_init_usb_power_down
 .preinit_array.00275
                0x1000b240        0x4 src/CMakeFiles/homecontrol.dir/C_/Users/25sal/.pico-sdk/sdk/2.1.0/src/rp2_common/pico_bit_ops/bit_ops_aeabi.S.obj
 .preinit_array.00300
                0x1000b244        0x4 src/CMakeFiles/homecontrol.dir/C_/Users/25sal/.pico-sdk/sdk/2.1.0/src/rp2_common/pico_mem_ops/mem_ops_aeabi.S.obj
 .preinit_array.00350
                0x1000b248        0x4 src/CMakeFiles/homecontrol.dir/C_/Users/25sal/.pico-sdk/sdk/2.1.0/src/rp2_common/pico_double/double_aeabi_rp2040.S.obj
 .preinit_array.00350
                0x1000b24c        0x4 src/CMakeFiles/homecontrol.dir/C_/Users/25sal/.pico-sdk/sdk/2.1.0/src/rp2_common/pico_float/float_aeabi_rp2040.S.obj
 .preinit_array.00500
                0x1000b250        0x4 src/CMakeFiles/homecontrol.dir/C_/Users/25sal/.pico-sdk/sdk/2.1.0/src/rp2_common/pico_runtime_init/runtime_init.c.obj
                0x1000b250                __pre_init_runtime_init_clocks
 .preinit_array.00600
                0x1000b254        0x4 src/CMakeFiles/homecontrol.dir/C_/Users/25sal/.pico-sdk/sdk/2.1.0/src/rp2_common/pico_runtime_init/runtime_init.c.obj
                0x1000b254                __pre_init_runtime_init_post_clock_resets
 .preinit_array.00700
                0x1000b258        0x4 src/CMakeFiles/homecontrol.dir/C_/Users/25sal/.pico-sdk/sdk/2.1.0/src/rp2_common/pico_runtime_init/runtime_init.c.obj
                0x1000b258                __pre_init_runtime_init_rp2040_gpio_ie_disable
 .preinit_array.01000
                0x1000b25c        0x4 src/CMakeFiles/homecontrol.dir/C_/Users/25sal/.pico-sdk/sdk/2.1.0/src/rp2_common/pico_runtime_init/runtime_init.c.obj
                0x1000b25c                __pre_init_runtime_init_spin_locks_reset
 .preinit_array.01100
                0x1000b260        0x4 src/CMakeFiles/homecontrol.dir/C_/Users/25sal/.pico-sdk/sdk/2.1.0/src/common/pico_sync/mutex.c.obj
                0x1000b260                __pre_init_runtime_init_mutex
 .preinit_array.10080
                0x1000b264        0x4 src/CMakeFiles/homecontrol.dir/C_/Users/25sal/.pico-sdk/sdk/2.1.0/src/rp2_common/pico_runtime_init/runtime_init.c.obj
                0x1000b264                __pre_init_runtime_init_install_ram_vector_table
 .preinit_array.11000
                0x1000b268        0x4 src/CMakeFiles/homecontrol.dir/C_/Users/25sal/.pico-sdk/sdk/2.1.0/src/common/pico_time/time.c.obj
                0x1000b268                __pre_init_runtime_init_default_alarm_pool
 .preinit_array.YYYYY
                0x1000b26c        0x4 src/CMakeFiles/homecontrol.dir/C_/Users/25sal/.pico-sdk/sdk/2.1.0/src/rp2_common/pico_runtime/runtime.c.obj
                0x1000b26c                __pre_init_first_per_core_initializer
 .preinit_array.ZZZZZ.01200
                0x1000b270        0x4 src/CMakeFiles/homecontrol.dir/C_/Users/25sal/.pico-sdk/sdk/2.1.0/src/rp2_common/hardware_irq/irq.c.obj
                0x1000b270                __pre_init_runtime_init_per_core_irq_priorities
 *(.preinit_array)
                0x1000b274                        PROVIDE (__preinit_array_end = .)
                0x1000b274                        . = ALIGN (0x4)
                0x1000b274                        PROVIDE (__init_array_start = .)
 *(SORT_BY_NAME(.init_array.*))
 *(.init_array)
 .init_array    0x1000b274        0x4 C:/Users/25sal/.pico-sdk/toolchain/13_3_Rel1/bin/../lib/gcc/arm-none-eabi/13.3.1/thumb/v6-m/nofp/crtbegin.o
 .init_array    0x1000b278        0x4 src/CMakeFiles/homecontrol.dir/C_/Users/25sal/.pico-sdk/sdk/2.1.0/src/rp2_common/pico_unique_id/unique_id.c.obj
 .init_array    0x1000b27c        0x4 src/CMakeFiles/homecontrol.dir/__/lib/FreeRTOS-Kernel/portable/ThirdParty/GCC/RP2040/port.c.obj
                0x1000b280                        PROVIDE (__init_array_end = .)
                0x1000b280                        . = ALIGN (0x4)
                [!provide]                        PROVIDE (__fini_array_start = .)
 *(SORT_BY_NAME(.fini_array.*))
 *(.fini_array)
                [!provide]                        PROVIDE (__fini_array_end = .)
 *(.eh_frame*)
 .eh_frame      0x1000b280        0x0 C:/Users/25sal/.pico-sdk/toolchain/13_3_Rel1/bin/../lib/gcc/arm-none-eabi/13.3.1/thumb/v6-m/nofp/crtbegin.o
                0x1000b280                        . = ALIGN (0x4)

.glue_7         0x1000b280        0x0
 .glue_7        0x1000b280        0x0 linker stubs

.glue_7t        0x1000b280        0x0
 .glue_7t       0x1000b280        0x0 linker stubs

.vfp11_veneer   0x1000b280        0x0
 .vfp11_veneer  0x1000b280        0x0 linker stubs

.v4_bx          0x1000b280        0x0
 .v4_bx         0x1000b280        0x0 linker stubs

.iplt           0x1000b280        0x0
 .iplt          0x1000b280        0x0 C:/Users/25sal/.pico-sdk/toolchain/13_3_Rel1/bin/../lib/gcc/arm-none-eabi/13.3.1/thumb/v6-m/nofp/crtbegin.o

.rodata         0x1000b280      0xf54
 *(EXCLUDE_FILE(*libm.a: *libc.a:*lib_a-mem*.o *libgcc.a:) .rodata*)
 .rodata.main.str1.4
                0x1000b280      0x6a8 src/CMakeFiles/homecontrol.dir/main.c.obj
                                 0x5f (size before relaxing)
 .rodata.str1.4
                0x1000b928       0xf1 src/CMakeFiles/homecontrol.dir/variaveis_globais.c.obj
 .rodata.dict_retorno
                0x1000b928       0x10 src/CMakeFiles/homecontrol.dir/variaveis_globais.c.obj
                0x1000b928                dict_retorno
 .rodata.dict_nome_sensor
                0x1000b938       0x18 src/CMakeFiles/homecontrol.dir/variaveis_globais.c.obj
                0x1000b938                dict_nome_sensor
 .rodata.dict_tipo_sensor
                0x1000b950       0x10 src/CMakeFiles/homecontrol.dir/variaveis_globais.c.obj
                0x1000b950                dict_tipo_sensor
 .rodata.dict_acao
                0x1000b960       0x20 src/CMakeFiles/homecontrol.dir/variaveis_globais.c.obj
                0x1000b960                dict_acao
 .rodata.dict_remetente_destinatario
                0x1000b980       0x28 src/CMakeFiles/homecontrol.dir/variaveis_globais.c.obj
                0x1000b980                dict_remetente_destinatario
 .rodata.ssd1306_init.str1.4
                0x1000b9a8       0x3f src/CMakeFiles/homecontrol.dir/ssd1306.c.obj
 .rodata.ssd1306_show.str1.4
                0x1000b9a8        0xd src/CMakeFiles/homecontrol.dir/ssd1306.c.obj
 .rodata.font_8x5
                0x1000b9a8      0x1e0 src/CMakeFiles/homecontrol.dir/ssd1306.c.obj
                0x1000b9a8                font_8x5
 .rodata.task_exibir_infos_OLED.str1.4
                0x1000bb88       0x2f src/CMakeFiles/homecontrol.dir/functions.c.obj
 .rodata.task_uart_transmitir.str1.4
                0x1000bb88       0x1c src/CMakeFiles/homecontrol.dir/functions.c.obj
 .rodata.task_ler_sensores.str1.4
                0x1000bb88       0xc7 src/CMakeFiles/homecontrol.dir/functions.c.obj
 .rodata.luz_normal.str1.4
                0x1000bb88       0x11 src/CMakeFiles/homecontrol.dir/functions.c.obj
 .rodata.verificar_porta_acao_especifica
                0x1000bb88       0x74 src/CMakeFiles/homecontrol.dir/functions.c.obj
 .rodata.verificar_dado_em_json_especifico.str1.4
                0x1000bbfc        0x5 src/CMakeFiles/homecontrol.dir/functions.c.obj
 .rodata.aht10_init.str1.4
                0x1000bbfc        0x3 src/CMakeFiles/homecontrol.dir/functions.c.obj
 .rodata.orquestrador_funcionalidades.str1.4
                0x1000bbfc       0xa6 src/CMakeFiles/homecontrol.dir/functions.c.obj
 .rodata.retorno_requisicao_json.str1.4
                0x1000bbfc       0xa4 src/CMakeFiles/homecontrol.dir/functions.c.obj
 .rodata.popular_campos.str1.4
                0x1000bbfc       0xfe src/CMakeFiles/homecontrol.dir/functions.c.obj
 .rodata.panic.str1.4
                0x1000bbfc       0x12 src/CMakeFiles/homecontrol.dir/C_/Users/25sal/.pico-sdk/sdk/2.1.0/src/rp2_common/pico_platform_panic/panic.c.obj
 .rodata.panic_unsupported.str1.4
                0x1000bbfc        0xe src/CMakeFiles/homecontrol.dir/C_/Users/25sal/.pico-sdk/sdk/2.1.0/src/rp2_common/pico_platform_panic/panic.c.obj
 .rodata.spin_lock_claim_unused.str1.4
                0x1000bbfc       0x1b src/CMakeFiles/homecontrol.dir/C_/Users/25sal/.pico-sdk/sdk/2.1.0/src/rp2_common/hardware_sync/sync.c.obj
 .rodata.user_irq_claim_unused.str1.4
                0x1000bbfc       0x1b src/CMakeFiles/homecontrol.dir/C_/Users/25sal/.pico-sdk/sdk/2.1.0/src/rp2_common/hardware_irq/irq.c.obj
 .rodata.timer_hardware_alarm_claim.str1.4
                0x1000bbfc       0x22 src/CMakeFiles/homecontrol.dir/C_/Users/25sal/.pico-sdk/sdk/2.1.0/src/rp2_common/hardware_timer/timer.c.obj
 .rodata.hard_assertion_failure.str1.4
                0x1000bbfc        0xc src/CMakeFiles/homecontrol.dir/C_/Users/25sal/.pico-sdk/sdk/2.1.0/src/rp2_common/pico_runtime/runtime.c.obj
 .rodata.missing_double_func_shim.str1.4
                0x1000bbfc       0x18 src/CMakeFiles/homecontrol.dir/C_/Users/25sal/.pico-sdk/sdk/2.1.0/src/rp2_common/pico_double/double_init_rom_rp2040.c.obj
 .rodata.missing_float_func_shim.str1.4
                0x1000bbfc        0x1 src/CMakeFiles/homecontrol.dir/C_/Users/25sal/.pico-sdk/sdk/2.1.0/src/rp2_common/pico_float/float_init_rom_rp2040.c.obj
 .rodata.__wrap_malloc.str1.4
                0x1000bbfc        0xe src/CMakeFiles/homecontrol.dir/C_/Users/25sal/.pico-sdk/sdk/2.1.0/src/rp2_common/pico_malloc/malloc.c.obj
 .rodata.str1.4
                0x1000bbfc       0x40 src/CMakeFiles/homecontrol.dir/C_/Users/25sal/.pico-sdk/sdk/2.1.0/src/rp2_common/pico_standard_binary_info/standard_binary_info.c.obj
 .rodata.__bi_84
                0x1000bbfc        0xc src/CMakeFiles/homecontrol.dir/C_/Users/25sal/.pico-sdk/sdk/2.1.0/src/rp2_common/pico_standard_binary_info/standard_binary_info.c.obj
 .rodata.__bi_78
                0x1000bc08        0xc src/CMakeFiles/homecontrol.dir/C_/Users/25sal/.pico-sdk/sdk/2.1.0/src/rp2_common/pico_standard_binary_info/standard_binary_info.c.obj
 .rodata.__bi_54
                0x1000bc14        0xc src/CMakeFiles/homecontrol.dir/C_/Users/25sal/.pico-sdk/sdk/2.1.0/src/rp2_common/pico_standard_binary_info/standard_binary_info.c.obj
 .rodata.__bi_48
                0x1000bc20        0xc src/CMakeFiles/homecontrol.dir/C_/Users/25sal/.pico-sdk/sdk/2.1.0/src/rp2_common/pico_standard_binary_info/standard_binary_info.c.obj
 .rodata.__bi_42
                0x1000bc2c        0xc src/CMakeFiles/homecontrol.dir/C_/Users/25sal/.pico-sdk/sdk/2.1.0/src/rp2_common/pico_standard_binary_info/standard_binary_info.c.obj
 .rodata.__bi_34
                0x1000bc38        0xc src/CMakeFiles/homecontrol.dir/C_/Users/25sal/.pico-sdk/sdk/2.1.0/src/rp2_common/pico_standard_binary_info/standard_binary_info.c.obj
 .rodata.__bi_26
                0x1000bc44        0xc src/CMakeFiles/homecontrol.dir/C_/Users/25sal/.pico-sdk/sdk/2.1.0/src/rp2_common/pico_standard_binary_info/standard_binary_info.c.obj
 .rodata._ftoa.str1.4
                0x1000bc50       0x15 src/CMakeFiles/homecontrol.dir/C_/Users/25sal/.pico-sdk/sdk/2.1.0/src/rp2_common/pico_printf/printf.c.obj
 .rodata._vsnprintf
                0x1000bc50      0x19c src/CMakeFiles/homecontrol.dir/C_/Users/25sal/.pico-sdk/sdk/2.1.0/src/rp2_common/pico_printf/printf.c.obj
 *fill*         0x1000bdec        0x4 
 .rodata.pow10.0
                0x1000bdf0       0x50 src/CMakeFiles/homecontrol.dir/C_/Users/25sal/.pico-sdk/sdk/2.1.0/src/rp2_common/pico_printf/printf.c.obj
 .rodata.crlf_str.0
                0x1000be40        0x2 src/CMakeFiles/homecontrol.dir/C_/Users/25sal/.pico-sdk/sdk/2.1.0/src/rp2_common/pico_stdio/stdio.c.obj
 *fill*         0x1000be42        0x2 
 .rodata._resetd_driver
                0x1000be44       0x20 src/CMakeFiles/homecontrol.dir/C_/Users/25sal/.pico-sdk/sdk/2.1.0/src/rp2_common/pico_stdio_usb/reset_interface.c.obj
 .rodata.desc_ms_os_20
                0x1000be64       0xa6 src/CMakeFiles/homecontrol.dir/C_/Users/25sal/.pico-sdk/sdk/2.1.0/src/rp2_common/pico_stdio_usb/reset_interface.c.obj
 *fill*         0x1000bf0a        0x2 
 .rodata.desc_bos
                0x1000bf0c       0x21 src/CMakeFiles/homecontrol.dir/C_/Users/25sal/.pico-sdk/sdk/2.1.0/src/rp2_common/pico_stdio_usb/reset_interface.c.obj
                0x1000bf0c                desc_bos
 .rodata.str1.4
                0x1000bf2d       0x13 src/CMakeFiles/homecontrol.dir/C_/Users/25sal/.pico-sdk/sdk/2.1.0/src/rp2_common/pico_stdio_usb/stdio_usb.c.obj
 *fill*         0x1000bf2d        0x3 
 .rodata.__bi_197.0
                0x1000bf30        0xc src/CMakeFiles/homecontrol.dir/C_/Users/25sal/.pico-sdk/sdk/2.1.0/src/rp2_common/pico_stdio_usb/stdio_usb.c.obj
 .rodata.str1.4
                0x1000bf3c       0x2a src/CMakeFiles/homecontrol.dir/C_/Users/25sal/.pico-sdk/sdk/2.1.0/src/rp2_common/pico_stdio_usb/stdio_usb_descriptors.c.obj
 .rodata.usbd_desc_str
                0x1000bf3c       0x18 src/CMakeFiles/homecontrol.dir/C_/Users/25sal/.pico-sdk/sdk/2.1.0/src/rp2_common/pico_stdio_usb/stdio_usb_descriptors.c.obj
 .rodata.usbd_desc_cfg
                0x1000bf54       0x54 src/CMakeFiles/homecontrol.dir/C_/Users/25sal/.pico-sdk/sdk/2.1.0/src/rp2_common/pico_stdio_usb/stdio_usb_descriptors.c.obj
 .rodata.usbd_desc_device
                0x1000bfa8       0x12 src/CMakeFiles/homecontrol.dir/C_/Users/25sal/.pico-sdk/sdk/2.1.0/src/rp2_common/pico_stdio_usb/stdio_usb_descriptors.c.obj
 .rodata.str1.4
                0x1000bfba       0x14 src/CMakeFiles/homecontrol.dir/C_/Users/25sal/.pico-sdk/sdk/2.1.0/lib/tinyusb/src/portable/raspberrypi/rp2040/dcd_rp2040.c.obj
 .rodata.str1.4
                0x1000bfba       0x48 src/CMakeFiles/homecontrol.dir/C_/Users/25sal/.pico-sdk/sdk/2.1.0/lib/tinyusb/src/portable/raspberrypi/rp2040/rp2040_usb.c.obj
 *fill*         0x1000bfba        0x2 
 .rodata.tud_task_ext
                0x1000bfbc       0x8c src/CMakeFiles/homecontrol.dir/C_/Users/25sal/.pico-sdk/sdk/2.1.0/lib/tinyusb/src/device/usbd.c.obj
 .rodata        0x1000c048       0x1c src/CMakeFiles/homecontrol.dir/C_/Users/25sal/.pico-sdk/sdk/2.1.0/lib/tinyusb/src/device/usbd.c.obj
 .rodata._usbd_driver
                0x1000c064       0x40 src/CMakeFiles/homecontrol.dir/C_/Users/25sal/.pico-sdk/sdk/2.1.0/lib/tinyusb/src/device/usbd.c.obj
 .rodata.uxTopUsedPriority
                0x1000c0a4        0x4 src/CMakeFiles/homecontrol.dir/__/lib/FreeRTOS-Kernel/tasks.c.obj
                0x1000c0a4                uxTopUsedPriority
 .rodata.prvTimerTask
                0x1000c0a8       0x28 src/CMakeFiles/homecontrol.dir/__/lib/FreeRTOS-Kernel/timers.c.obj
 .rodata.xTimerCreateTimerTask.str1.4
                0x1000c0d0       0x10 src/CMakeFiles/homecontrol.dir/__/lib/FreeRTOS-Kernel/timers.c.obj
 .rodata._ctype_