Archive member included to satisfy reference by file (symbol)

C:/Users/25sal/.pico-sdk/toolchain/13_3_Rel1/bin/../lib/gcc/arm-none-eabi/13.3.1/thumb/v6-m/nofp\libgcc.a(_dvmd_tls.o)
                              src/CMakeFiles/rp2040-freertos-template.dir/C_/Users/25sal/.pico-sdk/sdk/2.1.0/src/rp2_common/pico_divider/divider_hardware.S.obj (__aeabi_idiv0)
C:/Users/25sal/.pico-sdk/toolchain/13_3_Rel1/bin/../lib/gcc/arm-none-eabi/13.3.1/thumb/v6-m/nofp\libg.a(libc_a-calloc.o)
                              src/CMakeFiles/rp2040-freertos-template.dir/C_/Users/25sal/.pico-sdk/sdk/2.1.0/src/rp2_common/pico_malloc/malloc.c.obj (calloc)
C:/Users/25sal/.pico-sdk/toolchain/13_3_Rel1/bin/../lib/gcc/arm-none-eabi/13.3.1/thumb/v6-m/nofp\libg.a(libc_a-callocr.o)
                              C:/Users/25sal/.pico-sdk/toolchain/13_3_Rel1/bin/../lib/gcc/arm-none-eabi/13.3.1/thumb/v6-m/nofp\libg.a(libc_a-calloc.o) (_calloc_r)
C:/Users/25sal/.pico-sdk/toolchain/13_3_Rel1/bin/../lib/gcc/arm-none-eabi/13.3.1/thumb/v6-m/nofp\libg.a(libc_a-malloc.o)
                              src/CMakeFiles/rp2040-freertos-template.dir/C_/Users/25sal/.pico-sdk/sdk/2.1.0/src/rp2_common/pico_malloc/malloc.c.obj (malloc)
C:/Users/25sal/.pico-sdk/toolchain/13_3_Rel1/bin/../lib/gcc/arm-none-eabi/13.3.1/thumb/v6-m/nofp\libg.a(libc_a-mallocr.o)
                              C:/Users/25sal/.pico-sdk/toolchain/13_3_Rel1/bin/../lib/gcc/arm-none-eabi/13.3.1/thumb/v6-m/nofp\libg.a(libc_a-callocr.o) (_malloc_r)
C:/Users/25sal/.pico-sdk/toolchain/13_3_Rel1/bin/../lib/gcc/arm-none-eabi/13.3.1/thumb/v6-m/nofp\libg.a(libc_a-mlock.o)
                              C:/Users/25sal/.pico-sdk/toolchain/13_3_Rel1/bin/../lib/gcc/arm-none-eabi/13.3.1/thumb/v6-m/nofp\libg.a(libc_a-mallocr.o) (__malloc_lock)
C:/Users/25sal/.pico-sdk/toolchain/13_3_Rel1/bin/../lib/gcc/arm-none-eabi/13.3.1/thumb/v6-m/nofp\libg.a(libc_a-realloc.o)
                              src/CMakeFiles/rp2040-freertos-template.dir/C_/Users/25sal/.pico-sdk/sdk/2.1.0/src/rp2_common/pico_malloc/malloc.c.obj (realloc)
C:/Users/25sal/.pico-sdk/toolchain/13_3_Rel1/bin/../lib/gcc/arm-none-eabi/13.3.1/thumb/v6-m/nofp\libg.a(libc_a-reallocr.o)
                              C:/Users/25sal/.pico-sdk/toolchain/13_3_Rel1/bin/../lib/gcc/arm-none-eabi/13.3.1/thumb/v6-m/nofp\libg.a(libc_a-realloc.o) (_realloc_r)
C:/Users/25sal/.pico-sdk/toolchain/13_3_Rel1/bin/../lib/gcc/arm-none-eabi/13.3.1/thumb/v6-m/nofp\libg.a(libc_a-ctype_.o)
                              src/CMakeFiles/rp2040-freertos-template.dir/functions.c.obj (_ctype_)
C:/Users/25sal/.pico-sdk/toolchain/13_3_Rel1/bin/../lib/gcc/arm-none-eabi/13.3.1/thumb/v6-m/nofp\libg.a(libc_a-memcmp.o)
                              src/CMakeFiles/rp2040-freertos-template.dir/C_/Users/25sal/.pico-sdk/sdk/2.1.0/src/rp2_common/pico_atomic/atomic.c.obj (memcmp)
C:/Users/25sal/.pico-sdk/toolchain/13_3_Rel1/bin/../lib/gcc/arm-none-eabi/13.3.1/thumb/v6-m/nofp\libg.a(libc_a-memmove.o)
                              C:/Users/25sal/.pico-sdk/toolchain/13_3_Rel1/bin/../lib/gcc/arm-none-eabi/13.3.1/thumb/v6-m/nofp\libg.a(libc_a-reallocr.o) (memmove)
C:/Users/25sal/.pico-sdk/toolchain/13_3_Rel1/bin/../lib/gcc/arm-none-eabi/13.3.1/thumb/v6-m/nofp\libg.a(libc_a-strncpy.o)
                              src/CMakeFiles/rp2040-freertos-template.dir/functions.c.obj (strncpy)
C:/Users/25sal/.pico-sdk/toolchain/13_3_Rel1/bin/../lib/gcc/arm-none-eabi/13.3.1/thumb/v6-m/nofp\libg.a(libc_a-strstr.o)
                              src/CMakeFiles/rp2040-freertos-template.dir/functions.c.obj (strstr)
C:/Users/25sal/.pico-sdk/toolchain/13_3_Rel1/bin/../lib/gcc/arm-none-eabi/13.3.1/thumb/v6-m/nofp\libg.a(libc_a-lcltime_r.o)
                              src/CMakeFiles/rp2040-freertos-template.dir/C_/Users/25sal/.pico-sdk/sdk/2.1.0/src/common/pico_util/datetime.c.obj (localtime_r)
C:/Users/25sal/.pico-sdk/toolchain/13_3_Rel1/bin/../lib/gcc/arm-none-eabi/13.3.1/thumb/v6-m/nofp\libg.a(libc_a-mktime.o)
                              src/CMakeFiles/rp2040-freertos-template.dir/C_/Users/25sal/.pico-sdk/sdk/2.1.0/src/common/pico_util/datetime.c.obj (mktime)
C:/Users/25sal/.pico-sdk/toolchain/13_3_Rel1/bin/../lib/gcc/arm-none-eabi/13.3.1/thumb/v6-m/nofp\libg.a(libc_a-month_lengths.o)
                              C:/Users/25sal/.pico-sdk/toolchain/13_3_Rel1/bin/../lib/gcc/arm-none-eabi/13.3.1/thumb/v6-m/nofp\libg.a(libc_a-lcltime_r.o) (__month_lengths)
C:/Users/25sal/.pico-sdk/toolchain/13_3_Rel1/bin/../lib/gcc/arm-none-eabi/13.3.1/thumb/v6-m/nofp\libg.a(libc_a-tzcalc_limits.o)
                              C:/Users/25sal/.pico-sdk/toolchain/13_3_Rel1/bin/../lib/gcc/arm-none-eabi/13.3.1/thumb/v6-m/nofp\libg.a(libc_a-lcltime_r.o) (__tzcalc_limits)
C:/Users/25sal/.pico-sdk/toolchain/13_3_Rel1/bin/../lib/gcc/arm-none-eabi/13.3.1/thumb/v6-m/nofp\libg.a(libc_a-tzlock.o)
[...]
Memory Configuration

Name             Origin             Length             Attributes
FLASH            0x10000000         0x00200000         xr
RAM              0x20000000         0x00040000         xrw
SCRATCH_X        0x20040000         0x00001000         xrw
SCRATCH_Y        0x20041000         0x00001000         xrw
*default*        0x00000000         0xffffffff

Linker script and memory map

LOAD C:/Users/25sal/.pico-sdk/toolchain/13_3_Rel1/bin/../lib/gcc/arm-none-eabi/13.3.1/thumb/v6-m/nofp/crti.o
LOAD C:/Users/25sal/.pico-sdk/toolchain/13_3_Rel1/bin/../lib/gcc/arm-none-eabi/13.3.1/thumb/v6-m/nofp/crtbegin.o
LOAD C:/Users/25sal/.pico-sdk/toolchain/13_3_Rel1/bin/../lib/gcc/arm-none-eabi/13.3.1/thumb/v6-m/nofp/crt0.o

.flash_begin    0x10000000        0x0
                0x10000000                        __flash_binary_start = .

.boot2          0x10000000      0x100
                0x10000000                        __boot2_start__ = .
 *(.boot2)
 .boot2         0x10000000      0x100 pico-sdk/src/rp2040/boot_stage2/CMakeFiles/bs2_default_library.dir/./bs2_default_padded_checksummed.S.obj
                0x10000100                        __boot2_end__ = .
                0x00000001                        ASSERT (((__boot2_end__ - __boot2_start__) == 0x100), ERROR: Pico second stage bootloader must be 256 bytes in size)

.text           0x10000100     0xa7d8
                0x10000100                        __logical_binary_start = .
 *(.vectors)
 .vectors       0x10000100       0xd4 src/CMakeFiles/rp2040-freertos-template.dir/C_/Users/25sal/.pico-sdk/sdk/2.1.0/src/rp2_common/pico_crt0/crt0.S.obj
                0x10000100                __VECTOR_TABLE
                0x10000100                __vectors
                0x100001c0                isr_invalid
                0x100001c0                __default_isrs_start
                0x100001c2                isr_nmi
                0x100001c4                isr_hardfault
                0x100001c6                isr_svcall
                0x100001c8                isr_pendsv
                0x100001ca                isr_systick
                0x100001cc                isr_irq23
                0x100001cc                isr_irq18
                0x100001cc                isr_irq11
                0x100001cc                isr_irq28
                0x100001cc                isr_irq19
                0x100001cc                isr_irq0
                0x100001cc                isr_irq6
                0x100001cc                isr_irq5
                0x100001cc                isr_irq12
                0x100001cc                isr_irq22
                0x100001cc                isr_irq31
                0x100001cc                isr_irq17
                0x100001cc                isr_irq27
                0x100001cc                isr_irq30
                0x100001cc                isr_irq2
                0x100001cc                isr_irq10
                0x100001cc                isr_irq8
                0x100001cc                isr_irq24
                0x100001cc                isr_irq1
                0x100001cc                isr_irq7
                0x100001cc                isr_irq21
                0x100001cc                isr_irq20
                0x100001cc                isr_irq15
                0x100001cc                isr_irq25
                0x100001cc                isr_irq13
                0x100001cc                __unhandled_user_irq
                0x100001cc                isr_irq4
                0x100001cc                isr_irq16
                0x100001cc                isr_irq29
                0x100001cc                isr_irq26
                0x100001cc                __default_isrs_end
                0x100001cc                isr_irq3
                0x100001cc                isr_irq14
                0x100001cc                isr_irq9
                0x100001d2                unhandled_user_irq_num_in_r0
 *(.binary_info_header)
 .binary_info_header
                0x100001d4       0x14 src/CMakeFiles/rp2040-freertos-template.dir/C_/Users/25sal/.pico-sdk/sdk/2.1.0/src/rp2_common/pico_crt0/crt0.S.obj
                0x100001e8                        __binary_info_header_end = .
 *(.embedded_block)
                0x100001e8                        __embedded_block_end = .
 *(.reset)
 .reset         0x100001e8       0x9c src/CMakeFiles/rp2040-freertos-template.dir/C_/Users/25sal/.pico-sdk/sdk/2.1.0/src/rp2_common/pico_crt0/crt0.S.obj
                0x100001e8                _entry_point
 *(.init)
 .init          0x10000284        0x4 C:/Users/25sal/.pico-sdk/toolchain/13_3_Rel1/bin/../lib/gcc/arm-none-eabi/13.3.1/thumb/v6-m/nofp/crti.o
                0x10000284                _init
 *(EXCLUDE_FILE(*libm.a: *libc.a:*lib_a-mem*.o *libgcc.a:) .text*)
 .text.register_tm_clones
                0x10000288       0x28 C:/Users/25sal/.pico-sdk/toolchain/13_3_Rel1/bin/../lib/gcc/arm-none-eabi/13.3.1/thumb/v6-m/nofp/crtbegin.o
 .text.frame_dummy
                0x100002b0       0x24 C:/Users/25sal/.pico-sdk/toolchain/13_3_Rel1/bin/../lib/gcc/arm-none-eabi/13.3.1/thumb/v6-m/nofp/crtbegin.o
 .text.startup.main
                0x100002d4       0x7c src/CMakeFiles/rp2040-freertos-template.dir/main.c.obj
                0x100002d4                main
 .text.ssd1306_draw_char_with_font.part.0
                0x10000350      0x160 src/CMakeFiles/rp2040-freertos-template.dir/ssd1306.c.obj
 .text.ssd1306_init
                0x100004b0      0x144 src/CMakeFiles/rp2040-freertos-template.dir/ssd1306.c.obj
                0x100004b0                ssd1306_init
 .text.ssd1306_clear
                0x100005f4       0x10 src/CMakeFiles/rp2040-freertos-template.dir/ssd1306.c.obj
                0x100005f4                ssd1306_clear
 .text.ssd1306_draw_string
                0x10000604       0x68 src/CMakeFiles/rp2040-freertos-template.dir/ssd1306.c.obj
                0x10000604                ssd1306_draw_string
 .text.ssd1306_show
                0x1000066c       0xd0 src/CMakeFiles/rp2040-freertos-template.dir/ssd1306.c.obj
                0x1000066c                ssd1306_show
 .text.limpeza_dados_entrada.part.0
                0x1000073c       0xac src/CMakeFiles/rp2040-freertos-template.dir/functions.c.obj
 .text.retorno_requisicao_json.constprop.0
                0x100007e8       0xd4 src/CMakeFiles/rp2040-freertos-template.dir/functions.c.obj
 .text.montagem_estrutura_de_envio.constprop.0
                0x100008bc      0x208 src/CMakeFiles/rp2040-freertos-template.dir/functions.c.obj
 .text.task_exibir_infos_OLED
                0x10000ac4      0x274 src/CMakeFiles/rp2040-freertos-template.dir/functions.c.obj
                0x10000ac4                task_exibir_infos_OLED
 .text.limpar_m_json_char
                0x10000d38       0x1c src/CMakeFiles/rp2040-freertos-template.dir/functions.c.obj
                0x10000d38                limpar_m_json_char
 .text.limpar_m_json_int
                0x10000d54       0x1c src/CMakeFiles/rp2040-freertos-template.dir/functions.c.obj
                0x10000d54                limpar_m_json_int
 .text.verificar_porta_acao_especifica
                0x10000d70      0x158 src/CMakeFiles/rp2040-freertos-template.dir/functions.c.obj
                0x10000d70                verificar_porta_acao_especifica
 .text.verificar_dado_em_json_especifico
                0x10000ec8       0xe0 src/CMakeFiles/rp2040-freertos-template.dir/functions.c.obj
                0x10000ec8                verificar_dado_em_json_especifico
 .text.setup_gpios
                0x10000fa8       0x38 src/CMakeFiles/rp2040-freertos-template.dir/functions.c.obj
                0x10000fa8                setup_gpios
 .text.uart_init_custom
                0x10000fe0       0x38 src/CMakeFiles/rp2040-freertos-template.dir/functions.c.obj
                0x10000fe0                uart_init_custom
 .text.receber_mensagem_uart
                0x10001018      0x1a0 src/CMakeFiles/rp2040-freertos-template.dir/functions.c.obj
                0x10001018                receber_mensagem_uart
 .text.task_leitura_uart_receiver
                0x100011b8       0x1c src/CMakeFiles/rp2040-freertos-template.dir/functions.c.obj
                0x100011b8                task_leitura_uart_receiver
 .text.gpio_set_function
                0x100011d4       0x34 src/CMakeFiles/rp2040-freertos-template.dir/C_/Users/25sal/.pico-sdk/sdk/2.1.0/src/rp2_common/hardware_gpio/gpio.c.obj
                0x100011d4                gpio_set_function
 .text.gpio_set_pulls
                0x10001208       0x28 src/CMakeFiles/rp2040-freertos-template.dir/C_/Users/25sal/.pico-sdk/sdk/2.1.0/src/rp2_common/hardware_gpio/gpio.c.obj
                0x10001208                gpio_set_pulls
 .text.rp2040_chip_version
                0x10001230        0xc src/CMakeFiles/rp2040-freertos-template.dir/C_/Users/25sal/.pico-sdk/sdk/2.1.0/src/rp2040/pico_platform/platform.c.obj
                0x10001230                rp2040_chip_version
 .text.panic    0x1000123c       0x30 src/CMakeFiles/rp2040-freertos-template.dir/C_/Users/25sal/.pico-sdk/sdk/2.1.0/src/rp2_common/pico_platform_panic/panic.c.obj
                0x1000123c                panic
 .text.panic_unsupported
                0x1000126c        0xc src/CMakeFiles/rp2040-freertos-template.dir/C_/Users/25sal/.pico-sdk/sdk/2.1.0/src/rp2_common/pico_platform_panic/panic.c.obj
                0x1000126c                panic_unsupported
 .text.hw_claim_or_assert
                0x10001278       0x44 src/CMakeFiles/rp2040-freertos-template.dir/C_/Users/25sal/.pico-sdk/sdk/2.1.0/src/common/hardware_claim/claim.c.obj
                0x10001278                hw_claim_or_assert
 .text.hw_claim_unused_from_range
                0x100012bc       0x9c src/CMakeFiles/rp2040-freertos-template.dir/C_/Users/25sal/.pico-sdk/sdk/2.1.0/src/common/hardware_claim/claim.c.obj
                0x100012bc                hw_claim_unused_from_range
 .text.next_striped_spin_lock_num
                0x10001358       0x18 src/CMakeFiles/rp2040-freertos-template.dir/C_/Users/25sal/.pico-sdk/sdk/2.1.0/src/rp2_common/hardware_sync/sync.c.obj
                0x10001358                next_striped_spin_lock_num
 .text.spin_lock_claim_unused
                0x10001370       0x24 src/CMakeFiles/rp2040-freertos-template.dir/C_/Users/25sal/.pico-sdk/sdk/2.1.0/src/rp2_common/hardware_sync/sync.c.obj
                0x10001370                spin_lock_claim_unused
 .text.spin_locks_reset
                0x10001394       0x1c src/CMakeFiles/rp2040-freertos-template.dir/C_/Users/25sal/.pico-sdk/sdk/2.1.0/src/rp2_common/hardware_sync_spin_lock/sync_spin_lock.c.obj
                0x10001394                spin_locks_reset
 .text.runtime_init_per_core_irq_priorities
                0x100013b0       0x24 src/CMakeFiles/rp2040-freertos-template.dir/C_/Users/25sal/.pico-sdk/sdk/2.1.0/src/rp2_common/hardware_irq/irq.c.obj
                0x100013b0                runtime_init_per_core_irq_priorities
 .text.irq_set_enabled
                0x100013d4       0x24 src/CMakeFiles/rp2040-freertos-template.dir/C_/Users/25sal/.pico-sdk/sdk/2.1.0/src/rp2_common/hardware_irq/irq.c.obj
                0x100013d4                irq_set_enabled
 .text.irq_is_enabled
                0x100013f8       0x18 src/CMakeFiles/rp2040-freertos-template.dir/C_/Users/25sal/.pico-sdk/sdk/2.1.0/src/rp2_common/hardware_irq/irq.c.obj
                0x100013f8                irq_is_enabled
 .text.irq_set_pending
                0x10001410       0x10 src/CMakeFiles/rp2040-freertos-template.dir/C_/Users/25sal/.pico-sdk/sdk/2.1.0/src/rp2_common/hardware_irq/irq.c.obj
                0x10001410                irq_set_pending
 .text.irq_has_shared_handler
                0x10001420       0x2c src/CMakeFiles/rp2040-freertos-template.dir/C_/Users/25sal/.pico-sdk/sdk/2.1.0/src/rp2_common/hardware_irq/irq.c.obj
                0x10001420                irq_has_shared_handler
 .text.irq_set_exclusive_handler
                0x1000144c       0x54 src/CMakeFiles/rp2040-freertos-template.dir/C_/Users/25sal/.pico-sdk/sdk/2.1.0/src/rp2_common/hardware_irq/irq.c.obj
                0x1000144c                irq_set_exclusive_handler
 .text.irq_add_shared_handler
                0x100014a0      0x1f4 src/CMakeFiles/rp2040-freertos-template.dir/C_/Users/25sal/.pico-sdk/sdk/2.1.0/src/rp2_common/hardware_irq/irq.c.obj
                0x100014a0                irq_add_shared_handler
 .text.irq_set_priority
                0x10001694       0x28 src/CMakeFiles/rp2040-freertos-template.dir/C_/Users/25sal/.pico-sdk/sdk/2.1.0/src/rp2_common/hardware_irq/irq.c.obj
                0x10001694                irq_set_priority
 .text.irq_add_tail_to_free_list
                0x100016bc       0xb4 src/CMakeFiles/rp2040-freertos-template.dir/C_/Users/25sal/.pico-sdk/sdk/2.1.0/src/rp2_common/hardware_irq/irq.c.obj
                0x100016bc                irq_add_tail_to_free_list
 .text.user_irq_claim_unused
                0x10001770       0x2c src/CMakeFiles/rp2040-freertos-template.dir/C_/Users/25sal/.pico-sdk/sdk/2.1.0/src/rp2_common/hardware_irq/irq.c.obj
                0x10001770                user_irq_claim_unused
 .text.lock_init
                0x1000179c       0x10 src/CMakeFiles/rp2040-freertos-template.dir/C_/Users/25sal/.pico-sdk/sdk/2.1.0/src/common/pico_sync/lock_core.c.obj
                0x1000179c                lock_init
 .text.runtime_init_mutex
                0x100017ac       0x54 src/CMakeFiles/rp2040-freertos-template.dir/C_/Users/25sal/.pico-sdk/sdk/2.1.0/src/common/pico_sync/mutex.c.obj
                0x100017ac                runtime_init_mutex
 .text.mutex_init
                0x10001800       0x1c src/CMakeFiles/rp2040-freertos-template.dir/C_/Users/25sal/.pico-sdk/sdk/2.1.0/src/common/pico_sync/mutex.c.obj
                0x10001800                mutex_init
 .text.critical_section_init
                0x1000181c       0x1c src/CMakeFiles/rp2040-freertos-template.dir/C_/Users/25sal/.pico-sdk/sdk/2.1.0/src/common/pico_sync/critical_section.c.obj
                0x1000181c                critical_section_init
 .text.critical_section_init_with_lock_num
                0x10001838       0x14 src/CMakeFiles/rp2040-freertos-template.dir/C_/Users/25sal/.pico-sdk/sdk/2.1.0/src/common/pico_sync/critical_section.c.obj
                0x10001838                critical_section_init_with_lock_num
 .text.alarm_pool_irq_handler
                0x1000184c      0x2fc src/CMakeFiles/rp2040-freertos-template.dir/C_/Users/25sal/.pico-sdk/sdk/2.1.0/src/common/pico_time/time.c.obj
 .text.sleep_until_callback
                0x10001b48       0x24 src/CMakeFiles/rp2040-freertos-template.dir/C_/Users/25sal/.pico-sdk/sdk/2.1.0/src/common/pico_time/time.c.obj
 .text.runtime_init_default_alarm_pool
                0x10001b6c       0xdc src/CMakeFiles/rp2040-freertos-template.dir/C_/Users/25sal/.pico-sdk/sdk/2.1.0/src/common/pico_time/time.c.obj
                0x10001b6c                runtime_init_default_alarm_pool
 .text.alarm_pool_get_default
                0x10001c48        0x8 src/CMakeFiles/rp2040-freertos-template.dir/C_/Users/25sal/.pico-sdk/sdk/2.1.0/src/common/pico_time/time.c.obj
                0x10001c48                alarm_pool_get_default
 .text.alarm_pool_add_alarm_at
                0x10001c50       0xd4 src/CMakeFiles/rp2040-freertos-template.dir/C_/Users/25sal/.pico-sdk/sdk/2.1.0/src/common/pico_time/time.c.obj
                0x10001c50                alarm_pool_add_alarm_at
 .text.alarm_pool_add_alarm_at_force_in_context
                0x10001d24       0xb0 src/CMakeFiles/rp2040-freertos-template.dir/C_/Users/25sal/.pico-sdk/sdk/2.1.0/src/common/pico_time/time.c.obj
                0x10001d24                alarm_pool_add_alarm_at_force_in_context
 .text.alarm_pool_cancel_alarm
                0x10001dd4       0x74 src/CMakeFiles/rp2040-freertos-template.dir/C_/Users/25sal/.pico-sdk/sdk/2.1.0/src/common/pico_time/time.c.obj
                0x10001dd4                alarm_pool_cancel_alarm
 .text.alarm_pool_core_num
                0x10001e48        0x4 src/CMakeFiles/rp2040-freertos-template.dir/C_/Users/25sal/.pico-sdk/sdk/2.1.0/src/common/pico_time/time.c.obj
                0x10001e48                alarm_pool_core_num
 .text.sleep_until
                0x10001e4c       0xcc src/CMakeFiles/rp2040-freertos-template.dir/C_/Users/25sal/.pico-sdk/sdk/2.1.0/src/common/pico_time/time.c.obj
                0x10001e4c                sleep_until
 .text.sleep_ms
                0x10001f18       0x38 src/CMakeFiles/rp2040-freertos-template.dir/C_/Users/25sal/.pico-sdk/sdk/2.1.0/src/common/pico_time/time.c.obj
                0x10001f18                sleep_ms
 .text.best_effort_wfe_or_timeout
                0x10001f50       0xe0 src/CMakeFiles/rp2040-freertos-template.dir/C_/Users/25sal/.pico-sdk/sdk/2.1.0/src/common/pico_time/time.c.obj
                0x10001f50                best_effort_wfe_or_timeout
 .text.timer_hardware_alarm_claim
                0x10002030       0x14 src/CMakeFiles/rp2040-freertos-template.dir/C_/Users/25sal/.pico-sdk/sdk/2.1.0/src/rp2_common/hardware_timer/timer.c.obj
                0x10002030                timer_hardware_alarm_claim
 .text.timer_time_us_64
                0x10002044       0x10 src/CMakeFiles/rp2040-freertos-template.dir/C_/Users/25sal/.pico-sdk/sdk/2.1.0/src/rp2_common/hardware_timer/timer.c.obj
                0x10002044                timer_time_us_64
 .text.time_us_64
                0x10002054       0x14 src/CMakeFiles/rp2040-freertos-template.dir/C_/Users/25sal/.pico-sdk/sdk/2.1.0/src/rp2_common/hardware_timer/timer.c.obj
                0x10002054                time_us_64
 .text.busy_wait_us
                0x10002068       0x68 src/CMakeFiles/rp2040-freertos-template.dir/C_/Users/25sal/.pico-sdk/sdk/2.1.0/src/rp2_common/hardware_timer/timer.c.obj
                0x10002068                busy_wait_us
 .text.busy_wait_until
                0x100020d0       0x20 src/CMakeFiles/rp2040-freertos-template.dir/C_/Users/25sal/.pico-sdk/sdk/2.1.0/src/rp2_common/hardware_timer/timer.c.obj
                0x100020d0                busy_wait_until
 .text.uart_init
                0x100020f0      0x120 src/CMakeFiles/rp2040-freertos-template.dir/C_/Users/25sal/.pico-sdk/sdk/2.1.0/src/rp2_common/hardware_uart/uart.c.obj
                0x100020f0                uart_init
 .text.uart_set_format
                0x10002210       0x78 src/CMakeFiles/rp2040-freertos-template.dir/C_/Users/25sal/.pico-sdk/sdk/2.1.0/src/rp2_common/hardware_uart/uart.c.obj
                0x10002210                uart_set_format
 .text.uart_set_fifo_enabled
                0x10002288       0x5c src/CMakeFiles/rp2040-freertos-template.dir/C_/Users/25sal/.pico-sdk/sdk/2.1.0/src/rp2_common/hardware_uart/uart.c.obj
                0x10002288                uart_set_fifo_enabled
 .text.clock_configure_int_divider
                0x100022e4       0xf4 src/CMakeFiles/rp2040-freertos-template.dir/C_/Users/25sal/.pico-sdk/sdk/2.1.0/src/rp2_common/hardware_clocks/clocks.c.obj
                0x100022e4                clock_configure_int_divider
 .text.clock_configure_undivided
                0x100023d8       0xe8 src/CMakeFiles/rp2040-freertos-template.dir/C_/Users/25sal/.pico-sdk/sdk/2.1.0/src/rp2_common/hardware_clocks/clocks.c.obj
                0x100023d8                clock_configure_undivided
 .text.clock_get_hz
                0x100024c0        0xc src/CMakeFiles/rp2040-freertos-template.dir/C_/Users/25sal/.pico-sdk/sdk/2.1.0/src/rp2_common/hardware_clocks/clocks.c.obj
                0x100024c0                clock_get_hz
 .text.pll_init
                0x100024cc       0xa4 src/CMakeFiles/rp2040-freertos-template.dir/C_/Users/25sal/.pico-sdk/sdk/2.1.0/src/rp2_common/hardware_pll/pll.c.obj
                0x100024cc                pll_init
 .text.watchdog_reboot
                0x10002570       0x9c src/CMakeFiles/rp2040-freertos-template.dir/C_/Users/25sal/.pico-sdk/sdk/2.1.0/src/rp2_common/hardware_watchdog/watchdog.c.obj
                0x10002570                watchdog_reboot
 .text.tick_start
                0x1000260c       0x10 src/CMakeFiles/rp2040-freertos-template.dir/C_/Users/25sal/.pico-sdk/sdk/2.1.0/src/rp2_common/hardware_ticks/ticks.c.obj
                0x1000260c                tick_start
 .text.rom_func_lookup
                0x1000261c       0x10 src/CMakeFiles/rp2040-freertos-template.dir/C_/Users/25sal/.pico-sdk/sdk/2.1.0/src/rp2_common/pico_bootrom/bootrom.c.obj
                0x1000261c                rom_func_lookup
 .text.rom_data_lookup
                0x1000262c       0x10 src/CMakeFiles/rp2040-freertos-template.dir/C_/Users/25sal/.pico-sdk/sdk/2.1.0/src/rp2_common/pico_bootrom/bootrom.c.obj
                0x1000262c                rom_data_lookup
 .text.rom_funcs_lookup
                0x1000263c       0x44 src/CMakeFiles/rp2040-freertos-template.dir/C_/Users/25sal/.pico-sdk/sdk/2.1.0/src/rp2_common/pico_bootrom/bootrom.c.obj
                0x1000263c                rom_funcs_lookup
 .text.rom_reset_usb_boot_extra
                0x10002680       0x28 src/CMakeFiles/rp2040-freertos-template.dir/C_/Users/25sal/.pico-sdk/sdk/2.1.0/src/rp2_common/pico_bootrom/bootrom.c.obj
                0x10002680                rom_reset_usb_boot_extra
 .text.xosc_init
                0x100026a8       0x28 src/CMakeFiles/rp2040-freertos-template.dir/C_/Users/25sal/.pico-sdk/sdk/2.1.0/src/rp2_common/hardware_xosc/xosc.c.obj
                0x100026a8                xosc_init
 .text.first_per_core_initializer
                0x100026d0        0x4 src/CMakeFiles/rp2040-freertos-template.dir/C_/Users/25sal/.pico-sdk/sdk/2.1.0/src/rp2_common/pico_runtime/runtime.c.obj
 .text.hard_assertion_failure
                0x100026d4        0xc src/CMakeFiles/rp2040-freertos-template.dir/C_/Users/25sal/.pico-sdk/sdk/2.1.0/src/rp2_common/pico_runtime/runtime.c.obj
                0x100026d4                hard_assertion_failure
 .text.runtime_run_initializers
                0x100026e0       0x28 src/CMakeFiles/rp2040-freertos-template.dir/C_/Users/25sal/.pico-sdk/sdk/2.1.0/src/rp2_common/pico_runtime/runtime.c.obj
                0x100026e0                runtime_run_initializers
 .text.runtime_init_early_resets
                0x10002708       0x2c src/CMakeFiles/rp2040-freertos-template.dir/C_/Users/25sal/.pico-sdk/sdk/2.1.0/src/rp2_common/pico_runtime_init/runtime_init.c.obj
                0x10002708                runtime_init_early_resets
 .text.runtime_init_usb_power_down
                0x10002734       0x1c src/CMakeFiles/rp2040-freertos-template.dir/C_/Users/25sal/.pico-sdk/sdk/2.1.0/src/rp2_common/pico_runtime_init/runtime_init.c.obj
                0x10002734                runtime_init_usb_power_down
 .text.runtime_init_post_clock_resets
                0x10002750       0x20 src/CMakeFiles/rp2040-freertos-template.dir/C_/Users/25sal/.pico-sdk/sdk/2.1.0/src/rp2_common/pico_runtime_init/runtime_init.c.obj
                0x10002750                runtime_init_post_clock_resets
 .text.runtime_init_rp2040_gpio_ie_disable
                0x10002770       0x14 src/CMakeFiles/rp2040-freertos-template.dir/C_/Users/25sal/.pico-sdk/sdk/2.1.0/src/rp2_common/pico_runtime_init/runtime_init.c.obj
                0x10002770                runtime_init_rp2040_gpio_ie_disable
 .text.runtime_init_spin_locks_reset
                0x10002784        0x8 src/CMakeFiles/rp2040-freertos-template.dir/C_/Users/25sal/.pico-sdk/sdk/2.1.0/src/rp2_common/pico_runtime_init/runtime_init.c.obj
                0x10002784                runtime_init_spin_locks_reset
 .text.runtime_init_install_ram_vector_table
                0x1000278c       0x1c src/CMakeFiles/rp2040-freertos-template.dir/C_/Users/25sal/.pico-sdk/sdk/2.1.0/src/rp2_common/pico_runtime_init/runtime_init.c.obj
                0x1000278c                runtime_init_install_ram_vector_table
 .text.runtime_init_clocks
                0x100027a8       0xd8 src/CMakeFiles/rp2040-freertos-template.dir/C_/Users/25sal/.pico-sdk/sdk/2.1.0/src/rp2_common/pico_runtime_init/runtime_init_clocks.c.obj
                0x100027a8                runtime_init_clocks
 .text          0x10002880       0x10 src/CMakeFiles/rp2040-freertos-template.dir/C_/Users/25sal/.pico-sdk/sdk/2.1.0/src/rp2_common/pico_bit_ops/bit_ops_aeabi.S.obj
 .text.__wrap___aeabi_idiv
                0x10002890       0x50 src/CMakeFiles/rp2040-freertos-template.dir/C_/Users/25sal/.pico-sdk/sdk/2.1.0/src/rp2_common/pico_divider/divider_hardware.S.obj
                0x10002890                __wrap___aeabi_idivmod
                0x10002890                divmod_s32s32
                0x10002890                div_s32s32
                0x10002890                __wrap___aeabi_idiv
                0x10002898                divmod_s32s32_unsafe
                0x100028c4                divmod_s32s32_savestate
 .text.__wrap___aeabi_uidiv
                0x100028e0       0x4c src/CMakeFiles/rp2040-freertos-template.dir/C_/Users/25sal/.pico-sdk/sdk/2.1.0/src/rp2_common/pico_divider/divider_hardware.S.obj
                0x100028e0                __wrap___aeabi_uidiv
                0x100028e0                __wrap___aeabi_uidivmod
                0x100028e0                div_u32u32
                0x100028e0                divmod_u32u32
                0x100028e8                divmod_u32u32_unsafe
                0x10002910                divmod_u32u32_savestate
 .text.__wrap___aeabi_ldiv
                0x1000292c      0x424 src/CMakeFiles/rp2040-freertos-template.dir/C_/Users/25sal/.pico-sdk/sdk/2.1.0/src/rp2_common/pico_divider/divider_hardware.S.obj
                0x1000292c                div_s64s64
                0x1000292c                divmod_s64s64
                0x1000292c                __wrap___aeabi_ldivmod
                0x1000295c                divmod_u64u64
                0x1000295c                div_u64u64
                0x1000295c                __wrap___aeabi_uldivmod
                0x1000296c                divmod_u64u64_savestate
                0x1000298c                divmod_s64s64_unsafe
                0x10002a14                divmod_u64u64_unsafe
 .text.__wrap___aeabi_darithmetic
                0x10002d50       0x60 src/CMakeFiles/rp2040-freertos-template.dir/C_/Users/25sal/.pico-sdk/sdk/2.1.0/src/rp2_common/pico_double/double_aeabi_rp2040.S.obj
                0x10002d50                __wrap___aeabi_drsub
                0x10002d56                __wrap___aeabi_dsub
                0x10002d60                __wrap___aeabi_dadd
                0x10002d6a                __wrap___aeabi_ddiv
                0x10002d9e                __wrap___aeabi_dmul
 .text.__wrap___aeabi_cdcmple
                0x10002db0       0x6c src/CMakeFiles/rp2040-freertos-template.dir/C_/Users/25sal/.pico-sdk/sdk/2.1.0/src/rp2_common/pico_double/double_aeabi_rp2040.S.obj
                0x10002db0                __wrap___aeabi_cdrcmple
                0x10002dc0                __wrap___aeabi_cdcmpeq
                0x10002dc0                __wrap___aeabi_cdcmple
 .text.__wrap___aeabi_dcmplt
                0x10002e1c        0xc src/CMakeFiles/rp2040-freertos-template.dir/C_/Users/25sal/.pico-sdk/sdk/2.1.0/src/rp2_common/pico_double/double_aeabi_rp2040.S.obj
                0x10002e1c                __wrap___aeabi_dcmplt
 .text.__wrap___aeabi_dcmpge
                0x10002e28       0x10 src/CMakeFiles/rp2040-freertos-template.dir/C_/Users/25sal/.pico-sdk/sdk/2.1.0/src/rp2_common/pico_double/double_aeabi_rp2040.S.obj
                0x10002e28                __wrap___aeabi_dcmpge
 .text.__wrap___aeabi_dcmpgt
                0x10002e38        0xa src/CMakeFiles/rp2040-freertos-template.dir/C_/Users/25sal/.pico-sdk/sdk/2.1.0/src/rp2_common/pico_double/double_aeabi_rp2040.S.obj
                0x10002e38                __wrap___aeabi_dcmpgt
 .text.__wrap___aeabi_dcmpun
                0x10002e42       0x18 src/CMakeFiles/rp2040-freertos-template.dir/C_/Users/25sal/.pico-sdk/sdk/2.1.0/src/rp2_common/pico_double/double_aeabi_rp2040.S.obj
                0x10002e42                __wrap___aeabi_dcmpun
 *fill*         0x10002e5a        0x2 
 .text.__wrap___aeabi_i2d
                0x10002e5c       0x38 src/CMakeFiles/rp2040-freertos-template.dir/C_/Users/25sal/.pico-sdk/sdk/2.1.0/src/rp2_common/pico_double/double_aeabi_rp2040.S.obj
                0x10002e5c                __wrap___aeabi_ui2d
                0x10002e64                __wrap___aeabi_i2d
 .text.__wrap___aeabi_d2iz
                0x10002e94       0x48 src/CMakeFiles/rp2040-freertos-template.dir/C_/Users/25sal/.pico-sdk/sdk/2.1.0/src/rp2_common/pico_double/double_aeabi_rp2040.S.obj
                0x10002e94                double2int_z
                0x10002e94                __wrap___aeabi_d2iz
 .text.__wrap___aeabi_d2uiz
                0x10002edc       0x10 src/CMakeFiles/rp2040-freertos-template.dir/C_/Users/25sal/.pico-sdk/sdk/2.1.0/src/rp2_common/pico_double/double_aeabi_rp2040.S.obj
                0x10002edc                __wrap___aeabi_d2uiz
                0x10002edc                double2uint
 .text.missing_double_func_shim
                0x10002eec        0xc src/CMakeFiles/rp2040-freertos-template.dir/C_/Users/25sal/.pico-sdk/sdk/2.1.0/src/rp2_common/pico_double/double_init_rom_rp2040.c.obj
 .text.__aeabi_double_init
                0x10002ef8       0xa0 src/CMakeFiles/rp2040-freertos-template.dir/C_/Users/25sal/.pico-sdk/sdk/2.1.0/src/rp2_common/pico_double/double_init_rom_rp2040.c.obj
                0x10002ef8                __aeabi_double_init
 .text.double_table_shim_on_use_helper
                0x10002f98       0x2c src/CMakeFiles/rp2040-freertos-template.dir/C_/Users/25sal/.pico-sdk/sdk/2.1.0/src/rp2_common/pico_double/double_v1_rom_shim_rp2040.S.obj
                0x10002f98                double_table_shim_on_use_helper
 .text.__aeabi_lmul
                0x10002fc4       0x32 src/CMakeFiles/rp2040-freertos-template.dir/C_/Users/25sal/.pico-sdk/sdk/2.1.0/src/rp2_common/pico_int64_ops/pico_int64_ops_aeabi.S.obj
                0x10002fc4                __wrap___aeabi_lmul
 *fill*         0x10002ff6        0x2 
 .text.missing_float_func_shim
                0x10002ff8        0xc src/CMakeFiles/rp2040-freertos-template.dir/C_/Users/25sal/.pico-sdk/sdk/2.1.0/src/rp2_common/pico_float/float_init_rom_rp2040.c.obj
 .text.__aeabi_float_init
                0x10003004       0x5c src/CMakeFiles/rp2040-freertos-template.dir/C_/Users/25sal/.pico-sdk/sdk/2.1.0/src/rp2_common/pico_float/float_init_rom_rp2040.c.obj
                0x10003004                __aeabi_float_init
 .text.__wrap_malloc
                0x10003060       0x3c src/CMakeFiles/rp2040-freertos-template.dir/C_/Users/25sal/.pico-sdk/sdk/2.1.0/src/rp2_common/pico_malloc/malloc.c.obj
                0x10003060                __wrap_malloc
 .text          0x1000309c       0x10 src/CMakeFiles/rp2040-freertos-template.dir/C_/Users/25sal/.pico-sdk/sdk/2.1.0/src/rp2_common/pico_mem_ops/mem_ops_aeabi.S.obj
                0x1000309c                __aeabi_mem_init
 .text.memset   0x100030ac        0xc src/CMakeFiles/rp2040-freertos-template.dir/C_/Users/25sal/.pico-sdk/sdk/2.1.0/src/rp2_common/pico_mem_ops/mem_ops_aeabi.S.obj
                0x100030ac                __wrap_memset
 .text.memcpy   0x100030b8        0xc src/CMakeFiles/rp2040-freertos-template.dir/C_/Users/25sal/.pico-sdk/sdk/2.1.0/src/rp2_common/pico_mem_ops/mem_ops_aeabi.S.obj
                0x100030b8                __wrap_memcpy
                0x100030b8                __wrap___aeabi_memcpy
 .text._out_buffer
                0x100030c4        0x8 src/CMakeFiles/rp2040-freertos-template.dir/C_/Users/25sal/.pico-sdk/sdk/2.1.0/src/rp2_common/pico_printf/printf.c.obj
 .text._out_null
                0x100030cc        0x4 src/CMakeFiles/rp2040-freertos-template.dir/C_/Users/25sal/.pico-sdk/sdk/2.1.0/src/rp2_common/pico_printf/printf.c.obj
 .text._out_rev
                0x100030d0       0xac src/CMakeFiles/rp2040-freertos-template.dir/C_/Users/25sal/.pico-sdk/sdk/2.1.0/src/rp2_common/pico_printf/printf.c.obj
 .text._ntoa_format
                0x1000317c      0x250 src/CMakeFiles/rp2040-freertos-template.dir/C_/Users/25sal/.pico-sdk/sdk/2.1.0/src/rp2_common/pico_printf/printf.c.obj
 .text._out_char
                0x100033cc       0x10 src/CMakeFiles/rp2040-freertos-template.dir/C_/Users/25sal/.pico-sdk/sdk/2.1.0/src/rp2_common/pico_printf/printf.c.obj
 .text._out_fct
                0x100033dc       0x10 src/CMakeFiles/rp2040-freertos-template.dir/C_/Users/25sal/.pico-sdk/sdk/2.1.0/src/rp2_common/pico_printf/printf.c.obj
 .text._etoa    0x100033ec      0x464 src/CMakeFiles/rp2040-freertos-template.dir/C_/Users/25sal/.pico-sdk/sdk/2.1.0/src/rp2_common/pico_printf/printf.c.obj
 .text._ftoa    0x10003850      0x3c0 src/CMakeFiles/rp2040-freertos-template.dir/C_/Users/25sal/.pico-sdk/sdk/2.1.0/src/rp2_common/pico_printf/printf.c.obj
 .text._vsnprintf
                0x10003c10      0xbc8 src/CMakeFiles/rp2040-freertos-template.dir/C_/Users/25sal/.pico-sdk/sdk/2.1.0/src/rp2_common/pico_printf/printf.c.obj
 .text.__wrap_snprintf
                0x100047d8       0x28 src/CMakeFiles/rp2040-freertos-template.dir/C_/Users/25sal/.pico-sdk/sdk/2.1.0/src/rp2_common/pico_printf/printf.c.obj
                0x100047d8                __wrap_snprintf
 .text.vfctprintf
                0x10004800       0x20 src/CMakeFiles/rp2040-freertos-template.dir/C_/Users/25sal/.pico-sdk/sdk/2.1.0/src/rp2_common/pico_printf/printf.c.obj
                0x10004800                vfctprintf
 .text.weak_raw_vprintf
                0x10004820       0x30 src/CMakeFiles/rp2040-freertos-template.dir/C_/Users/25sal/.pico-sdk/sdk/2.1.0/src/rp2_common/pico_printf/printf.c.obj
                0x10004820                weak_raw_vprintf
 .text._exit    0x10004850        0x4 src/CMakeFiles/rp2040-freertos-template.dir/C_/Users/25sal/.pico-sdk/sdk/2.1.0/src/rp2_common/pico_clib_interface/newlib_interface.c.obj
                0x10004850                _exit
 .text._sbrk    0x10004854       0x34 src/CMakeFiles/rp2040-freertos-template.dir/C_/Users/25sal/.pico-sdk/sdk/2.1.0/src/rp2_common/pico_clib_interface/newlib_interface.c.obj
                0x10004854                _sbrk
 .text.exit     0x10004888        0x8 src/CMakeFiles/rp2040-freertos-template.dir/C_/Users/25sal/.pico-sdk/sdk/2.1.0/src/rp2_common/pico_clib_interface/newlib_interface.c.obj
                0x10004888                exit
 .text.runtime_init
                0x10004890       0x2c src/CMakeFiles/rp2040-freertos-template.dir/C_/Users/25sal/.pico-sdk/sdk/2.1.0/src/rp2_common/pico_clib_interface/newlib_interface.c.obj
                0x10004890                runtime_init
 .text.stdio_out_chars_no_crlf
                0x100048bc       0x10 src/CMakeFiles/rp2040-freertos-template.dir/C_/Users/25sal/.pico-sdk/sdk/2.1.0/src/rp2_common/pico_stdio/stdio.c.obj
 .text.stdio_out_chars_crlf
                0x100048cc       0x94 src/CMakeFiles/rp2040-freertos-template.dir/C_/Users/25sal/.pico-sdk/sdk/2.1.0/src/rp2_common/pico_stdio/stdio.c.obj
 .text.stdio_buffered_printer
                0x10004960       0x64 src/CMakeFiles/rp2040-freertos-template.dir/C_/Users/25sal/.pico-sdk/sdk/2.1.0/src/rp2_common/pico_stdio/stdio.c.obj
 .text.stdio_put_string
                0x100049c4      0x100 src/CMakeFiles/rp2040-freertos-template.dir/C_/Users/25sal/.pico-sdk/sdk/2.1.0/src/rp2_common/pico_stdio/stdio.c.obj
                0x100049c4                stdio_put_string
 .text.stdio_set_driver_enabled
                0x10004ac4       0x30 src/CMakeFiles/rp2040-freertos-template.dir/C_/Users/25sal/.pico-sdk/sdk/2.1.0/src/rp2_common/pico_stdio/stdio.c.obj
                0x10004ac4                stdio_set_driver_enabled
 .text.stdio_init_all
                0x10004af4        0x8 src/CMakeFiles/rp2040-freertos-template.dir/C_/Users/25sal/.pico-sdk/sdk/2.1.0/src/rp2_common/pico_stdio/stdio.c.obj
                0x10004af4                stdio_init_all
 .text.__wrap_putchar
                0x10004afc       0x98 src/CMakeFiles/rp2040-freertos-template.dir/C_/Users/25sal/.pico-sdk/sdk/2.1.0/src/rp2_common/pico_stdio/stdio.c.obj
                0x10004afc                __wrap_putchar
                0x10004afc                stdio_putchar
 .text.__wrap_puts
                0x10004b94       0x3c src/CMakeFiles/rp2040-freertos-template.dir/C_/Users/25sal/.pico-sdk/sdk/2.1.0/src/rp2_common/pico_stdio/stdio.c.obj
                0x10004b94                stdio_puts
                0x10004b94                __wrap_puts
 .text.__wrap_vprintf
                0x10004bd0       0xd4 src/CMakeFiles/rp2040-freertos-template.dir/C_/Users/25sal/.pico-sdk/sdk/2.1.0/src/rp2_common/pico_stdio/stdio.c.obj
                0x10004bd0                stdio_vprintf
                0x10004bd0                __wrap_vprintf
 .text.__wrap_printf
                0x10004ca4       0x18 src/CMakeFiles/rp2040-freertos-template.dir/C_/Users/25sal/.pico-sdk/sdk/2.1.0/src/rp2_common/pico_stdio/stdio.c.obj
                0x10004ca4                __wrap_printf
                0x10004ca4                stdio_printf
 .text.resetd_init
                0x10004cbc        0x4 src/CMakeFiles/rp2040-freertos-template.dir/C_/Users/25sal/.pico-sdk/sdk/2.1.0/src/rp2_common/pico_stdio_usb/reset_interface.c.obj
 .text.resetd_reset
                0x10004cc0        0xc src/CMakeFiles/rp2040-freertos-template.dir/C_/Users/25sal/.pico-sdk/sdk/2.1.0/src/rp2_common/pico_stdio_usb/reset_interface.c.obj
 .text.resetd_open
                0x10004ccc       0x28 src/CMakeFiles/rp2040-freertos-template.dir/C_/Users/25sal/.pico-sdk/sdk/2.1.0/src/rp2_common/pico_stdio_usb/reset_interface.c.obj
 .text.resetd_xfer_cb
                0x10004cf4        0x4 src/CMakeFiles/rp2040-freertos-template.dir/C_/Users/25sal/.pico-sdk/sdk/2.1.0/src/rp2_common/pico_stdio_usb/reset_interface.c.obj
 .text.resetd_control_xfer_cb
                0x10004cf8       0x5c src/CMakeFiles/rp2040-freertos-template.dir/C_/Users/25sal/.pico-sdk/sdk/2.1.0/src/rp2_common/pico_stdio_usb/reset_interface.c.obj
 .text.tud_descriptor_bos_cb
                0x10004d54        0x8 src/CMakeFiles/rp2040-freertos-template.dir/C_/Users/25sal/.pico-sdk/sdk/2.1.0/src/rp2_common/pico_stdio_usb/reset_interface.c.obj
                0x10004d54                tud_descriptor_bos_cb
 .text.tud_vendor_control_xfer_cb
                0x10004d5c       0x34 src/CMakeFiles/rp2040-freertos-template.dir/C_/Users/25sal/.pico-sdk/sdk/2.1.0/src/rp2_common/pico_stdio_usb/reset_interface.c.obj
                0x10004d5c                tud_vendor_control_xfer_cb
 .text.usbd_app_driver_get_cb
                0x10004d90        0xc src/CMakeFiles/rp2040-freertos-template.dir/C_/Users/25sal/.pico-sdk/sdk/2.1.0/src/rp2_common/pico_stdio_usb/reset_interface.c.obj
                0x10004d90                usbd_app_driver_get_cb
 .text.tud_cdc_line_coding_cb
                0x10004d9c       0x2c src/CMakeFiles/rp2040-freertos-template.dir/C_/Users/25sal/.pico-sdk/sdk/2.1.0/src/rp2_common/pico_stdio_usb/reset_interface.c.obj
                0x10004d9c                tud_cdc_line_coding_cb
 .text.stdio_usb_set_chars_available_callback
                0x10004dc8       0x14 src/CMakeFiles/rp2040-freertos-template.dir/C_/Users/25sal/.pico-sdk/sdk/2.1.0/src/rp2_common/pico_stdio_usb/stdio_usb.c.obj
                0x10004dc8                stdio_usb_set_chars_available_callback
 .text.usb_irq  0x10004ddc       0x10 src/CMakeFiles/rp2040-freertos-template.dir/C_/Users/25sal/.pico-sdk/sdk/2.1.0/src/rp2_common/pico_stdio_usb/stdio_usb.c.obj
 .text.timer_task
                0x10004dec       0x64 src/CMakeFiles/rp2040-freertos-template.dir/C_/Users/25sal/.pico-sdk/sdk/2.1.0/src/rp2_common/pico_stdio_usb/stdio_usb.c.obj
 .text.stdio_usb_in_chars
                0x10004e50       0x90 src/CMakeFiles/rp2040-freertos-template.dir/C_/Users/25sal/.pico-sdk/sdk/2.1.0/src/rp2_common/pico_stdio_usb/stdio_usb.c.obj
                0x10004e50                stdio_usb_in_chars
 .text.stdio_usb_out_flush
                0x10004ee0       0x50 src/CMakeFiles/rp2040-freertos-template.dir/C_/Users/25sal/.pico-sdk/sdk/2.1.0/src/rp2_common/pico_stdio_usb/stdio_usb.c.obj
 .text.stdio_usb_out_chars
                0x10004f30      0x104 src/CMakeFiles/rp2040-freertos-template.dir/C_/Users/25sal/.pico-sdk/sdk/2.1.0/src/rp2_common/pico_stdio_usb/stdio_usb.c.obj
 .text.low_priority_worker_irq
                0x10005034       0xcc src/CMakeFiles/rp2040-freertos-template.dir/C_/Users/25sal/.pico-sdk/sdk/2.1.0/src/rp2_common/pico_stdio_usb/stdio_usb.c.obj
 .text.stdio_usb_init
                0x10005100       0xe8 src/CMakeFiles/rp2040-freertos-template.dir/C_/Users/25sal/.pico-sdk/sdk/2.1.0/src/rp2_common/pico_stdio_usb/stdio_usb.c.obj
                0x10005100                stdio_usb_init
 .text.tud_descriptor_device_cb
                0x100051e8        0x8 src/CMakeFiles/rp2040-freertos-template.dir/C_/Users/25sal/.pico-sdk/sdk/2.1.0/src/rp2_common/pico_stdio_usb/stdio_usb_descriptors.c.obj
                0x100051e8                tud_descriptor_device_cb
 .text.tud_descriptor_configuration_cb
                0x100051f0        0x8 src/CMakeFiles/rp2040-freertos-template.dir/C_/Users/25sal/.pico-sdk/sdk/2.1.0/src/rp2_common/pico_stdio_usb/stdio_usb_descriptors.c.obj
                0x100051f0                tud_descriptor_configuration_cb
 .text.tud_descriptor_string_cb
                0x100051f8       0x78 src/CMakeFiles/rp2040-freertos-template.dir/C_/Users/25sal/.pico-sdk/sdk/2.1.0/src/rp2_common/pico_stdio_usb/stdio_usb_descriptors.c.obj
                0x100051f8                tud_descriptor_string_cb
 .text.startup._retrieve_unique_id_on_boot
                0x10005270       0x10 src/CMakeFiles/rp2040-freertos-template.dir/C_/Users/25sal/.pico-sdk/sdk/2.1.0/src/rp2_common/pico_unique_id/unique_id.c.obj
 .text.pico_get_unique_board_id_string
                0x10005280      0x1a8 src/CMakeFiles/rp2040-freertos-template.dir/C_/Users/25sal/.pico-sdk/sdk/2.1.0/src/rp2_common/pico_unique_id/unique_id.c.obj
                0x10005280                pico_get_unique_board_id_string
 .text.flash_get_unique_id
                0x10005428       0x3c src/CMakeFiles/rp2040-freertos-template.dir/C_/Users/25sal/.pico-sdk/sdk/2.1.0/src/rp2_common/hardware_flash/flash.c.obj
                0x10005428                flash_get_unique_id
 .text.dcd_init
                0x10005464       0x8c src/CMakeFiles/rp2040-freertos-template.dir/C_/Users/25sal/.pico-sdk/sdk/2.1.0/lib/tinyusb/src/portable/raspberrypi/rp2040/dcd_rp2040.c.obj
                0x10005464                dcd_init
 .text.dcd_int_enable
                0x100054f0        0xc src/CMakeFiles/rp2040-freertos-template.dir/C_/Users/25sal/.pico-sdk/sdk/2.1.0/lib/tinyusb/src/portable/raspberrypi/rp2040/dcd_rp2040.c.obj
                0x100054f0                dcd_int_enable
 .text.dcd_set_address
                0x100054fc       0x14 src/CMakeFiles/rp2040-freertos-template.dir/C_/Users/25sal/.pico-sdk/sdk/2.1.0/lib/tinyusb/src/portable/raspberrypi/rp2040/dcd_rp2040.c.obj
                0x100054fc                dcd_set_address
 .text.dcd_sof_enable
                0x10005510       0x1c src/CMakeFiles/rp2040-freertos-template.dir/C_/Users/25sal/.pico-sdk/sdk/2.1.0/lib/tinyusb/src/portable/raspberrypi/rp2040/dcd_rp2040.c.obj
                0x10005510                dcd_sof_enable
 .text.dcd_edpt0_status_complete
                0x1000552c       0x1c src/CMakeFiles/rp2040-freertos-template.dir/C_/Users/25sal/.pico-sdk/sdk/2.1.0/lib/tinyusb/src/portable/raspberrypi/rp2040/dcd_rp2040.c.obj
                0x1000552c                dcd_edpt0_status_complete
 .text.dcd_edpt_open
                0x10005548      0x108 src/CMakeFiles/rp2040-freertos-template.dir/C_/Users/25sal/.pico-sdk/sdk/2.1.0/lib/tinyusb/src/portable/raspberrypi/rp2040/dcd_rp2040.c.obj
                0x10005548                dcd_edpt_open
 .text.dcd_edpt_close_all
                0x10005650        0x8 src/CMakeFiles/rp2040-freertos-template.dir/C_/Users/25sal/.pico-sdk/sdk/2.1.0/lib/tinyusb/src/portable/raspberrypi/rp2040/dcd_rp2040.c.obj
                0x10005650                dcd_edpt_close_all
 .text.dcd_edpt_xfer
                0x10005658       0x24 src/CMakeFiles/rp2040-freertos-template.dir/C_/Users/25sal/.pico-sdk/sdk/2.1.0/lib/tinyusb/src/portable/raspberrypi/rp2040/dcd_rp2040.c.obj
                0x10005658                dcd_edpt_xfer
 .text.dcd_edpt_stall
                0x1000567c       0x34 src/CMakeFiles/rp2040-freertos-template.dir/C_/Users/25sal/.pico-sdk/sdk/2.1.0/lib/tinyusb/src/portable/raspberrypi/rp2040/dcd_rp2040.c.obj
                0x1000567c                dcd_edpt_stall
 .text.dcd_edpt_clear_stall
                0x100056b0       0x30 src/CMakeFiles/rp2040-freertos-template.dir/C_/Users/25sal/.pico-sdk/sdk/2.1.0/lib/tinyusb/src/portable/raspberrypi/rp2040/dcd_rp2040.c.obj
                0x100056b0                dcd_edpt_clear_stall
 .text.rp2040_usb_init
                0x100056e0       0x40 src/CMakeFiles/rp2040-freertos-template.dir/C_/Users/25sal/.pico-sdk/sdk/2.1.0/lib/tinyusb/src/portable/raspberrypi/rp2040/rp2040_usb.c.obj
                0x100056e0                rp2040_usb_init
 .text.hw_endpoint_xfer_start
                0x10005720       0x40 src/CMakeFiles/rp2040-freertos-template.dir/C_/Users/25sal/.pico-sdk/sdk/2.1.0/lib/tinyusb/src/portable/raspberrypi/rp2040/rp2040_usb.c.obj
                0x10005720                hw_endpoint_xfer_start
 .text.tud_event_hook_cb
                0x10005760        0x4 src/CMakeFiles/rp2040-freertos-template.dir/C_/Users/25sal/.pico-sdk/sdk/2.1.0/lib/tinyusb/src/device/usbd.c.obj
                0x10005760                tud_event_hook_cb
 .text.tud_sof_cb
                0x10005764        0x4 src/CMakeFiles/rp2040-freertos-template.dir/C_/Users/25sal/.pico-sdk/sdk/2.1.0/lib/tinyusb/src/device/usbd.c.obj
                0x10005764                tud_sof_cb
 .text.tud_descriptor_device_qualifier_cb
                0x10005768        0x4 src/CMakeFiles/rp2040-freertos-template.dir/C_/Users/25sal/.pico-sdk/sdk/2.1.0/lib/tinyusb/src/device/usbd.c.obj
                0x10005768                tud_descriptor_device_qualifier_cb
 .text.tud_descriptor_other_speed_configuration_cb
                0x1000576c        0x4 src/CMakeFiles/rp2040-freertos-template.dir/C_/Users/25sal/.pico-sdk/sdk/2.1.0/lib/tinyusb/src/device/usbd.c.obj
                0x1000576c                tud_descriptor_other_speed_configuration_cb
 .text.tud_mount_cb
                0x10005770        0x4 src/CMakeFiles/rp2040-freertos-template.dir/C_/Users/25sal/.pico-sdk/sdk/2.1.0/lib/tinyusb/src/device/usbd.c.obj
                0x10005770                tud_mount_cb
 .text.tud_umount_cb
                0x10005774        0x4 src/CMakeFiles/rp2040-freertos-template.dir/C_/Users/25sal/.pico-sdk/sdk/2.1.0/lib/tinyusb/src/device/usbd.c.obj
                0x10005774                tud_umount_cb
 .text.tud_suspend_cb
                0x10005778        0x4 src/CMakeFiles/rp2040-freertos-template.dir/C_/Users/25sal/.pico-sdk/sdk/2.1.0/lib/tinyusb/src/device/usbd.c.obj
                0x10005778                tud_suspend_cb
 .text.tud_resume_cb
                0x1000577c        0x4 src/CMakeFiles/rp2040-freertos-template.dir/C_/Users/25sal/.pico-sdk/sdk/2.1.0/lib/tinyusb/src/device/usbd.c.obj
                0x1000577c                tud_resume_cb
 .text.tud_mounted
                0x10005780       0x10 src/CMakeFiles/rp2040-freertos-template.dir/C_/Users/25sal/.pico-sdk/sdk/2.1.0/lib/tinyusb/src/device/usbd.c.obj
                0x10005780                tud_mounted
 .text.tud_suspended
                0x10005790       0x10 src/CMakeFiles/rp2040-freertos-template.dir/C_/Users/25sal/.pico-sdk/sdk/2.1.0/lib/tinyusb/src/device/usbd.c.obj
                0x10005790                tud_suspended
 .text.tud_init
                0x100057a0       0xe4 src/CMakeFiles/rp2040-freertos-template.dir/C_/Users/25sal/.pico-sdk/sdk/2.1.0/lib/tinyusb/src/device/usbd.c.obj
                0x100057a0                tud_init
 .text.tud_task_ext
                0x10005884      0x800 src/CMakeFiles/rp2040-freertos-template.dir/C_/Users/25sal/.pico-sdk/sdk/2.1.0/lib/tinyusb/src/device/usbd.c.obj
                0x10005884                tud_task_ext
 .text.usbd_open_edpt_pair
                0x10006084       0x9c src/CMakeFiles/rp2040-freertos-template.dir/C_/Users/25sal/.pico-sdk/sdk/2.1.0/lib/tinyusb/src/device/usbd.c.obj
                0x10006084                usbd_open_edpt_pair
 .text.usbd_edpt_open
                0x10006120       0x34 src/CMakeFiles/rp2040-freertos-template.dir/C_/Users/25sal/.pico-sdk/sdk/2.1.0/lib/tinyusb/src/device/usbd.c.obj
                0x10006120                usbd_edpt_open
 .text.usbd_edpt_claim
                0x10006154       0x28 src/CMakeFiles/rp2040-freertos-template.dir/C_/Users/25sal/.pico-sdk/sdk/2.1.0/lib/tinyusb/src/device/usbd.c.obj
                0x10006154                usbd_edpt_claim
 .text.usbd_edpt_release
                0x1000617c       0x28 src/CMakeFiles/rp2040-freertos-template.dir/C_/Users/25sal/.pico-sdk/sdk/2.1.0/lib/tinyusb/src/device/usbd.c.obj
                0x1000617c                usbd_edpt_release
 .text.usbd_edpt_xfer
                0x100061a4       0x4c src/CMakeFiles/rp2040-freertos-template.dir/C_/Users/25sal/.pico-sdk/sdk/2.1.0/lib/tinyusb/src/device/usbd.c.obj
                0x100061a4                usbd_edpt_xfer
 .text.tud_control_status
                0x100061f0       0x2c src/CMakeFiles/rp2040-freertos-template.dir/C_/Users/25sal/.pico-sdk/sdk/2.1.0/lib/tinyusb/src/device/usbd_control.c.obj
                0x100061f0                tud_control_status
 .text.tud_control_xfer
                0x1000621c       0xac src/CMakeFiles/rp2040-freertos-template.dir/C_/Users/25sal/.pico-sdk/sdk/2.1.0/lib/tinyusb/src/device/usbd_control.c.obj
                0x1000621c                tud_control_xfer
 .text.usbd_control_reset
                0x100062c8       0x14 src/CMakeFiles/rp2040-freertos-template.dir/C_/Users/25sal/.pico-sdk/sdk/2.1.0/lib/tinyusb/src/device/usbd_control.c.obj
                0x100062c8                usbd_control_reset
 .text.usbd_control_set_complete_callback
                0x100062dc        0xc src/CMakeFiles/rp2040-freertos-template.dir/C_/Users/25sal/.pico-sdk/sdk/2.1.0/lib/tinyusb/src/device/usbd_control.c.obj
                0x100062dc                usbd_control_set_complete_callback
 .text.usbd_control_set_request
                0x100062e8       0x1c src/CMakeFiles/rp2040-freertos-template.dir/C_/Users/25sal/.pico-sdk/sdk/2.1.0/lib/tinyusb/src/device/usbd_control.c.obj
                0x100062e8                usbd_control_set_request
 .text.usbd_control_xfer_cb
                0x10006304       0xec src/CMakeFiles/rp2040-freertos-template.dir/C_/Users/25sal/.pico-sdk/sdk/2.1.0/lib/tinyusb/src/device/usbd_control.c.obj
                0x10006304                usbd_control_xfer_cb
 .text._prep_out_transaction.isra.0
                0x100063f0       0x5c src/CMakeFiles/rp2040-freertos-template.dir/C_/Users/25sal/.pico-sdk/sdk/2.1.0/lib/tinyusb/src/class/cdc/cdc_device.c.obj
 .text.tud_cdc_n_connected
                0x1000644c       0x30 src/CMakeFiles/rp2040-freertos-template.dir/C_/Users/25sal/.pico-sdk/sdk/2.1.0/lib/tinyusb/src/class/cdc/cdc_device.c.obj
                0x1000644c                tud_cdc_n_connected
 .text.tud_cdc_n_available
                0x1000647c       0x18 src/CMakeFiles/rp2040-freertos-template.dir/C_/Users/25sal/.pico-sdk/sdk/2.1.0/lib/tinyusb/src/class/cdc/cdc_device.c.obj
                0x1000647c                tud_cdc_n_available
 .text.tud_cdc_n_read
                0x10006494       0x98 src/CMakeFiles/rp2040-freertos-template.dir/C_/Users/25sal/.pico-sdk/sdk/2.1.0/lib/tinyusb/src/class/cdc/cdc_device.c.obj
                0x10006494                tud_cdc_n_read
 .text.tud_cdc_n_write_flush
                0x1000652c       0x78 src/CMakeFiles/rp2040-freertos-template.dir/C_/Users/25sal/.pico-sdk/sdk/2.1.0/lib/tinyusb/src/class/cdc/cdc_device.c.obj
                0x1000652c                tud_cdc_n_write_flush
 .text.tud_cdc_n_write
                0x100065a4       0x40 src/CMakeFiles/rp2040-freertos-template.dir/C_/Users/25sal/.pico-sdk/sdk/2.1.0/lib/tinyusb/src/class/cdc/cdc_device.c.obj
                0x100065a4                tud_cdc_n_write
 .text.tud_cdc_n_write_available
                0x100065e4       0x18 src/CMakeFiles/rp2040-freertos-template.dir/C_/Users/25sal/.pico-sdk/sdk/2.1.0/lib/tinyusb/src/class/cdc/cdc_device.c.obj
                0x100065e4                tud_cdc_n_write_available
 .text.cdcd_init
                0x100065fc       0x7c src/CMakeFiles/rp2040-freertos-template.dir/C_/Users/25sal/.pico-sdk/sdk/2.1.0/lib/tinyusb/src/class/cdc/cdc_device.c.obj
                0x100065fc                cdcd_init
 .text.cdcd_deinit
                0x10006678       0x34 src/CMakeFiles/rp2040-freertos-template.dir/C_/Users/25sal/.pico-sdk/sdk/2.1.0/lib/tinyusb/src/class/cdc/cdc_device.c.obj
                0x10006678                cdcd_deinit
 .text.cdcd_reset
                0x100066ac       0x4c src/CMakeFiles/rp2040-freertos-template.dir/C_/Users/25sal/.pico-sdk/sdk/2.1.0/lib/tinyusb/src/class/cdc/cdc_device.c.obj
                0x100066ac                cdcd_reset
 .text.cdcd_open
                0x100066f8       0xb0 src/CMakeFiles/rp2040-freertos-template.dir/C_/Users/25sal/.pico-sdk/sdk/2.1.0/lib/tinyusb/src/class/cdc/cdc_device.c.obj
                0x100066f8                cdcd_open
 .text.cdcd_control_xfer_cb
                0x100067a8       0xe4 src/CMakeFiles/rp2040-freertos-template.dir/C_/Users/25sal/.pico-sdk/sdk/2.1.0/lib/tinyusb/src/class/cdc/cdc_device.c.obj
                0x100067a8                cdcd_control_xfer_cb
 .text.cdcd_xfer_cb
                0x1000688c      0x100 src/CMakeFiles/rp2040-freertos-template.dir/C_/Users/25sal/.pico-sdk/sdk/2.1.0/lib/tinyusb/src/class/cdc/cdc_device.c.obj
                0x1000688c                cdcd_xfer_cb
 .text.vendord_init
                0x1000698c       0x5c src/CMakeFiles/rp2040-freertos-template.dir/C_/Users/25sal/.pico-sdk/sdk/2.1.0/lib/tinyusb/src/class/vendor/vendor_device.c.obj
                0x1000698c                vendord_init
 .text.vendord_deinit
                0x100069e8       0x1c src/CMakeFiles/rp2040-freertos-template.dir/C_/Users/25sal/.pico-sdk/sdk/2.1.0/lib/tinyusb/src/class/vendor/vendor_device.c.obj
                0x100069e8                vendord_deinit
 .text.vendord_reset
                0x10006a04       0x20 src/CMakeFiles/rp2040-freertos-template.dir/C_/Users/25sal/.pico-sdk/sdk/2.1.0/lib/tinyusb/src/class/vendor/vendor_device.c.obj
                0x10006a04                vendord_reset
 .text.vendord_open
                0x10006a24      0x138 src/CMakeFiles/rp2040-freertos-template.dir/C_/Users/25sal/.pico-sdk/sdk/2.1.0/lib/tinyusb/src/class/vendor/vendor_device.c.obj
                0x10006a24                vendord_open
 .text.vendord_xfer_cb
                0x10006b5c       0x9c src/CMakeFiles/rp2040-freertos-template.dir/C_/Users/25sal/.pico-sdk/sdk/2.1.0/lib/tinyusb/src/class/vendor/vendor_device.c.obj
                0x10006b5c                vendord_xfer_cb
 .text.tusb_init
                0x10006bf8        0xc src/CMakeFiles/rp2040-freertos-template.dir/C_/Users/25sal/.pico-sdk/sdk/2.1.0/lib/tinyusb/src/tusb.c.obj
                0x10006bf8                tusb_init
 .text.tu_edpt_claim
                0x10006c04       0x50 src/CMakeFiles/rp2040-freertos-template.dir/C_/Users/25sal/.pico-sdk/sdk/2.1.0/lib/tinyusb/src/tusb.c.obj
                0x10006c04                tu_edpt_claim
 .text.tu_edpt_release
                0x10006c54       0x38 src/CMakeFiles/rp2040-freertos-template.dir/C_/Users/25sal/.pico-sdk/sdk/2.1.0/lib/tinyusb/src/tusb.c.obj
                0x10006c54                tu_edpt_release
 .text.tu_edpt_validate
                0x10006c8c       0x7c src/CMakeFiles/rp2040-freertos-template.dir/C_/Users/25sal/.pico-sdk/sdk/2.1.0/lib/tinyusb/src/tusb.c.obj
                0x10006c8c                tu_edpt_validate
 .text.tu_edpt_bind_driver
                0x10006d08       0x34 src/CMakeFiles/rp2040-freertos-template.dir/C_/Users/25sal/.pico-sdk/sdk/2.1.0/lib/tinyusb/src/tusb.c.obj
                0x10006d08                tu_edpt_bind_driver
 .text.tu_edpt_stream_init
                0x10006d3c       0x6c src/CMakeFiles/rp2040-freertos-template.dir/C_/Users/25sal/.pico-sdk/sdk/2.1.0/lib/tinyusb/src/tusb.c.obj
                0x10006d3c                tu_edpt_stream_init
 .text.tu_edpt_stream_deinit
                0x10006da8        0x4 src/CMakeFiles/rp2040-freertos-template.dir/C_/Users/25sal/.pico-sdk/sdk/2.1.0/lib/tinyusb/src/tusb.c.obj
                0x10006da8                tu_edpt_stream_deinit
 .text.tu_edpt_stream_write_zlp_if_needed
                0x10006dac       0x68 src/CMakeFiles/rp2040-freertos-template.dir/C_/Users/25sal/.pico-sdk/sdk/2.1.0/lib/tinyusb/src/tusb.c.obj
                0x10006dac                tu_edpt_stream_write_zlp_if_needed
 .text.tu_edpt_stream_write_xfer
                0x10006e14       0x64 src/CMakeFiles/rp2040-freertos-template.dir/C_/Users/25sal/.pico-sdk/sdk/2.1.0/lib/tinyusb/src/tusb.c.obj
                0x10006e14                tu_edpt_stream_write_xfer
 .text.tu_edpt_stream_read_xfer
                0x10006e78       0xdc src/CMakeFiles/rp2040-freertos-template.dir/C_/Users/25sal/.pico-sdk/sdk/2.1.0/lib/tinyusb/src/tusb.c.obj
                0x10006e78                tu_edpt_stream_read_xfer
 .text.tu_fifo_config
                0x10006f54       0x6c src/CMakeFiles/rp2040-freertos-template.dir/C_/Users/25sal/.pico-sdk/sdk/2.1.0/lib/tinyusb/src/common/tusb_fifo.c.obj
                0x10006f54                tu_fifo_config
 .text.tu_fifo_count
                0x10006fc0       0x2c src/CMakeFiles/rp2040-freertos-template.dir/C_/Users/25sal/.pico-sdk/sdk/2.1.0/lib/tinyusb/src/common/tusb_fifo.c.obj
                0x10006fc0                tu_fifo_count
 .text.tu_fifo_empty
                0x10006fec       0x10 src/CMakeFiles/rp2040-freertos-template.dir/C_/Users/25sal/.pico-sdk/sdk/2.1.0/lib/tinyusb/src/common/tusb_fifo.c.obj
                0x10006fec                tu_fifo_empty
 .text.tu_fifo_remaining
                0x10006ffc       0x2c src/CMakeFiles/rp2040-freertos-template.dir/C_/Users/25sal/.pico-sdk/sdk/2.1.0/lib/tinyusb/src/common/tusb_fifo.c.obj
                0x10006ffc                tu_fifo_remaining
 .text.tu_fifo_read
                0x10007028       0x9c src/CMakeFiles/rp2040-freertos-template.dir/C_/Users/25sal/.pico-sdk/sdk/2.1.0/lib/tinyusb/src/common/tusb_fifo.c.obj
                0x10007028                tu_fifo_read
 .text.tu_fifo_read_n
                0x100070c4       0xe8 src/CMakeFiles/rp2040-freertos-template.dir/C_/Users/25sal/.pico-sdk/sdk/2.1.0/lib/tinyusb/src/common/tusb_fifo.c.obj
                0x100070c4                tu_fifo_read_n
 .text.tu_fifo_write
                0x100071ac       0xa8 src/CMakeFiles/rp2040-freertos-template.dir/C_/Users/25sal/.pico-sdk/sdk/2.1.0/lib/tinyusb/src/common/tusb_fifo.c.obj
                0x100071ac                tu_fifo_write
 .text.tu_fifo_write_n
                0x10007254      0x178 src/CMakeFiles/rp2040-freertos-template.dir/C_/Users/25sal/.pico-sdk/sdk/2.1.0/lib/tinyusb/src/common/tusb_fifo.c.obj
                0x10007254                tu_fifo_write_n
 .text.tu_fifo_clear
                0x100073cc       0x40 src/CMakeFiles/rp2040-freertos-template.dir/C_/Users/25sal/.pico-sdk/sdk/2.1.0/lib/tinyusb/src/common/tusb_fifo.c.obj
                0x100073cc                tu_fifo_clear
 .text.tu_fifo_set_overwritable
                0x1000740c       0x48 src/CMakeFiles/rp2040-freertos-template.dir/C_/Users/25sal/.pico-sdk/sdk/2.1.0/lib/tinyusb/src/common/tusb_fifo.c.obj
                0x1000740c                tu_fifo_set_overwritable
 .text.vPortSVCHandler
                0x10007454        0x4 src/CMakeFiles/rp2040-freertos-template.dir/__/lib/FreeRTOS-Kernel/portable/ThirdParty/GCC/RP2040/port.c.obj
                0x10007454                vPortSVCHandler
 *fill*         0x10007458        0x8 
 .text.vPortStartFirstTask
                0x10007460       0x34 src/CMakeFiles/rp2040-freertos-template.dir/__/lib/FreeRTOS-Kernel/portable/ThirdParty/GCC/RP2040/port.c.obj
 *fill*         0x10007494        0xc 
 .text.xPortPendSVHandler
                0x100074a0       0x64 src/CMakeFiles/rp2040-freertos-template.dir/__/lib/FreeRTOS-Kernel/portable/ThirdParty/GCC/RP2040/port.c.obj
                0x100074a0                xPortPendSVHandler
 .text.prvFIFOInterruptHandler
                0x10007504       0x78 src/CMakeFiles/rp2040-freertos-template.dir/__/lib/FreeRTOS-Kernel/portable/ThirdParty/GCC/RP2040/port.c.obj
 .text.prvTaskExitError
                0x1000757c        0x8 src/CMakeFiles/rp2040-freertos-template.dir/__/lib/FreeRTOS-Kernel/portable/ThirdParty/GCC/RP2040/port.c.obj
 .text.pxPortInitialiseStack
                0x10007584       0x20 src/CMakeFiles/rp2040-freertos-template.dir/__/lib/FreeRTOS-Kernel/portable/ThirdParty/GCC/RP2040/port.c.obj
                0x10007584                pxPortInitialiseStack
 .text.vPortYield
                0x100075a4       0x18 src/CMakeFiles/rp2040-freertos-template.dir/__/lib/FreeRTOS-Kernel/portable/ThirdParty/GCC/RP2040/port.c.obj
                0x100075a4                vPortYield
 .text.vPortEnterCritical
                0x100075bc       0x18 src/CMakeFiles/rp2040-freertos-template.dir/__/lib/FreeRTOS-Kernel/portable/ThirdParty/GCC/RP2040/port.c.obj
                0x100075bc                vPortEnterCritical
 .text.vPortExitCritical
                0x100075d4       0x34 src/CMakeFiles/rp2040-freertos-template.dir/__/lib/FreeRTOS-Kernel/portable/ThirdParty/GCC/RP2040/port.c.obj
                0x100075d4                vPortExitCritical
 .text.ulSetInterruptMaskFromISR
                0x10007608        0x8 src/CMakeFiles/rp2040-freertos-template.dir/__/lib/FreeRTOS-Kernel/portable/ThirdParty/GCC/RP2040/port.c.obj
                0x10007608                ulSetInterruptMaskFromISR
 .text.vClearInterruptMaskFromISR
                0x10007610        0x8 src/CMakeFiles/rp2040-freertos-template.dir/__/lib/FreeRTOS-Kernel/portable/ThirdParty/GCC/RP2040/port.c.obj
                0x10007610                vClearInterruptMaskFromISR
 .text.xPortSysTickHandler
                0x10007618       0x24 src/CMakeFiles/rp2040-freertos-template.dir/__/lib/FreeRTOS-Kernel/portable/ThirdParty/GCC/RP2040/port.c.obj
                0x10007618                xPortSysTickHandler
 .text.vPortSetupTimerInterrupt
                0x1000763c       0x34 src/CMakeFiles/rp2040-freertos-template.dir/__/lib/FreeRTOS-Kernel/portable/ThirdParty/GCC/RP2040/port.c.obj
                0x1000763c                vPortSetupTimerInterrupt
 .text.xPortStartScheduler
                0x10007670       0x9c src/CMakeFiles/rp2040-freertos-template.dir/__/lib/FreeRTOS-Kernel/portable/ThirdParty/GCC/RP2040/port.c.obj
                0x10007670                xPortStartScheduler
 .text.ulPortLockGetCurrentOwnerId
                0x1000770c       0x2c src/CMakeFiles/rp2040-freertos-template.dir/__/lib/FreeRTOS-Kernel/portable/ThirdParty/GCC/RP2040/port.c.obj
                0x1000770c                ulPortLockGetCurrentOwnerId
 .text.vPortLockInternalSpinUnlockWithWait
                0x10007738       0x68 src/CMakeFiles/rp2040-freertos-template.dir/__/lib/FreeRTOS-Kernel/portable/ThirdParty/GCC/RP2040/port.c.obj
                0x10007738                vPortLockInternalSpinUnlockWithWait
 .text.vPortLockInternalSpinUnlockWithNotify
                0x100077a0       0xc8 src/CMakeFiles/rp2040-freertos-template.dir/__/lib/FreeRTOS-Kernel/portable/ThirdParty/GCC/RP2040/port.c.obj
                0x100077a0                vPortLockInternalSpinUnlockWithNotify
 .text.xPortLockInternalSpinUnlockWithBestEffortWaitOrTimeout
                0x10007868       0xfc src/CMakeFiles/rp2040-freertos-template.dir/__/lib/FreeRTOS-Kernel/portable/ThirdParty/GCC/RP2040/port.c.obj
                0x10007868                xPortLockInternalSpinUnlockWithBestEffortWaitOrTimeout
 .text.startup.prvRuntimeInitializer
                0x10007964       0x28 src/CMakeFiles/rp2040-freertos-template.dir/__/lib/FreeRTOS-Kernel/portable/ThirdParty/GCC/RP2040/port.c.obj
 .text.vEventGroupSetBitsCallback
                0x1000798c       0x90 src/CMakeFiles/rp2040-freertos-template.dir/__/lib/FreeRTOS-Kernel/event_groups.c.obj
                0x1000798c                vEventGroupSetBitsCallback
 .text.xEventGroupCreate
                0x10007a1c       0x18 src/CMakeFiles/rp2040-freertos-template.dir/__/lib/FreeRTOS-Kernel/event_groups.c.obj
                0x10007a1c                xEventGroupCreate
 .text.xEventGroupWaitBits
                0x10007a34       0xb8 src/CMakeFiles/rp2040-freertos-template.dir/__/lib/FreeRTOS-Kernel/event_groups.c.obj
                0x10007a34                xEventGroupWaitBits
 .text.xEventGroupSetBits
                0x10007aec       0x94 src/CMakeFiles/rp2040-freertos-template.dir/__/lib/FreeRTOS-Kernel/event_groups.c.obj
                0x10007aec                xEventGroupSetBits
 .text.xEventGroupSetBitsFromISR
                0x10007b80       0x18 src/CMakeFiles/rp2040-freertos-template.dir/__/lib/FreeRTOS-Kernel/event_groups.c.obj
                0x10007b80                xEventGroupSetBitsFromISR
 .text.vListInitialise
                0x10007b98       0x18 src/CMakeFiles/rp2040-freertos-template.dir/__/lib/FreeRTOS-Kernel/list.c.obj
                0x10007b98                vListInitialise
 .text.vListInitialiseItem
                0x10007bb0        0x8 src/CMakeFiles/rp2040-freertos-template.dir/__/lib/FreeRTOS-Kernel/list.c.obj
                0x10007bb0                vListInitialiseItem
 .text.vListInsert
                0x10007bb8       0x30 src/CMakeFiles/rp2040-freertos-template.dir/__/lib/FreeRTOS-Kernel/list.c.obj
                0x10007bb8                vListInsert
 .text.uxListRemove
                0x10007be8       0x24 src/CMakeFiles/rp2040-freertos-template.dir/__/lib/FreeRTOS-Kernel/list.c.obj
                0x10007be8                uxListRemove
 .text.prvUnlockQueue
                0x10007c0c      0x180 src/CMakeFiles/rp2040-freertos-template.dir/__/lib/FreeRTOS-Kernel/queue.c.obj
 .text.prvNotifyQueueSetContainer
                0x10007d8c       0x90 src/CMakeFiles/rp2040-freertos-template.dir/__/lib/FreeRTOS-Kernel/queue.c.obj
 .text.xQueueGenericCreate
                0x10007e1c       0xa4 src/CMakeFiles/rp2040-freertos-template.dir/__/lib/FreeRTOS-Kernel/queue.c.obj
                0x10007e1c                xQueueGenericCreate
 .text.xQueueGenericSendFromISR
                0x10007ec0      0x134 src/CMakeFiles/rp2040-freertos-template.dir/__/lib/FreeRTOS-Kernel/queue.c.obj
                0x10007ec0                xQueueGenericSendFromISR
 .text.xQueueReceive
                0x10007ff4      0x11c src/CMakeFiles/rp2040-freertos-template.dir/__/lib/FreeRTOS-Kernel/queue.c.obj
                0x10007ff4                xQueueReceive
 .text.vQueueAddToRegistry
                0x10008110      0x118 src/CMakeFiles/rp2040-freertos-template.dir/__/lib/FreeRTOS-Kernel/queue.c.obj
                0x10008110                vQueueAddToRegistry
 .text.vQueueWaitForMessageRestricted
                0x10008228       0x48 src/CMakeFiles/rp2040-freertos-template.dir/__/lib/FreeRTOS-Kernel/queue.c.obj
                0x10008228                vQueueWaitForMessageRestricted
 .text.prvIdleTask
                0x10008270       0x60 src/CMakeFiles/rp2040-freertos-template.dir/__/lib/FreeRTOS-Kernel/tasks.c.obj
 .text.xTaskIncrementTick.part.0
                0x100082d0      0x190 src/CMakeFiles/rp2040-freertos-template.dir/__/lib/FreeRTOS-Kernel/tasks.c.obj
 .text.xTaskCreate
                0x10008460      0x244 src/CMakeFiles/rp2040-freertos-template.dir/__/lib/FreeRTOS-Kernel/tasks.c.obj
                0x10008460                xTaskCreate
 .text.vTaskStartScheduler
                0x100086a4      0x1d8 src/CMakeFiles/rp2040-freertos-template.dir/__/lib/FreeRTOS-Kernel/tasks.c.obj
                0x100086a4                vTaskStartScheduler
 .text.vTaskSuspendAll
                0x1000887c       0x10 src/CMakeFiles/rp2040-freertos-template.dir/__/lib/FreeRTOS-Kernel/tasks.c.obj
                0x1000887c                vTaskSuspendAll
 .text.xTaskResumeAll
                0x1000888c      0x180 src/CMakeFiles/rp2040-freertos-template.dir/__/lib/FreeRTOS-Kernel/tasks.c.obj
                0x1000888c                xTaskResumeAll
 .text.vTaskDelay
                0x10008a0c       0x78 src/CMakeFiles/rp2040-freertos-template.dir/__/lib/FreeRTOS-Kernel/tasks.c.obj
                0x10008a0c                vTaskDelay
 .text.xTaskGetTickCount
                0x10008a84        0xc src/CMakeFiles/rp2040-freertos-template.dir/__/lib/FreeRTOS-Kernel/tasks.c.obj
                0x10008a84                xTaskGetTickCount
 .text.uxTaskGetNumberOfTasks
                0x10008a90        0xc src/CMakeFiles/rp2040-freertos-template.dir/__/lib/FreeRTOS-Kernel/tasks.c.obj
                0x10008a90                uxTaskGetNumberOfTasks
 .text.xTaskIncrementTick
                0x10008a9c       0x24 src/CMakeFiles/rp2040-freertos-template.dir/__/lib/FreeRTOS-Kernel/tasks.c.obj
                0x10008a9c                xTaskIncrementTick
 .text.vTaskSwitchContext
                0x10008ac0       0x6c src/CMakeFiles/rp2040-freertos-template.dir/__/lib/FreeRTOS-Kernel/tasks.c.obj
                0x10008ac0                vTaskSwitchContext
 .text.vTaskPlaceOnEventList
                0x10008b2c       0x94 src/CMakeFiles/rp2040-freertos-template.dir/__/lib/FreeRTOS-Kernel/tasks.c.obj
                0x10008b2c                vTaskPlaceOnEventList
 .text.vTaskPlaceOnUnorderedEventList
                0x10008bc0       0xb8 src/CMakeFiles/rp2040-freertos-template.dir/__/lib/FreeRTOS-Kernel/tasks.c.obj
                0x10008bc0                vTaskPlaceOnUnorderedEventList
 .text.vTaskPlaceOnEventListRestricted
                0x10008c78       0xc0 src/CMakeFiles/rp2040-freertos-template.dir/__/lib/FreeRTOS-Kernel/tasks.c.obj
                0x10008c78                vTaskPlaceOnEventListRestricted
 .text.xTaskRemoveFromEventList
                0x10008d38       0xcc src/CMakeFiles/rp2040-freertos-template.dir/__/lib/FreeRTOS-Kernel/tasks.c.obj
                0x10008d38                xTaskRemoveFromEventList
 .text.vTaskRemoveFromUnorderedEventList
                0x10008e04       0x94 src/CMakeFiles/rp2040-freertos-template.dir/__/lib/FreeRTOS-Kernel/tasks.c.obj
                0x10008e04                vTaskRemoveFromUnorderedEventList
 .text.vTaskInternalSetTimeOutState
                0x10008e98       0x18 src/CMakeFiles/rp2040-freertos-template.dir/__/lib/FreeRTOS-Kernel/tasks.c.obj
                0x10008e98                vTaskInternalSetTimeOutState
 .text.xTaskCheckForTimeOut
                0x10008eb0       0x74 src/CMakeFiles/rp2040-freertos-template.dir/__/lib/FreeRTOS-Kernel/tasks.c.obj
                0x10008eb0                xTaskCheckForTimeOut
 .text.vTaskMissedYield
                0x10008f24        0xc src/CMakeFiles/rp2040-freertos-template.dir/__/lib/FreeRTOS-Kernel/tasks.c.obj
                0x10008f24                vTaskMissedYield
 .text.xTaskGetCurrentTaskHandle
                0x10008f30        0xc src/CMakeFiles/rp2040-freertos-template.dir/__/lib/FreeRTOS-Kernel/tasks.c.obj
                0x10008f30                xTaskGetCurrentTaskHandle
 .text.xTaskPriorityDisinherit
                0x10008f3c       0x64 src/CMakeFiles/rp2040-freertos-template.dir/__/lib/FreeRTOS-Kernel/tasks.c.obj
                0x10008f3c                xTaskPriorityDisinherit
 .text.uxTaskResetEventItemValue
                0x10008fa0       0x18 src/CMakeFiles/rp2040-freertos-template.dir/__/lib/FreeRTOS-Kernel/tasks.c.obj
                0x10008fa0                uxTaskResetEventItemValue
 .text.prvTimerTask
                0x10008fb8      0x384 src/CMakeFiles/rp2040-freertos-template.dir/__/lib/FreeRTOS-Kernel/timers.c.obj
 .text.xTimerCreateTimerTask
                0x1000933c       0x8c src/CMakeFiles/rp2040-freertos-template.dir/__/lib/FreeRTOS-Kernel/timers.c.obj
                0x1000933c                xTimerCreateTimerTask
 .text.xTimerPendFunctionCallFromISR
                0x100093c8       0x28 src/CMakeFiles/rp2040-freertos-template.dir/__/lib/FreeRTOS-Kernel/timers.c.obj
                0x100093c8                xTimerPendFunctionCallFromISR
 .text.exception_set_exclusive_handler
                0x100093f0       0x48 src/CMakeFiles/rp2040-freertos-template.dir/C_/Users/25sal/.pico-sdk/sdk/2.1.0/src/rp2_common/hardware_exception/exception.c.obj
                0x100093f0                exception_set_exclusive_handler
 .text.pvPortMalloc
                0x10009438      0x12c src/CMakeFiles/rp2040-freertos-template.dir/__/lib/FreeRTOS-Kernel/portable/MemMang/heap_4.c.obj
                0x10009438                pvPortMalloc
 .text.vPortFree
                0x10009564       0x98 src/CMakeFiles/rp2040-freertos-template.dir/__/lib/FreeRTOS-Kernel/portable/MemMang/heap_4.c.obj
                0x10009564                vPortFree
 .text.i2c_write_blocking_internal.constprop.0
                0x100095fc       0xd0 src/CMakeFiles/rp2040-freertos-template.dir/C_/Users/25sal/.pico-sdk/sdk/2.1.0/src/rp2_common/hardware_i2c/i2c.c.obj
 .text.i2c_set_baudrate
                0x100096cc       0xc0 src/CMakeFiles/rp2040-freertos-template.dir/C_/Users/25sal/.pico-sdk/sdk/2.1.0/src/rp2_common/hardware_i2c/i2c.c.obj
                0x100096cc                i2c_set_baudrate
 .text.i2c_init
                0x1000978c       0x50 src/CMakeFiles/rp2040-freertos-template.dir/C_/Users/25sal/.pico-sdk/sdk/2.1.0/src/rp2_common/hardware_i2c/i2c.c.obj
                0x1000978c                i2c_init
 .text.i2c_write_blocking
                0x100097dc       0x14 src/CMakeFiles/rp2040-freertos-template.dir/C_/Users/25sal/.pico-sdk/sdk/2.1.0/src/rp2_common/hardware_i2c/i2c.c.obj
                0x100097dc                i2c_write_blocking
 .text.malloc   0x100097f0       0x14 C:/Users/25sal/.pico-sdk/toolchain/13_3_Rel1/bin/../lib/gcc/arm-none-eabi/13.3.1/thumb/v6-m/nofp\libg.a(libc_a-malloc.o)
                0x100097f0                malloc
 .text._malloc_r
                0x10009804      0x5c4 C:/Users/25sal/.pico-sdk/toolchain/13_3_Rel1/bin/../lib/gcc/arm-none-eabi/13.3.1/thumb/v6-m/nofp\libg.a(libc_a-mallocr.o)
                0x10009804                _malloc_r
 .text.__malloc_lock
                0x10009dc8       0x10 C:/Users/25sal/.pico-sdk/toolchain/13_3_Rel1/bin/../lib/gcc/arm-none-eabi/13.3.1/thumb/v6-m/nofp\libg.a(libc_a-mlock.o)
                0x10009dc8                __malloc_lock
 .text.__malloc_unlock
                0x10009dd8       0x10 C:/Users/25sal/.pico-sdk/toolchain/13_3_Rel1/bin/../lib/gcc/arm-none-eabi/13.3.1/thumb/v6-m/nofp\libg.a(libc_a-mlock.o)
                0x10009dd8                __malloc_unlock
 .text.memcmp   0x10009de8       0x48 C:/Users/25sal/.pico-sdk/toolchain/13_3_Rel1/bin/../lib/gcc/arm-none-eabi/13.3.1/thumb/v6-m/nofp\libg.a(libc_a-memcmp.o)
                0x10009de8                memcmp
 .text.strncpy  0x10009e30       0x60 C:/Users/25sal/.pico-sdk/toolchain/13_3_Rel1/bin/../lib/gcc/arm-none-eabi/13.3.1/thumb/v6-m/nofp\libg.a(libc_a-strncpy.o)
                0x10009e30                strncpy
 .text.critical_factorization
                0x10009e90       0xcc C:/Users/25sal/.pico-sdk/toolchain/13_3_Rel1/bin/../lib/gcc/arm-none-eabi/13.3.1/thumb/v6-m/nofp\libg.a(libc_a-strstr.o)
 .text.two_way_long_needle
                0x10009f5c      0x228 C:/Users/25sal/.pico-sdk/toolchain/13_3_Rel1/bin/../lib/gcc/arm-none-eabi/13.3.1/thumb/v6-m/nofp\libg.a(libc_a-strstr.o)
 .text.strstr   0x1000a184      0x17c C:/Users/25sal/.pico-sdk/toolchain/13_3_Rel1/bin/../lib/gcc/arm-none-eabi/13.3.1/thumb/v6-m/nofp\libg.a(libc_a-strstr.o)
                0x1000a184                strstr
 .text._sbrk_r  0x1000a300       0x24 C:/Users/25sal/.pico-sdk/toolchain/13_3_Rel1/bin/../lib/gcc/arm-none-eabi/13.3.1/thumb/v6-m/nofp\libg.a(libc_a-sbrkr.o)
                0x1000a300                _sbrk_r
 .text.__errno  0x1000a324        0xc C:/Users/25sal/.pico-sdk/toolchain/13_3_Rel1/bin/../lib/gcc/arm-none-eabi/13.3.1/thumb/v6-m/nofp\libg.a(libc_a-errno.o)
                0x1000a324                __errno
 .text.__retarget_lock_acquire_recursive
                0x1000a330        0x4 C:/Users/25sal/.pico-sdk/toolchain/13_3_Rel1/bin/../lib/gcc/arm-none-eabi/13.3.1/thumb/v6-m/nofp\libg.a(libc_a-lock.o)
                0x1000a330                __retarget_lock_acquire_recursive
 .text.__retarget_lock_release_recursive
                0x1000a334        0x4 C:/Users/25sal/.pico-sdk/toolchain/13_3_Rel1/bin/../lib/gcc/arm-none-eabi/13.3.1/thumb/v6-m/nofp\libg.a(libc_a-lock.o)
                0x1000a334                __retarget_lock_release_recursive
 .text.sysconf  0x1000a338       0x1c C:/Users/25sal/.pico-sdk/toolchain/13_3_Rel1/bin/../lib/gcc/arm-none-eabi/13.3.1/thumb/v6-m/nofp\libg.a(libc_a-sysconf.o)
                0x1000a338                sysconf
 .text          0x1000a354       0x88 C:/Users/25sal/.pico-sdk/toolchain/13_3_Rel1/bin/../lib/gcc/arm-none-eabi/13.3.1/thumb/v6-m/nofp\libg.a(libc_a-strcmp.o)
                0x1000a354                strcmp
 .text.strcpy   0x1000a3dc       0x10 C:/Users/25sal/.pico-sdk/toolchain/13_3_Rel1/bin/../lib/gcc/arm-none-eabi/13.3.1/thumb/v6-m/nofp\libg.a(libc_a-strcpy.o)
                0x1000a3dc                strcpy
 .text.strlen   0x1000a3ec       0x5c C:/Users/25sal/.pico-sdk/toolchain/13_3_Rel1/bin/../lib/gcc/arm-none-eabi/13.3.1/thumb/v6-m/nofp\libg.a(libc_a-strlen-stub.o)
                0x1000a3ec                strlen
 .text._malloc_trim_r
                0x1000a448       0xb4 C:/Users/25sal/.pico-sdk/toolchain/13_3_Rel1/bin/../lib/gcc/arm-none-eabi/13.3.1/thumb/v6-m/nofp\libg.a(libc_a-freer.o)
                0x1000a448                _malloc_trim_r
 .text._free_r  0x1000a4fc      0x1d4 C:/Users/25sal/.pico-sdk/toolchain/13_3_Rel1/bin/../lib/gcc/arm-none-eabi/13.3.1/thumb/v6-m/nofp\libg.a(libc_a-freer.o)
                0x1000a4fc                _free_r
 .text.strchr   0x1000a6d0       0xc4 C:/Users/25sal/.pico-sdk/toolchain/13_3_Rel1/bin/../lib/gcc/arm-none-eabi/13.3.1/thumb/v6-m/nofp\libg.a(libc_a-strchr.o)
                0x1000a6d0                strchr
 .text.strnlen  0x1000a794       0x24 C:/Users/25sal/.pico-sdk/toolchain/13_3_Rel1/bin/../lib/gcc/arm-none-eabi/13.3.1/thumb/v6-m/nofp\libg.a(libc_a-strnlen.o)
                0x1000a794                strnlen
 *(.fini)
 .fini          0x1000a7b8        0x4 C:/Users/25sal/.pico-sdk/toolchain/13_3_Rel1/bin/../lib/gcc/arm-none-eabi/13.3.1/thumb/v6-m/nofp/crti.o
                0x1000a7b8                _fini
 *fill*         0x1000a7bc        0x4 
 .fini.__stub   0x1000a7c0       0xd0 linker stubs
 *crtbegin.o(.ctors)
 *crtbegin?.o(.ctors)
 *(EXCLUDE_FILE(*crtend.o *crtend?.o) .ctors)
 *(SORT_BY_NAME(.ctors.*))
 *(.ctors)
 *crtbegin.o(.dtors)
 *crtbegin?.o(.dtors)
 *(EXCLUDE_FILE(*crtend.o *crtend?.o) .dtors)
 *(SORT_BY_NAME(.dtors.*))
 *(.dtors)
                0x1000a890                        . = ALIGN (0x4)
                0x1000a890                        PROVIDE (__preinit_array_start = .)
 *(SORT_BY_NAME(.preinit_array.*))
 .preinit_array.00100
                0x1000a890        0x4 src/CMakeFiles/rp2040-freertos-template.dir/C_/Users/25sal/.pico-sdk/sdk/2.1.0/src/rp2_common/pico_runtime_init/runtime_init.c.obj
                0x1000a890                __pre_init_runtime_init_early_resets
 .preinit_array.00101
                0x1000a894        0x4 src/CMakeFiles/rp2040-freertos-template.dir/C_/Users/25sal/.pico-sdk/sdk/2.1.0/src/rp2_common/pico_runtime_init/runtime_init.c.obj
                0x1000a894                __pre_init_runtime_init_usb_power_down
 .preinit_array.00275
                0x1000a898        0x4 src/CMakeFiles/rp2040-freertos-template.dir/C_/Users/25sal/.pico-sdk/sdk/2.1.0/src/rp2_common/pico_bit_ops/bit_ops_aeabi.S.obj
 .preinit_array.00300
                0x1000a89c        0x4 src/CMakeFiles/rp2040-freertos-template.dir/C_/Users/25sal/.pico-sdk/sdk/2.1.0/src/rp2_common/pico_mem_ops/mem_ops_aeabi.S.obj
 .preinit_array.00350
                0x1000a8a0        0x4 src/CMakeFiles/rp2040-freertos-template.dir/C_/Users/25sal/.pico-sdk/sdk/2.1.0/src/rp2_common/pico_double/double_aeabi_rp2040.S.obj
 .preinit_array.00350
                0x1000a8a4        0x4 src/CMakeFiles/rp2040-freertos-template.dir/C_/Users/25sal/.pico-sdk/sdk/2.1.0/src/rp2_common/pico_float/float_aeabi_rp2040.S.obj
 .preinit_array.00500
                0x1000a8a8        0x4 src/CMakeFiles/rp2040-freertos-template.dir/C_/Users/25sal/.pico-sdk/sdk/2.1.0/src/rp2_common/pico_runtime_init/runtime_init.c.obj
                0x1000a8a8                __pre_init_runtime_init_clocks
 .preinit_array.00600
                0x1000a8ac        0x4 src/CMakeFiles/rp2040-freertos-template.dir/C_/Users/25sal/.pico-sdk/sdk/2.1.0/src/rp2_common/pico_runtime_init/runtime_init.c.obj
                0x1000a8ac                __pre_init_runtime_init_post_clock_resets
 .preinit_array.00700
                0x1000a8b0        0x4 src/CMakeFiles/rp2040-freertos-template.dir/C_/Users/25sal/.pico-sdk/sdk/2.1.0/src/rp2_common/pico_runtime_init/runtime_init.c.obj
                0x1000a8b0                __pre_init_runtime_init_rp2040_gpio_ie_disable
 .preinit_array.01000
                0x1000a8b4        0x4 src/CMakeFiles/rp2040-freertos-template.dir/C_/Users/25sal/.pico-sdk/sdk/2.1.0/src/rp2_common/pico_runtime_init/runtime_init.c.obj
                0x1000a8b4                __pre_init_runtime_init_spin_locks_reset
 .preinit_array.01100
                0x1000a8b8        0x4 src/CMakeFiles/rp2040-freertos-template.dir/C_/Users/25sal/.pico-sdk/sdk/2.1.0/src/common/pico_sync/mutex.c.obj
                0x1000a8b8                __pre_init_runtime_init_mutex
 .preinit_array.10080
                0x1000a8bc        0x4 src/CMakeFiles/rp2040-freertos-template.dir/C_/Users/25sal/.pico-sdk/sdk/2.1.0/src/rp2_common/pico_runtime_init/runtime_init.c.obj
                0x1000a8bc                __pre_init_runtime_init_install_ram_vector_table
 .preinit_array.11000
                0x1000a8c0        0x4 src/CMakeFiles/rp2040-freertos-template.dir/C_/Users/25sal/.pico-sdk/sdk/2.1.0/src/common/pico_time/time.c.obj
                0x1000a8c0                __pre_init_runtime_init_default_alarm_pool
 .preinit_array.YYYYY
                0x1000a8c4        0x4 src/CMakeFiles/rp2040-freertos-template.dir/C_/Users/25sal/.pico-sdk/sdk/2.1.0/src/rp2_common/pico_runtime/runtime.c.obj
                0x1000a8c4                __pre_init_first_per_core_initializer
 .preinit_array.ZZZZZ.01200
                0x1000a8c8        0x4 src/CMakeFiles/rp2040-freertos-template.dir/C_/Users/25sal/.pico-sdk/sdk/2.1.0/src/rp2_common/hardware_irq/irq.c.obj
                0x1000a8c8                __pre_init_runtime_init_per_core_irq_priorities
 *(.preinit_array)
                0x1000a8cc                        PROVIDE (__preinit_array_end = .)
                0x1000a8cc                        . = ALIGN (0x4)
                0x1000a8cc                        PROVIDE (__init_array_start = .)
 *(SORT_BY_NAME(.init_array.*))
 *(.init_array)
 .init_array    0x1000a8cc        0x4 C:/Users/25sal/.pico-sdk/toolchain/13_3_Rel1/bin/../lib/gcc/arm-none-eabi/13.3.1/thumb/v6-m/nofp/crtbegin.o
 .init_array    0x1000a8d0        0x4 src/CMakeFiles/rp2040-freertos-template.dir/C_/Users/25sal/.pico-sdk/sdk/2.1.0/src/rp2_common/pico_unique_id/unique_id.c.obj
 .init_array    0x1000a8d4        0x4 src/CMakeFiles/rp2040-freertos-template.dir/__/lib/FreeRTOS-Kernel/portable/ThirdParty/GCC/RP2040/port.c.obj
                0x1000a8d8                        PROVIDE (__init_array_end = .)
                0x1000a8d8                        . = ALIGN (0x4)
                [!provide]                        PROVIDE (__fini_array_start = .)
 *(SORT_BY_NAME(.fini_array.*))
 *(.fini_array)
                [!provide]                        PROVIDE (__fini_array_end = .)
 *(.eh_frame*)
 .eh_frame      0x1000a8d8        0x0 C:/Users/25sal/.pico-sdk/toolchain/13_3_Rel1/bin/../lib/gcc/arm-none-eabi/13.3.1/thumb/v6-m/nofp/crtbegin.o
                0x1000a8d8                        . = ALIGN (0x4)

.glue_7         0x1000a8d8        0x0
 .glue_7        0x1000a8d8        0x0 linker stubs

.glue_7t        0x1000a8d8        0x0
 .glue_7t       0x1000a8d8        0x0 linker stubs

.vfp11_veneer   0x1000a8d8        0x0
 .vfp11_veneer  0x1000a8d8        0x0 linker stubs

.v4_bx          0x1000a8d8        0x0
 .v4_bx         0x1000a8d8        0x0 linker stubs

.iplt           0x1000a8d8        0x0
 .iplt          0x1000a8d8        0x0 C:/Users/25sal/.pico-sdk/toolchain/13_3_Rel1/bin/../lib/gcc/arm-none-eabi/13.3.1/thumb/v6-m/nofp/crtbegin.o

.rodata         0x1000a8d8      0xe84
 *(EXCLUDE_FILE(*libm.a: *libc.a:*lib_a-mem*.o *libgcc.a:) .rodata*)
 .rodata.main.str1.4
                0x1000a8d8      0x5d8 src/CMakeFiles/rp2040-freertos-template.dir/main.c.obj
                                 0x37 (size before relaxing)
 .rodata.str1.4
                0x1000aeb0       0xf1 src/CMakeFiles/rp2040-freertos-template.dir/variaveis_globais.c.obj
 .rodata.dict_retorno
                0x1000aeb0       0x10 src/CMakeFiles/rp2040-freertos-template.dir/variaveis_globais.c.obj
                0x1000aeb0                dict_retorno
 .rodata.dict_nome_sensor
                0x1000aec0       0x18 src/CMakeFiles/rp2040-freertos-template.dir/variaveis_globais.c.obj
                0x1000aec0                dict_nome_sensor
 .rodata.dict_tipo_sensor
                0x1000aed8       0x10 src/CMakeFiles/rp2040-freertos-template.dir/variaveis_globais.c.obj
                0x1000aed8                dict_tipo_sensor
 .rodata.dict_acao
                0x1000aee8       0x20 src/CMakeFiles/rp2040-freertos-template.dir/variaveis_globais.c.obj
                0x1000aee8                dict_acao
 .rodata.dict_remetente_destinatario
                0x1000af08       0x28 src/CMakeFiles/rp2040-freertos-template.dir/variaveis_globais.c.obj
                0x1000af08                dict_remetente_destinatario
 .rodata.ssd1306_init.str1.4
                0x1000af30       0x3f src/CMakeFiles/rp2040-freertos-template.dir/ssd1306.c.obj
 .rodata.ssd1306_show.str1.4
                0x1000af30        0xd src/CMakeFiles/rp2040-freertos-template.dir/ssd1306.c.obj
 .rodata.font_8x5
                0x1000af30      0x1e0 src/CMakeFiles/rp2040-freertos-template.dir/ssd1306.c.obj
                0x1000af30                font_8x5
 .rodata.retorno_requisicao_json.constprop.0.str1.4
                0x1000b110       0xc3 src/CMakeFiles/rp2040-freertos-template.dir/functions.c.obj
 .rodata.task_leitura_serial_receiver.str1.4
                0x1000b110      0x1a2 src/CMakeFiles/rp2040-freertos-template.dir/functions.c.obj
 .rodata.task_exibir_infos_OLED.str1.4
                0x1000b110       0x2f src/CMakeFiles/rp2040-freertos-template.dir/functions.c.obj
 .rodata.verificar_porta_acao_especifica
                0x1000b110       0x74 src/CMakeFiles/rp2040-freertos-template.dir/functions.c.obj
 .rodata.receber_mensagem_uart.str1.4
                0x1000b184       0x2f src/CMakeFiles/rp2040-freertos-template.dir/functions.c.obj
 .rodata.panic.str1.4
                0x1000b184       0x12 src/CMakeFiles/rp2040-freertos-template.dir/C_/Users/25sal/.pico-sdk/sdk/2.1.0/src/rp2_common/pico_platform_panic/panic.c.obj
 .rodata.panic_unsupported.str1.4
                0x1000b184        0xe src/CMakeFiles/rp2040-freertos-template.dir/C_/Users/25sal/.pico-sdk/sdk/2.1.0/src/rp2_common/pico_platform_panic/panic.c.obj
 .rodata.spin_lock_claim_unused.str1.4
                0x1000b184       0x1b src/CMakeFiles/rp2040-freertos-template.dir/C_/Users/25sal/.pico-sdk/sdk/2.1.0/src/rp2_common/hardware_sync/sync.c.obj
 .rodata.user_irq_claim_unused.str1.4
                0x1000b184       0x1b src/CMakeFiles/rp2040-freertos-template.dir/C_/Users/25sal/.pico-sdk/sdk/2.1.0/src/rp2_common/hardware_irq/irq.c.obj
 .rodata.timer_hardware_alarm_claim.str1.4
                0x1000b184       0x22 src/CMakeFiles/rp2040-freertos-template.dir/C_/Users/25sal/.pico-sdk/sdk/2.1.0/src/rp2_common/hardware_timer/timer.c.obj
 .rodata.hard_assertion_failure.str1.4
                0x1000b184        0xc src/CMakeFiles/rp2040-freertos-template.dir/C_/Users/25sal/.pico-sdk/sdk/2.1.0/src/rp2_common/pico_runtime/runtime.c.obj
 .rodata.missing_double_func_shim.str1.4
                0x1000b184       0x18 src/CMakeFiles/rp2040-freertos-template.dir/C_/Users/25sal/.pico-sdk/sdk/2.1.0/src/rp2_common/pico_double/double_init_rom_rp2040.c.obj
 .rodata.missing_float_func_shim.str1.4
                0x1000b184        0x1 src/CMakeFiles/rp2040-freertos-template.dir/C_/Users/25sal/.pico-sdk/sdk/2.1.0/src/rp2_common/pico_float/float_init_rom_rp2040.c.obj
 .rodata.__wrap_malloc.str1.4
                0x1000b184        0xe src/CMakeFiles/rp2040-freertos-template.dir/C_/Users/25sal/.pico-sdk/sdk/2.1.0/src/rp2_common/pico_malloc/malloc.c.obj
 .rodata.str1.4
                0x1000b184       0x50 src/CMakeFiles/rp2040-freertos-template.dir/C_/Users/25sal/.pico-sdk/sdk/2.1.0/src/rp2_common/pico_standard_binary_info/standard_binary_info.c.obj
 .rodata.__bi_84
                0x1000b184        0xc src/CMakeFiles/rp2040-freertos-template.dir/C_/Users/25sal/.pico-sdk/sdk/2.1.0/src/rp2_common/pico_standard_binary_info/standard_binary_info.c.obj
 .rodata.__bi_78
                0x1000b190        0xc src/CMakeFiles/rp2040-freertos-template.dir/C_/Users/25sal/.pico-sdk/sdk/2.1.0/src/rp2_common/pico_standard_binary_info/standard_binary_info.c.obj
 .rodata.__bi_54
                0x1000b19c        0xc src/CMakeFiles/rp2040-freertos-template.dir/C_/Users/25sal/.pico-sdk/sdk/2.1.0/src/rp2_common/pico_standard_binary_info/standard_binary_info.c.obj
 .rodata.__bi_48
                0x1000b1a8        0xc src/CMakeFiles/rp2040-freertos-template.dir/C_/Users/25sal/.pico-sdk/sdk/2.1.0/src/rp2_common/pico_standard_binary_info/standard_binary_info.c.obj
 .rodata.__bi_42
                0x1000b1b4        0xc src/CMakeFiles/rp2040-freertos-template.dir/C_/Users/25sal/.pico-sdk/sdk/2.1.0/src/rp2_common/pico_standard_binary_info/standard_binary_info.c.obj
 .rodata.__bi_34
                0x1000b1c0        0xc src/CMakeFiles/rp2040-freertos-template.dir/C_/Users/25sal/.pico-sdk/sdk/2.1.0/src/rp2_common/pico_standard_binary_info/standard_binary_info.c.obj
 .rodata.__bi_26
                0x1000b1cc        0xc src/CMakeFiles/rp2040-freertos-template.dir/C_/Users/25sal/.pico-sdk/sdk/2.1.0/src/rp2_common/pico_standard_binary_info/standard_binary_info.c.obj
 .rodata._ftoa.str1.4
                0x1000b1d8       0x15 src/CMakeFiles/rp2040-freertos-template.dir/C_/Users/25sal/.pico-sdk/sdk/2.1.0/src/rp2_common/pico_printf/printf.c.obj
 .rodata._vsnprintf
                0x1000b1d8      0x19c src/CMakeFiles/rp2040-freertos-template.dir/C_/Users/25sal/.pico-sdk/sdk/2.1.0/src/rp2_common/pico_printf/printf.c.obj
 *fill*         0x1000b374        0x4 
 .rodata.pow10.0
                0x1000b378       0x50 src/CMakeFiles/rp2040-freertos-template.dir/C_/Users/25sal/.pico-sdk/sdk/2.1.0/src/rp2_common/pico_printf/printf.c.obj
 .rodata.crlf_str.0
                0x1000b3c8        0x2 src/CMakeFiles/rp2040-freertos-template.dir/C_/Users/25sal/.pico-sdk/sdk/2.1.0/src/rp2_common/pico_stdio/stdio.c.obj
 *fill*         0x1000b3ca        0x2 
 .rodata._resetd_driver
                0x1000b3cc       0x20 src/CMakeFiles/rp2040-freertos-template.dir/C_/Users/25sal/.pico-sdk/sdk/2.1.0/src/rp2_common/pico_stdio_usb/reset_interface.c.obj
 .rodata.desc_ms_os_20
                0x1000b3ec       0xa6 src/CMakeFiles/rp2040-freertos-template.dir/C_/Users/25sal/.pico-sdk/sdk/2.1.0/src/rp2_common/pico_stdio_usb/reset_interface.c.obj
 *fill*         0x1000b492        0x2 
 .rodata.desc_bos
                0x1000b494       0x21 src/CMakeFiles/rp2040-freertos-template.dir/C_/Users/25sal/.pico-sdk/sdk/2.1.0/src/rp2_common/pico_stdio_usb/reset_interface.c.obj
                0x1000b494                desc_bos
 .rodata.str1.4
                0x1000b4b5       0x13 src/CMakeFiles/rp2040-freertos-template.dir/C_/Users/25sal/.pico-sdk/sdk/2.1.0/src/rp2_common/pico_stdio_usb/stdio_usb.c.obj
 *fill*         0x1000b4b5        0x3 
 .rodata.__bi_197.0
                0x1000b4b8        0xc src/CMakeFiles/rp2040-freertos-template.dir/C_/Users/25sal/.pico-sdk/sdk/2.1.0/src/rp2_common/pico_stdio_usb/stdio_usb.c.obj
 .rodata.str1.4
                0x1000b4c4       0x2a src/CMakeFiles/rp2040-freertos-template.dir/C_/Users/25sal/.pico-sdk/sdk/2.1.0/src/rp2_common/pico_stdio_usb/stdio_usb_descriptors.c.obj
 .rodata.usbd_desc_str
                0x1000b4c4       0x18 src/CMakeFiles/rp2040-freertos-template.dir/C_/Users/25sal/.pico-sdk/sdk/2.1.0/src/rp2_common/pico_stdio_usb/stdio_usb_descriptors.c.obj
 .rodata.usbd_desc_cfg
                0x1000b4dc       0x54 src/CMakeFiles/rp2040-freertos-template.dir/C_/Users/25sal/.pico-sdk/sdk/2.1.0/src/rp2_common/pico_stdio_usb/stdio_usb_descriptors.c.obj
 .rodata.usbd_desc_device
                0x1000b530       0x12 src/CMakeFiles/rp2040-freertos-template.dir/C_/Users/25sal/.pico-sdk/sdk/2.1.0/src/rp2_common/pico_stdio_usb/stdio_usb_descriptors.c.obj
 .rodata.str1.4
                0x1000b542       0x14 src/CMakeFiles/rp2040-freertos-template.dir/C_/Users/25sal/.pico-sdk/sdk/2.1.0/lib/tinyusb/src/portable/raspberrypi/rp2040/dcd_rp2040.c.obj
 .rodata.str1.4
                0x1000b542       0x48 src/CMakeFiles/rp2040-freertos-template.dir/C_/Users/25sal/.pico-sdk/sdk/2.1.0/lib/tinyusb/src/portable/raspberrypi/rp2040/rp2040_usb.c.obj
 *fill*         0x1000b542        0x2 
 .rodata.tud_task_ext
                0x1000b544       0x8c src/CMakeFiles/rp2040-freertos-template.dir/C_/Users/25sal/.pico-sdk/sdk/2.1.0/lib/tinyusb/src/device/usbd.c.obj
 .rodata        0x1000b5d0       0x1c src/CMakeFiles/rp2040-freertos-template.dir/C_/Users/25sal/.pico-sdk/sdk/2.1.0/lib/tinyusb/src/device/usbd.c.obj
 .rodata._usbd_driver
                0x1000b5ec       0x40 src/CMakeFiles/rp2040-freertos-template.dir/C_/Users/25sal/.pico-sdk/sdk/2.1.0/lib/tinyusb/src/device/usbd.c.obj
 .rodata.uxTopUsedPriority