Archive member included to satisfy reference by file (symbol)

C:/Users/25sal/.pico-sdk/toolchain/13_3_Rel1/bin/../lib/gcc/arm-none-eabi/13.3.1/thumb/v6-m/nofp\libgcc.a(_dvmd_tls.o)
                              src/CMakeFiles/rp2040-freertos-template.dir/C_/Users/25sal/.pico-sdk/sdk/2.1.0/src/rp2_common/pico_divider/divider_hardware.S.obj (__aeabi_idiv0)
C:/Users/25sal/.pico-sdk/toolchain/13_3_Rel1/bin/../lib/gcc/arm-none-eabi/13.3.1/thumb/v6-m/nofp\libg.a(libc_a-calloc.o)
                              src/CMakeFiles/rp2040-freertos-template.dir/C_/Users/25sal/.pico-sdk/sdk/2.1.0/src/rp2_common/pico_malloc/malloc.c.obj (calloc)
C:/Users/25sal/.pico-sdk/toolchain/13_3_Rel1/bin/../lib/gcc/arm-none-eabi/13.3.1/thumb/v6-m/nofp\libg.a(libc_a-callocr.o)
                              C:/Users/25sal/.pico-sdk/toolchain/13_3_Rel1/bin/../lib/gcc/arm-none-eabi/13.3.1/thumb/v6-m/nofp\libg.a(libc_a-calloc.o) (_calloc_r)
C:/Users/25sal/.pico-sdk/toolchain/13_3_Rel1/bin/../lib/gcc/arm-none-eabi/13.3.1/thumb/v6-m/nofp\libg.a(libc_a-malloc.o)
                              src/CMakeFiles/rp2040-freertos-template.dir/C_/Users/25sal/.pico-sdk/sdk/2.1.0/src/rp2_common/pico_malloc/malloc.c.obj (malloc)
C:/Users/25sal/.pico-sdk/toolchain/13_3_Rel1/bin/../lib/gcc/arm-none-eabi/13.3.1/thumb/v6-m/nofp\libg.a(libc_a-mallocr.o)
                              C:/Users/25sal/.pico-sdk/toolchain/13_3_Rel1/bin/../lib/gcc/arm-none-eabi/13.3.1/thumb/v6-m/nofp\libg.a(libc_a-callocr.o) (_malloc_r)
C:/Users/25sal/.pico-sdk/toolchain/13_3_Rel1/bin/../lib/gcc/arm-none-eabi/13.3.1/thumb/v6-m/nofp\libg.a(libc_a-mlock.o)
                              C:/Users/25sal/.pico-sdk/toolchain/13_3_Rel1/bin/../lib/gcc/arm-none-eabi/13.3.1/thumb/v6-m/nofp\libg.a(libc_a-mallocr.o) (__malloc_lock)
C:/Users/25sal/.pico-sdk/toolchain/13_3_Rel1/bin/../lib/gcc/arm-none-eabi/13.3.1/thumb/v6-m/nofp\libg.a(libc_a-realloc.o)
                              src/CMakeFiles/rp2040-freertos-template.dir/C_/Users/25sal/.pico-sdk/sdk/2.1.0/src/rp2_common/pico_malloc/malloc.c.obj (realloc)
C:/Users/25sal/.pico-sdk/toolchain/13_3_Rel1/bin/../lib/gcc/arm-none-eabi/13.3.1/thumb/v6-m/nofp\libg.a(libc_a-reallocr.o)
                              C:/Users/25sal/.pico-sdk/toolchain/13_3_Rel1/bin/../lib/gcc/arm-none-eabi/13.3.1/thumb/v6-m/nofp\libg.a(libc_a-realloc.o) (_realloc_r)
C:/Users/25sal/.pico-sdk/toolchain/13_3_Rel1/bin/../lib/gcc/arm-none-eabi/13.3.1/thumb/v6-m/nofp\libg.a(libc_a-ctype_.o)
                              src/CMakeFiles/rp2040-freertos-template.dir/functions.c.obj (_ctype_)
C:/Users/25sal/.pico-sdk/toolchain/13_3_Rel1/bin/../lib/gcc/arm-none-eabi/13.3.1/thumb/v6-m/nofp\libg.a(libc_a-memcmp.o)
                              src/CMakeFiles/rp2040-freertos-template.dir/C_/Users/25sal/.pico-sdk/sdk/2.1.0/src/rp2_common/pico_atomic/atomic.c.obj (memcmp)
C:/Users/25sal/.pico-sdk/toolchain/13_3_Rel1/bin/../lib/gcc/arm-none-eabi/13.3.1/thumb/v6-m/nofp\libg.a(libc_a-memmove.o)
                              C:/Users/25sal/.pico-sdk/toolchain/13_3_Rel1/bin/../lib/gcc/arm-none-eabi/13.3.1/thumb/v6-m/nofp\libg.a(libc_a-reallocr.o) (memmove)
C:/Users/25sal/.pico-sdk/toolchain/13_3_Rel1/bin/../lib/gcc/arm-none-eabi/13.3.1/thumb/v6-m/nofp\libg.a(libc_a-strncpy.o)
                              src/CMakeFiles/rp2040-freertos-template.dir/functions.c.obj (strncpy)
C:/Users/25sal/.pico-sdk/toolchain/13_3_Rel1/bin/../lib/gcc/arm-none-eabi/13.3.1/thumb/v6-m/nofp\libg.a(libc_a-strstr.o)
                              src/CMakeFiles/rp2040-freertos-template.dir/functions.c.obj (strstr)
C:/Users/25sal/.pico-sdk/toolchain/13_3_Rel1/bin/../lib/gcc/arm-none-eabi/13.3.1/thumb/v6-m/nofp\libg.a(libc_a-lcltime_r.o)
                              src/CMakeFiles/rp2040-freertos-template.dir/C_/Users/25sal/.pico-sdk/sdk/2.1.0/src/common/pico_util/datetime.c.obj (localtime_r)
C:/Users/25sal/.pico-sdk/toolchain/13_3_Rel1/bin/../lib/gcc/arm-none-eabi/13.3.1/thumb/v6-m/nofp\libg.a(libc_a-mktime.o)
                              src/CMakeFiles/rp2040-freertos-template.dir/C_/Users/25sal/.pico-sdk/sdk/2.1.0/src/common/pico_util/datetime.c.obj (mktime)
C:/Users/25sal/.pico-sdk/toolchain/13_3_Rel1/bin/../lib/gcc/arm-none-eabi/13.3.1/thumb/v6-m/nofp\libg.a(libc_a-month_lengths.o)
                              C:/Users/25sal/.pico-sdk/toolchain/13_3_Rel1/bin/../lib/gcc/arm-none-eabi/13.3.1/thumb/v6-m/nofp\libg.a(libc_a-lcltime_r.o) (__month_lengths)
C:/Users/25sal/.pico-sdk/toolchain/13_3_Rel1/bin/../lib/gcc/arm-none-eabi/13.3.1/thumb/v6-m/nofp\libg.a(libc_a-tzcalc_limits.o)
                              C:/Users/25sal/.pico-sdk/toolchain/13_3_Rel1/bin/../lib/gcc/arm-none-eabi/13.3.1/thumb/v6-m/nofp\libg.a(libc_a-lcltime_r.o) (__tzcalc_limits)
C:/Users/25sal/.pico-sdk/toolchain/13_3_Rel1/bin/../lib/gcc/arm-none-eabi/13.3.1/thumb/v6-m/nofp\libg.a(libc_a-tzlock.o)
[...]
Memory Configuration

Name             Origin             Length             Attributes
FLASH            0x10000000         0x00200000         xr
RAM              0x20000000         0x00040000         xrw
SCRATCH_X        0x20040000         0x00001000         xrw
SCRATCH_Y        0x20041000         0x00001000         xrw
*default*        0x00000000         0xffffffff

Linker script and memory map

LOAD C:/Users/25sal/.pico-sdk/toolchain/13_3_Rel1/bin/../lib/gcc/arm-none-eabi/13.3.1/thumb/v6-m/nofp/crti.o
LOAD C:/Users/25sal/.pico-sdk/toolchain/13_3_Rel1/bin/../lib/gcc/arm-none-eabi/13.3.1/thumb/v6-m/nofp/crtbegin.o
LOAD C:/Users/25sal/.pico-sdk/toolchain/13_3_Rel1/bin/../lib/gcc/arm-none-eabi/13.3.1/thumb/v6-m/nofp/crt0.o

.flash_begin    0x10000000        0x0
                0x10000000                        __flash_binary_start = .

.boot2          0x10000000      0x100
                0x10000000                        __boot2_start__ = .
 *(.boot2)
 .boot2         0x10000000      0x100 pico-sdk/src/rp2040/boot_stage2/CMakeFiles/bs2_default_library.dir/./bs2_default_padded_checksummed.S.obj
                0x10000100                        __boot2_end__ = .
                0x00000001                        ASSERT (((__boot2_end__ - __boot2_start__) == 0x100), ERROR: Pico second stage bootloader must be 256 bytes in size)

.text           0x10000100     0x7680
                0x10000100                        __logical_binary_start = .
 *(.vectors)
 .vectors       0x10000100       0xd4 src/CMakeFiles/rp2040-freertos-template.dir/C_/Users/25sal/.pico-sdk/sdk/2.1.0/src/rp2_common/pico_crt0/crt0.S.obj
                0x10000100                __VECTOR_TABLE
                0x10000100                __vectors
                0x100001c0                isr_invalid
                0x100001c0                __default_isrs_start
                0x100001c2                isr_nmi
                0x100001c4                isr_hardfault
                0x100001c6                isr_svcall
                0x100001c8                isr_pendsv
                0x100001ca                isr_systick
                0x100001cc                isr_irq23
                0x100001cc                isr_irq18
                0x100001cc                isr_irq11
                0x100001cc                isr_irq28
                0x100001cc                isr_irq19
                0x100001cc                isr_irq0
                0x100001cc                isr_irq6
                0x100001cc                isr_irq5
                0x100001cc                isr_irq12
                0x100001cc                isr_irq22
                0x100001cc                isr_irq31
                0x100001cc                isr_irq17
                0x100001cc                isr_irq27
                0x100001cc                isr_irq30
                0x100001cc                isr_irq2
                0x100001cc                isr_irq10
                0x100001cc                isr_irq8
                0x100001cc                isr_irq24
                0x100001cc                isr_irq1
                0x100001cc                isr_irq7
                0x100001cc                isr_irq21
                0x100001cc                isr_irq20
                0x100001cc                isr_irq15
                0x100001cc                isr_irq25
                0x100001cc                isr_irq13
                0x100001cc                __unhandled_user_irq
                0x100001cc                isr_irq4
                0x100001cc                isr_irq16
                0x100001cc                isr_irq29
                0x100001cc                isr_irq26
                0x100001cc                __default_isrs_end
                0x100001cc                isr_irq3
                0x100001cc                isr_irq14
                0x100001cc                isr_irq9
                0x100001d2                unhandled_user_irq_num_in_r0
 *(.binary_info_header)
 .binary_info_header
                0x100001d4       0x14 src/CMakeFiles/rp2040-freertos-template.dir/C_/Users/25sal/.pico-sdk/sdk/2.1.0/src/rp2_common/pico_crt0/crt0.S.obj
                0x100001e8                        __binary_info_header_end = .
 *(.embedded_block)
                0x100001e8                        __embedded_block_end = .
 *(.reset)
 .reset         0x100001e8       0x9c src/CMakeFiles/rp2040-freertos-template.dir/C_/Users/25sal/.pico-sdk/sdk/2.1.0/src/rp2_common/pico_crt0/crt0.S.obj
                0x100001e8                _entry_point
 *(.init)
 .init          0x10000284        0x4 C:/Users/25sal/.pico-sdk/toolchain/13_3_Rel1/bin/../lib/gcc/arm-none-eabi/13.3.1/thumb/v6-m/nofp/crti.o
                0x10000284                _init
 *(EXCLUDE_FILE(*libm.a: *libc.a:*lib_a-mem*.o *libgcc.a:) .text*)
 .text.register_tm_clones
                0x10000288       0x28 C:/Users/25sal/.pico-sdk/toolchain/13_3_Rel1/bin/../lib/gcc/arm-none-eabi/13.3.1/thumb/v6-m/nofp/crtbegin.o
 .text.frame_dummy
                0x100002b0       0x24 C:/Users/25sal/.pico-sdk/toolchain/13_3_Rel1/bin/../lib/gcc/arm-none-eabi/13.3.1/thumb/v6-m/nofp/crtbegin.o
 .text.startup.main
                0x100002d4       0xa8 src/CMakeFiles/rp2040-freertos-template.dir/main.c.obj
                0x100002d4                main
 .text.limpar_m_json_char
                0x1000037c       0x1c src/CMakeFiles/rp2040-freertos-template.dir/functions.c.obj
                0x1000037c                limpar_m_json_char
 .text.limpar_m_json_int
                0x10000398       0x1c src/CMakeFiles/rp2040-freertos-template.dir/functions.c.obj
                0x10000398                limpar_m_json_int
 .text.setup_init_i2c1
                0x100003b4       0x38 src/CMakeFiles/rp2040-freertos-template.dir/functions.c.obj
                0x100003b4                setup_init_i2c1
 .text.uart_init_custom
                0x100003ec       0x38 src/CMakeFiles/rp2040-freertos-template.dir/functions.c.obj
                0x100003ec                uart_init_custom
 .text.gpio_set_function
                0x10000424       0x34 src/CMakeFiles/rp2040-freertos-template.dir/C_/Users/25sal/.pico-sdk/sdk/2.1.0/src/rp2_common/hardware_gpio/gpio.c.obj
                0x10000424                gpio_set_function
 .text.gpio_set_pulls
                0x10000458       0x28 src/CMakeFiles/rp2040-freertos-template.dir/C_/Users/25sal/.pico-sdk/sdk/2.1.0/src/rp2_common/hardware_gpio/gpio.c.obj
                0x10000458                gpio_set_pulls
 .text.rp2040_chip_version
                0x10000480        0xc src/CMakeFiles/rp2040-freertos-template.dir/C_/Users/25sal/.pico-sdk/sdk/2.1.0/src/rp2040/pico_platform/platform.c.obj
                0x10000480                rp2040_chip_version
 .text.panic    0x1000048c       0x30 src/CMakeFiles/rp2040-freertos-template.dir/C_/Users/25sal/.pico-sdk/sdk/2.1.0/src/rp2_common/pico_platform_panic/panic.c.obj
                0x1000048c                panic
 .text.hw_claim_or_assert
                0x100004bc       0x44 src/CMakeFiles/rp2040-freertos-template.dir/C_/Users/25sal/.pico-sdk/sdk/2.1.0/src/common/hardware_claim/claim.c.obj
                0x100004bc                hw_claim_or_assert
 .text.hw_claim_unused_from_range
                0x10000500       0x9c src/CMakeFiles/rp2040-freertos-template.dir/C_/Users/25sal/.pico-sdk/sdk/2.1.0/src/common/hardware_claim/claim.c.obj
                0x10000500                hw_claim_unused_from_range
 .text.next_striped_spin_lock_num
                0x1000059c       0x18 src/CMakeFiles/rp2040-freertos-template.dir/C_/Users/25sal/.pico-sdk/sdk/2.1.0/src/rp2_common/hardware_sync/sync.c.obj
                0x1000059c                next_striped_spin_lock_num
 .text.spin_lock_claim_unused
                0x100005b4       0x24 src/CMakeFiles/rp2040-freertos-template.dir/C_/Users/25sal/.pico-sdk/sdk/2.1.0/src/rp2_common/hardware_sync/sync.c.obj
                0x100005b4                spin_lock_claim_unused
 .text.spin_locks_reset
                0x100005d8       0x1c src/CMakeFiles/rp2040-freertos-template.dir/C_/Users/25sal/.pico-sdk/sdk/2.1.0/src/rp2_common/hardware_sync_spin_lock/sync_spin_lock.c.obj
                0x100005d8                spin_locks_reset
 .text.runtime_init_per_core_irq_priorities
                0x100005f4       0x24 src/CMakeFiles/rp2040-freertos-template.dir/C_/Users/25sal/.pico-sdk/sdk/2.1.0/src/rp2_common/hardware_irq/irq.c.obj
                0x100005f4                runtime_init_per_core_irq_priorities
 .text.irq_set_enabled
                0x10000618       0x24 src/CMakeFiles/rp2040-freertos-template.dir/C_/Users/25sal/.pico-sdk/sdk/2.1.0/src/rp2_common/hardware_irq/irq.c.obj
                0x10000618                irq_set_enabled
 .text.irq_is_enabled
                0x1000063c       0x18 src/CMakeFiles/rp2040-freertos-template.dir/C_/Users/25sal/.pico-sdk/sdk/2.1.0/src/rp2_common/hardware_irq/irq.c.obj
                0x1000063c                irq_is_enabled
 .text.irq_set_pending
                0x10000654       0x10 src/CMakeFiles/rp2040-freertos-template.dir/C_/Users/25sal/.pico-sdk/sdk/2.1.0/src/rp2_common/hardware_irq/irq.c.obj
                0x10000654                irq_set_pending
 .text.irq_has_shared_handler
                0x10000664       0x2c src/CMakeFiles/rp2040-freertos-template.dir/C_/Users/25sal/.pico-sdk/sdk/2.1.0/src/rp2_common/hardware_irq/irq.c.obj
                0x10000664                irq_has_shared_handler
 .text.irq_set_exclusive_handler
                0x10000690       0x54 src/CMakeFiles/rp2040-freertos-template.dir/C_/Users/25sal/.pico-sdk/sdk/2.1.0/src/rp2_common/hardware_irq/irq.c.obj
                0x10000690                irq_set_exclusive_handler
 .text.irq_add_shared_handler
                0x100006e4      0x1f4 src/CMakeFiles/rp2040-freertos-template.dir/C_/Users/25sal/.pico-sdk/sdk/2.1.0/src/rp2_common/hardware_irq/irq.c.obj
                0x100006e4                irq_add_shared_handler
 .text.irq_add_tail_to_free_list
                0x100008d8       0xb4 src/CMakeFiles/rp2040-freertos-template.dir/C_/Users/25sal/.pico-sdk/sdk/2.1.0/src/rp2_common/hardware_irq/irq.c.obj
                0x100008d8                irq_add_tail_to_free_list
 .text.user_irq_claim_unused
                0x1000098c       0x2c src/CMakeFiles/rp2040-freertos-template.dir/C_/Users/25sal/.pico-sdk/sdk/2.1.0/src/rp2_common/hardware_irq/irq.c.obj
                0x1000098c                user_irq_claim_unused
 .text.lock_init
                0x100009b8       0x10 src/CMakeFiles/rp2040-freertos-template.dir/C_/Users/25sal/.pico-sdk/sdk/2.1.0/src/common/pico_sync/lock_core.c.obj
                0x100009b8                lock_init
 .text.runtime_init_mutex
                0x100009c8       0x54 src/CMakeFiles/rp2040-freertos-template.dir/C_/Users/25sal/.pico-sdk/sdk/2.1.0/src/common/pico_sync/mutex.c.obj
                0x100009c8                runtime_init_mutex
 .text.mutex_init
                0x10000a1c       0x1c src/CMakeFiles/rp2040-freertos-template.dir/C_/Users/25sal/.pico-sdk/sdk/2.1.0/src/common/pico_sync/mutex.c.obj
                0x10000a1c                mutex_init
 .text.critical_section_init
                0x10000a38       0x1c src/CMakeFiles/rp2040-freertos-template.dir/C_/Users/25sal/.pico-sdk/sdk/2.1.0/src/common/pico_sync/critical_section.c.obj
                0x10000a38                critical_section_init
 .text.critical_section_init_with_lock_num
                0x10000a54       0x14 src/CMakeFiles/rp2040-freertos-template.dir/C_/Users/25sal/.pico-sdk/sdk/2.1.0/src/common/pico_sync/critical_section.c.obj
                0x10000a54                critical_section_init_with_lock_num
 .text.alarm_pool_irq_handler
                0x10000a68      0x2fc src/CMakeFiles/rp2040-freertos-template.dir/C_/Users/25sal/.pico-sdk/sdk/2.1.0/src/common/pico_time/time.c.obj
 .text.sleep_until_callback
                0x10000d64       0x24 src/CMakeFiles/rp2040-freertos-template.dir/C_/Users/25sal/.pico-sdk/sdk/2.1.0/src/common/pico_time/time.c.obj
 .text.runtime_init_default_alarm_pool
                0x10000d88       0xdc src/CMakeFiles/rp2040-freertos-template.dir/C_/Users/25sal/.pico-sdk/sdk/2.1.0/src/common/pico_time/time.c.obj
                0x10000d88                runtime_init_default_alarm_pool
 .text.alarm_pool_get_default
                0x10000e64        0x8 src/CMakeFiles/rp2040-freertos-template.dir/C_/Users/25sal/.pico-sdk/sdk/2.1.0/src/common/pico_time/time.c.obj
                0x10000e64                alarm_pool_get_default
 .text.alarm_pool_add_alarm_at
                0x10000e6c       0xd4 src/CMakeFiles/rp2040-freertos-template.dir/C_/Users/25sal/.pico-sdk/sdk/2.1.0/src/common/pico_time/time.c.obj
                0x10000e6c                alarm_pool_add_alarm_at
 .text.alarm_pool_add_alarm_at_force_in_context
                0x10000f40       0xb0 src/CMakeFiles/rp2040-freertos-template.dir/C_/Users/25sal/.pico-sdk/sdk/2.1.0/src/common/pico_time/time.c.obj
                0x10000f40                alarm_pool_add_alarm_at_force_in_context
 .text.alarm_pool_cancel_alarm
                0x10000ff0       0x74 src/CMakeFiles/rp2040-freertos-template.dir/C_/Users/25sal/.pico-sdk/sdk/2.1.0/src/common/pico_time/time.c.obj
                0x10000ff0                alarm_pool_cancel_alarm
 .text.alarm_pool_core_num
                0x10001064        0x4 src/CMakeFiles/rp2040-freertos-template.dir/C_/Users/25sal/.pico-sdk/sdk/2.1.0/src/common/pico_time/time.c.obj
                0x10001064                alarm_pool_core_num
 .text.sleep_until
                0x10001068       0xcc src/CMakeFiles/rp2040-freertos-template.dir/C_/Users/25sal/.pico-sdk/sdk/2.1.0/src/common/pico_time/time.c.obj
                0x10001068                sleep_until
 .text.sleep_ms
                0x10001134       0x38 src/CMakeFiles/rp2040-freertos-template.dir/C_/Users/25sal/.pico-sdk/sdk/2.1.0/src/common/pico_time/time.c.obj
                0x10001134                sleep_ms
 .text.best_effort_wfe_or_timeout
                0x1000116c       0xe0 src/CMakeFiles/rp2040-freertos-template.dir/C_/Users/25sal/.pico-sdk/sdk/2.1.0/src/common/pico_time/time.c.obj
                0x1000116c                best_effort_wfe_or_timeout
 .text.timer_hardware_alarm_claim
                0x1000124c       0x14 src/CMakeFiles/rp2040-freertos-template.dir/C_/Users/25sal/.pico-sdk/sdk/2.1.0/src/rp2_common/hardware_timer/timer.c.obj
                0x1000124c                timer_hardware_alarm_claim
 .text.timer_time_us_64
                0x10001260       0x10 src/CMakeFiles/rp2040-freertos-template.dir/C_/Users/25sal/.pico-sdk/sdk/2.1.0/src/rp2_common/hardware_timer/timer.c.obj
                0x10001260                timer_time_us_64
 .text.time_us_64
                0x10001270       0x14 src/CMakeFiles/rp2040-freertos-template.dir/C_/Users/25sal/.pico-sdk/sdk/2.1.0/src/rp2_common/hardware_timer/timer.c.obj
                0x10001270                time_us_64
 .text.busy_wait_us
                0x10001284       0x68 src/CMakeFiles/rp2040-freertos-template.dir/C_/Users/25sal/.pico-sdk/sdk/2.1.0/src/rp2_common/hardware_timer/timer.c.obj
                0x10001284                busy_wait_us
 .text.busy_wait_until
                0x100012ec       0x20 src/CMakeFiles/rp2040-freertos-template.dir/C_/Users/25sal/.pico-sdk/sdk/2.1.0/src/rp2_common/hardware_timer/timer.c.obj
                0x100012ec                busy_wait_until
 .text.uart_init
                0x1000130c      0x120 src/CMakeFiles/rp2040-freertos-template.dir/C_/Users/25sal/.pico-sdk/sdk/2.1.0/src/rp2_common/hardware_uart/uart.c.obj
                0x1000130c                uart_init
 .text.uart_set_format
                0x1000142c       0x78 src/CMakeFiles/rp2040-freertos-template.dir/C_/Users/25sal/.pico-sdk/sdk/2.1.0/src/rp2_common/hardware_uart/uart.c.obj
                0x1000142c                uart_set_format
 .text.uart_set_fifo_enabled
                0x100014a4       0x5c src/CMakeFiles/rp2040-freertos-template.dir/C_/Users/25sal/.pico-sdk/sdk/2.1.0/src/rp2_common/hardware_uart/uart.c.obj
                0x100014a4                uart_set_fifo_enabled
 .text.clock_configure_int_divider
                0x10001500       0xf4 src/CMakeFiles/rp2040-freertos-template.dir/C_/Users/25sal/.pico-sdk/sdk/2.1.0/src/rp2_common/hardware_clocks/clocks.c.obj
                0x10001500                clock_configure_int_divider
 .text.clock_configure_undivided
                0x100015f4       0xe8 src/CMakeFiles/rp2040-freertos-template.dir/C_/Users/25sal/.pico-sdk/sdk/2.1.0/src/rp2_common/hardware_clocks/clocks.c.obj
                0x100015f4                clock_configure_undivided
 .text.clock_get_hz
                0x100016dc        0xc src/CMakeFiles/rp2040-freertos-template.dir/C_/Users/25sal/.pico-sdk/sdk/2.1.0/src/rp2_common/hardware_clocks/clocks.c.obj
                0x100016dc                clock_get_hz
 .text.pll_init
                0x100016e8       0xa4 src/CMakeFiles/rp2040-freertos-template.dir/C_/Users/25sal/.pico-sdk/sdk/2.1.0/src/rp2_common/hardware_pll/pll.c.obj
                0x100016e8                pll_init
 .text.watchdog_reboot
                0x1000178c       0x9c src/CMakeFiles/rp2040-freertos-template.dir/C_/Users/25sal/.pico-sdk/sdk/2.1.0/src/rp2_common/hardware_watchdog/watchdog.c.obj
                0x1000178c                watchdog_reboot
 .text.tick_start
                0x10001828       0x10 src/CMakeFiles/rp2040-freertos-template.dir/C_/Users/25sal/.pico-sdk/sdk/2.1.0/src/rp2_common/hardware_ticks/ticks.c.obj
                0x10001828                tick_start
 .text.rom_func_lookup
                0x10001838       0x10 src/CMakeFiles/rp2040-freertos-template.dir/C_/Users/25sal/.pico-sdk/sdk/2.1.0/src/rp2_common/pico_bootrom/bootrom.c.obj
                0x10001838                rom_func_lookup
 .text.rom_data_lookup
                0x10001848       0x10 src/CMakeFiles/rp2040-freertos-template.dir/C_/Users/25sal/.pico-sdk/sdk/2.1.0/src/rp2_common/pico_bootrom/bootrom.c.obj
                0x10001848                rom_data_lookup
 .text.rom_funcs_lookup
                0x10001858       0x44 src/CMakeFiles/rp2040-freertos-template.dir/C_/Users/25sal/.pico-sdk/sdk/2.1.0/src/rp2_common/pico_bootrom/bootrom.c.obj
                0x10001858                rom_funcs_lookup
 .text.rom_reset_usb_boot_extra
                0x1000189c       0x28 src/CMakeFiles/rp2040-freertos-template.dir/C_/Users/25sal/.pico-sdk/sdk/2.1.0/src/rp2_common/pico_bootrom/bootrom.c.obj
                0x1000189c                rom_reset_usb_boot_extra
 .text.xosc_init
                0x100018c4       0x28 src/CMakeFiles/rp2040-freertos-template.dir/C_/Users/25sal/.pico-sdk/sdk/2.1.0/src/rp2_common/hardware_xosc/xosc.c.obj
                0x100018c4                xosc_init
 .text.first_per_core_initializer
                0x100018ec        0x4 src/CMakeFiles/rp2040-freertos-template.dir/C_/Users/25sal/.pico-sdk/sdk/2.1.0/src/rp2_common/pico_runtime/runtime.c.obj
 .text.hard_assertion_failure
                0x100018f0        0xc src/CMakeFiles/rp2040-freertos-template.dir/C_/Users/25sal/.pico-sdk/sdk/2.1.0/src/rp2_common/pico_runtime/runtime.c.obj
                0x100018f0                hard_assertion_failure
 .text.runtime_run_initializers
                0x100018fc       0x28 src/CMakeFiles/rp2040-freertos-template.dir/C_/Users/25sal/.pico-sdk/sdk/2.1.0/src/rp2_common/pico_runtime/runtime.c.obj
                0x100018fc                runtime_run_initializers
 .text.runtime_init_early_resets
                0x10001924       0x2c src/CMakeFiles/rp2040-freertos-template.dir/C_/Users/25sal/.pico-sdk/sdk/2.1.0/src/rp2_common/pico_runtime_init/runtime_init.c.obj
                0x10001924                runtime_init_early_resets
 .text.runtime_init_usb_power_down
                0x10001950       0x1c src/CMakeFiles/rp2040-freertos-template.dir/C_/Users/25sal/.pico-sdk/sdk/2.1.0/src/rp2_common/pico_runtime_init/runtime_init.c.obj
                0x10001950                runtime_init_usb_power_down
 .text.runtime_init_post_clock_resets
                0x1000196c       0x20 src/CMakeFiles/rp2040-freertos-template.dir/C_/Users/25sal/.pico-sdk/sdk/2.1.0/src/rp2_common/pico_runtime_init/runtime_init.c.obj
                0x1000196c                runtime_init_post_clock_resets
 .text.runtime_init_rp2040_gpio_ie_disable
                0x1000198c       0x14 src/CMakeFiles/rp2040-freertos-template.dir/C_/Users/25sal/.pico-sdk/sdk/2.1.0/src/rp2_common/pico_runtime_init/runtime_init.c.obj
                0x1000198c                runtime_init_rp2040_gpio_ie_disable
 .text.runtime_init_spin_locks_reset
                0x100019a0        0x8 src/CMakeFiles/rp2040-freertos-template.dir/C_/Users/25sal/.pico-sdk/sdk/2.1.0/src/rp2_common/pico_runtime_init/runtime_init.c.obj
                0x100019a0                runtime_init_spin_locks_reset
 .text.runtime_init_install_ram_vector_table
                0x100019a8       0x1c src/CMakeFiles/rp2040-freertos-template.dir/C_/Users/25sal/.pico-sdk/sdk/2.1.0/src/rp2_common/pico_runtime_init/runtime_init.c.obj
                0x100019a8                runtime_init_install_ram_vector_table
 .text.runtime_init_clocks
                0x100019c4       0xd8 src/CMakeFiles/rp2040-freertos-template.dir/C_/Users/25sal/.pico-sdk/sdk/2.1.0/src/rp2_common/pico_runtime_init/runtime_init_clocks.c.obj
                0x100019c4                runtime_init_clocks
 .text          0x10001a9c       0x10 src/CMakeFiles/rp2040-freertos-template.dir/C_/Users/25sal/.pico-sdk/sdk/2.1.0/src/rp2_common/pico_bit_ops/bit_ops_aeabi.S.obj
 .text.__wrap___aeabi_idiv
                0x10001aac       0x50 src/CMakeFiles/rp2040-freertos-template.dir/C_/Users/25sal/.pico-sdk/sdk/2.1.0/src/rp2_common/pico_divider/divider_hardware.S.obj
                0x10001aac                __wrap___aeabi_idivmod
                0x10001aac                divmod_s32s32
                0x10001aac                div_s32s32
                0x10001aac                __wrap___aeabi_idiv
                0x10001ab4                divmod_s32s32_unsafe
                0x10001ae0                divmod_s32s32_savestate
 .text.__wrap___aeabi_uidiv
                0x10001afc       0x4c src/CMakeFiles/rp2040-freertos-template.dir/C_/Users/25sal/.pico-sdk/sdk/2.1.0/src/rp2_common/pico_divider/divider_hardware.S.obj
                0x10001afc                __wrap___aeabi_uidiv
                0x10001afc                __wrap___aeabi_uidivmod
                0x10001afc                div_u32u32
                0x10001afc                divmod_u32u32
                0x10001b04                divmod_u32u32_unsafe
                0x10001b2c                divmod_u32u32_savestate
 .text.__wrap___aeabi_ldiv
                0x10001b48      0x424 src/CMakeFiles/rp2040-freertos-template.dir/C_/Users/25sal/.pico-sdk/sdk/2.1.0/src/rp2_common/pico_divider/divider_hardware.S.obj
                0x10001b48                div_s64s64
                0x10001b48                divmod_s64s64
                0x10001b48                __wrap___aeabi_ldivmod
                0x10001b78                divmod_u64u64
                0x10001b78                div_u64u64
                0x10001b78                __wrap___aeabi_uldivmod
                0x10001b88                divmod_u64u64_savestate
                0x10001ba8                divmod_s64s64_unsafe
                0x10001c30                divmod_u64u64_unsafe
 .text.__wrap___aeabi_darithmetic
                0x10001f6c       0x60 src/CMakeFiles/rp2040-freertos-template.dir/C_/Users/25sal/.pico-sdk/sdk/2.1.0/src/rp2_common/pico_double/double_aeabi_rp2040.S.obj
                0x10001f6c                __wrap___aeabi_drsub
                0x10001f72                __wrap___aeabi_dsub
                0x10001f7c                __wrap___aeabi_dadd
                0x10001f86                __wrap___aeabi_ddiv
                0x10001fba                __wrap___aeabi_dmul
 .text.__wrap___aeabi_cdcmple
                0x10001fcc       0x6c src/CMakeFiles/rp2040-freertos-template.dir/C_/Users/25sal/.pico-sdk/sdk/2.1.0/src/rp2_common/pico_double/double_aeabi_rp2040.S.obj
                0x10001fcc                __wrap___aeabi_cdrcmple
                0x10001fdc                __wrap___aeabi_cdcmpeq
                0x10001fdc                __wrap___aeabi_cdcmple
 .text.__wrap___aeabi_dcmplt
                0x10002038        0xc src/CMakeFiles/rp2040-freertos-template.dir/C_/Users/25sal/.pico-sdk/sdk/2.1.0/src/rp2_common/pico_double/double_aeabi_rp2040.S.obj
                0x10002038                __wrap___aeabi_dcmplt
 .text.__wrap___aeabi_dcmpge
                0x10002044       0x10 src/CMakeFiles/rp2040-freertos-template.dir/C_/Users/25sal/.pico-sdk/sdk/2.1.0/src/rp2_common/pico_double/double_aeabi_rp2040.S.obj
                0x10002044                __wrap___aeabi_dcmpge
 .text.__wrap___aeabi_dcmpgt
                0x10002054        0xa src/CMakeFiles/rp2040-freertos-template.dir/C_/Users/25sal/.pico-sdk/sdk/2.1.0/src/rp2_common/pico_double/double_aeabi_rp2040.S.obj
                0x10002054                __wrap___aeabi_dcmpgt
 .text.__wrap___aeabi_dcmpun
                0x1000205e       0x18 src/CMakeFiles/rp2040-freertos-template.dir/C_/Users/25sal/.pico-sdk/sdk/2.1.0/src/rp2_common/pico_double/double_aeabi_rp2040.S.obj
                0x1000205e                __wrap___aeabi_dcmpun
 *fill*         0x10002076        0x2 
 .text.__wrap___aeabi_i2d
                0x10002078       0x38 src/CMakeFiles/rp2040-freertos-template.dir/C_/Users/25sal/.pico-sdk/sdk/2.1.0/src/rp2_common/pico_double/double_aeabi_rp2040.S.obj
                0x10002078                __wrap___aeabi_ui2d
                0x10002080                __wrap___aeabi_i2d
 .text.__wrap___aeabi_d2iz
                0x100020b0       0x48 src/CMakeFiles/rp2040-freertos-template.dir/C_/Users/25sal/.pico-sdk/sdk/2.1.0/src/rp2_common/pico_double/double_aeabi_rp2040.S.obj
                0x100020b0                double2int_z
                0x100020b0                __wrap___aeabi_d2iz
 .text.__wrap___aeabi_d2uiz
                0x100020f8       0x10 src/CMakeFiles/rp2040-freertos-template.dir/C_/Users/25sal/.pico-sdk/sdk/2.1.0/src/rp2_common/pico_double/double_aeabi_rp2040.S.obj
                0x100020f8                __wrap___aeabi_d2uiz
                0x100020f8                double2uint
 .text.missing_double_func_shim
                0x10002108        0xc src/CMakeFiles/rp2040-freertos-template.dir/C_/Users/25sal/.pico-sdk/sdk/2.1.0/src/rp2_common/pico_double/double_init_rom_rp2040.c.obj
 .text.__aeabi_double_init
                0x10002114       0xa0 src/CMakeFiles/rp2040-freertos-template.dir/C_/Users/25sal/.pico-sdk/sdk/2.1.0/src/rp2_common/pico_double/double_init_rom_rp2040.c.obj
                0x10002114                __aeabi_double_init
 .text.double_table_shim_on_use_helper
                0x100021b4       0x2c src/CMakeFiles/rp2040-freertos-template.dir/C_/Users/25sal/.pico-sdk/sdk/2.1.0/src/rp2_common/pico_double/double_v1_rom_shim_rp2040.S.obj
                0x100021b4                double_table_shim_on_use_helper
 .text.__aeabi_lmul
                0x100021e0       0x32 src/CMakeFiles/rp2040-freertos-template.dir/C_/Users/25sal/.pico-sdk/sdk/2.1.0/src/rp2_common/pico_int64_ops/pico_int64_ops_aeabi.S.obj
                0x100021e0                __wrap___aeabi_lmul
 *fill*         0x10002212        0x2 
 .text.missing_float_func_shim
                0x10002214        0xc src/CMakeFiles/rp2040-freertos-template.dir/C_/Users/25sal/.pico-sdk/sdk/2.1.0/src/rp2_common/pico_float/float_init_rom_rp2040.c.obj
 .text.__aeabi_float_init
                0x10002220       0x5c src/CMakeFiles/rp2040-freertos-template.dir/C_/Users/25sal/.pico-sdk/sdk/2.1.0/src/rp2_common/pico_float/float_init_rom_rp2040.c.obj
                0x10002220                __aeabi_float_init
 .text          0x1000227c       0x10 src/CMakeFiles/rp2040-freertos-template.dir/C_/Users/25sal/.pico-sdk/sdk/2.1.0/src/rp2_common/pico_mem_ops/mem_ops_aeabi.S.obj
                0x1000227c                __aeabi_mem_init
 .text.memset   0x1000228c        0xc src/CMakeFiles/rp2040-freertos-template.dir/C_/Users/25sal/.pico-sdk/sdk/2.1.0/src/rp2_common/pico_mem_ops/mem_ops_aeabi.S.obj
                0x1000228c                __wrap_memset
 .text.memcpy   0x10002298        0xc src/CMakeFiles/rp2040-freertos-template.dir/C_/Users/25sal/.pico-sdk/sdk/2.1.0/src/rp2_common/pico_mem_ops/mem_ops_aeabi.S.obj
                0x10002298                __wrap_memcpy
                0x10002298                __wrap___aeabi_memcpy
 .text._out_null
                0x100022a4        0x4 src/CMakeFiles/rp2040-freertos-template.dir/C_/Users/25sal/.pico-sdk/sdk/2.1.0/src/rp2_common/pico_printf/printf.c.obj
 .text._out_rev
                0x100022a8       0xac src/CMakeFiles/rp2040-freertos-template.dir/C_/Users/25sal/.pico-sdk/sdk/2.1.0/src/rp2_common/pico_printf/printf.c.obj
 .text._ntoa_format
                0x10002354      0x250 src/CMakeFiles/rp2040-freertos-template.dir/C_/Users/25sal/.pico-sdk/sdk/2.1.0/src/rp2_common/pico_printf/printf.c.obj
 .text._out_char
                0x100025a4       0x10 src/CMakeFiles/rp2040-freertos-template.dir/C_/Users/25sal/.pico-sdk/sdk/2.1.0/src/rp2_common/pico_printf/printf.c.obj
 .text._out_fct
                0x100025b4       0x10 src/CMakeFiles/rp2040-freertos-template.dir/C_/Users/25sal/.pico-sdk/sdk/2.1.0/src/rp2_common/pico_printf/printf.c.obj
 .text._etoa    0x100025c4      0x464 src/CMakeFiles/rp2040-freertos-template.dir/C_/Users/25sal/.pico-sdk/sdk/2.1.0/src/rp2_common/pico_printf/printf.c.obj
 .text._ftoa    0x10002a28      0x3c0 src/CMakeFiles/rp2040-freertos-template.dir/C_/Users/25sal/.pico-sdk/sdk/2.1.0/src/rp2_common/pico_printf/printf.c.obj
 .text._vsnprintf
                0x10002de8      0xbc8 src/CMakeFiles/rp2040-freertos-template.dir/C_/Users/25sal/.pico-sdk/sdk/2.1.0/src/rp2_common/pico_printf/printf.c.obj
 .text.vfctprintf
                0x100039b0       0x20 src/CMakeFiles/rp2040-freertos-template.dir/C_/Users/25sal/.pico-sdk/sdk/2.1.0/src/rp2_common/pico_printf/printf.c.obj
                0x100039b0                vfctprintf
 .text.weak_raw_vprintf
                0x100039d0       0x30 src/CMakeFiles/rp2040-freertos-template.dir/C_/Users/25sal/.pico-sdk/sdk/2.1.0/src/rp2_common/pico_printf/printf.c.obj
                0x100039d0                weak_raw_vprintf
 .text._exit    0x10003a00        0x4 src/CMakeFiles/rp2040-freertos-template.dir/C_/Users/25sal/.pico-sdk/sdk/2.1.0/src/rp2_common/pico_clib_interface/newlib_interface.c.obj
                0x10003a00                _exit
 .text.exit     0x10003a04        0x8 src/CMakeFiles/rp2040-freertos-template.dir/C_/Users/25sal/.pico-sdk/sdk/2.1.0/src/rp2_common/pico_clib_interface/newlib_interface.c.obj
                0x10003a04                exit
 .text.runtime_init
                0x10003a0c       0x2c src/CMakeFiles/rp2040-freertos-template.dir/C_/Users/25sal/.pico-sdk/sdk/2.1.0/src/rp2_common/pico_clib_interface/newlib_interface.c.obj
                0x10003a0c                runtime_init
 .text.stdio_out_chars_no_crlf
                0x10003a38       0x10 src/CMakeFiles/rp2040-freertos-template.dir/C_/Users/25sal/.pico-sdk/sdk/2.1.0/src/rp2_common/pico_stdio/stdio.c.obj
 .text.stdio_out_chars_crlf
                0x10003a48       0x94 src/CMakeFiles/rp2040-freertos-template.dir/C_/Users/25sal/.pico-sdk/sdk/2.1.0/src/rp2_common/pico_stdio/stdio.c.obj
 .text.stdio_buffered_printer
                0x10003adc       0x64 src/CMakeFiles/rp2040-freertos-template.dir/C_/Users/25sal/.pico-sdk/sdk/2.1.0/src/rp2_common/pico_stdio/stdio.c.obj
 .text.stdio_put_string
                0x10003b40      0x100 src/CMakeFiles/rp2040-freertos-template.dir/C_/Users/25sal/.pico-sdk/sdk/2.1.0/src/rp2_common/pico_stdio/stdio.c.obj
                0x10003b40                stdio_put_string
 .text.stdio_set_driver_enabled
                0x10003c40       0x30 src/CMakeFiles/rp2040-freertos-template.dir/C_/Users/25sal/.pico-sdk/sdk/2.1.0/src/rp2_common/pico_stdio/stdio.c.obj
                0x10003c40                stdio_set_driver_enabled
 .text.stdio_init_all
                0x10003c70        0x8 src/CMakeFiles/rp2040-freertos-template.dir/C_/Users/25sal/.pico-sdk/sdk/2.1.0/src/rp2_common/pico_stdio/stdio.c.obj
                0x10003c70                stdio_init_all
 .text.__wrap_putchar
                0x10003c78       0x98 src/CMakeFiles/rp2040-freertos-template.dir/C_/Users/25sal/.pico-sdk/sdk/2.1.0/src/rp2_common/pico_stdio/stdio.c.obj
                0x10003c78                __wrap_putchar
                0x10003c78                stdio_putchar
 .text.__wrap_puts
                0x10003d10       0x3c src/CMakeFiles/rp2040-freertos-template.dir/C_/Users/25sal/.pico-sdk/sdk/2.1.0/src/rp2_common/pico_stdio/stdio.c.obj
                0x10003d10                stdio_puts
                0x10003d10                __wrap_puts
 .text.__wrap_vprintf
                0x10003d4c       0xd4 src/CMakeFiles/rp2040-freertos-template.dir/C_/Users/25sal/.pico-sdk/sdk/2.1.0/src/rp2_common/pico_stdio/stdio.c.obj
                0x10003d4c                stdio_vprintf
                0x10003d4c                __wrap_vprintf
 .text.__wrap_printf
                0x10003e20       0x18 src/CMakeFiles/rp2040-freertos-template.dir/C_/Users/25sal/.pico-sdk/sdk/2.1.0/src/rp2_common/pico_stdio/stdio.c.obj
                0x10003e20                __wrap_printf
                0x10003e20                stdio_printf
 .text.resetd_init
                0x10003e38        0x4 src/CMakeFiles/rp2040-freertos-template.dir/C_/Users/25sal/.pico-sdk/sdk/2.1.0/src/rp2_common/pico_stdio_usb/reset_interface.c.obj
 .text.resetd_reset
                0x10003e3c        0xc src/CMakeFiles/rp2040-freertos-template.dir/C_/Users/25sal/.pico-sdk/sdk/2.1.0/src/rp2_common/pico_stdio_usb/reset_interface.c.obj
 .text.resetd_open
                0x10003e48       0x28 src/CMakeFiles/rp2040-freertos-template.dir/C_/Users/25sal/.pico-sdk/sdk/2.1.0/src/rp2_common/pico_stdio_usb/reset_interface.c.obj
 .text.resetd_xfer_cb
                0x10003e70        0x4 src/CMakeFiles/rp2040-freertos-template.dir/C_/Users/25sal/.pico-sdk/sdk/2.1.0/src/rp2_common/pico_stdio_usb/reset_interface.c.obj
 .text.resetd_control_xfer_cb
                0x10003e74       0x5c src/CMakeFiles/rp2040-freertos-template.dir/C_/Users/25sal/.pico-sdk/sdk/2.1.0/src/rp2_common/pico_stdio_usb/reset_interface.c.obj
 .text.tud_descriptor_bos_cb
                0x10003ed0        0x8 src/CMakeFiles/rp2040-freertos-template.dir/C_/Users/25sal/.pico-sdk/sdk/2.1.0/src/rp2_common/pico_stdio_usb/reset_interface.c.obj
                0x10003ed0                tud_descriptor_bos_cb
 .text.tud_vendor_control_xfer_cb
                0x10003ed8       0x34 src/CMakeFiles/rp2040-freertos-template.dir/C_/Users/25sal/.pico-sdk/sdk/2.1.0/src/rp2_common/pico_stdio_usb/reset_interface.c.obj
                0x10003ed8                tud_vendor_control_xfer_cb
 .text.usbd_app_driver_get_cb
                0x10003f0c        0xc src/CMakeFiles/rp2040-freertos-template.dir/C_/Users/25sal/.pico-sdk/sdk/2.1.0/src/rp2_common/pico_stdio_usb/reset_interface.c.obj
                0x10003f0c                usbd_app_driver_get_cb
 .text.tud_cdc_line_coding_cb
                0x10003f18       0x2c src/CMakeFiles/rp2040-freertos-template.dir/C_/Users/25sal/.pico-sdk/sdk/2.1.0/src/rp2_common/pico_stdio_usb/reset_interface.c.obj
                0x10003f18                tud_cdc_line_coding_cb
 .text.stdio_usb_set_chars_available_callback
                0x10003f44       0x14 src/CMakeFiles/rp2040-freertos-template.dir/C_/Users/25sal/.pico-sdk/sdk/2.1.0/src/rp2_common/pico_stdio_usb/stdio_usb.c.obj
                0x10003f44                stdio_usb_set_chars_available_callback
 .text.usb_irq  0x10003f58       0x10 src/CMakeFiles/rp2040-freertos-template.dir/C_/Users/25sal/.pico-sdk/sdk/2.1.0/src/rp2_common/pico_stdio_usb/stdio_usb.c.obj
 .text.timer_task
                0x10003f68       0x64 src/CMakeFiles/rp2040-freertos-template.dir/C_/Users/25sal/.pico-sdk/sdk/2.1.0/src/rp2_common/pico_stdio_usb/stdio_usb.c.obj
 .text.stdio_usb_in_chars
                0x10003fcc       0x90 src/CMakeFiles/rp2040-freertos-template.dir/C_/Users/25sal/.pico-sdk/sdk/2.1.0/src/rp2_common/pico_stdio_usb/stdio_usb.c.obj
                0x10003fcc                stdio_usb_in_chars
 .text.stdio_usb_out_flush
                0x1000405c       0x50 src/CMakeFiles/rp2040-freertos-template.dir/C_/Users/25sal/.pico-sdk/sdk/2.1.0/src/rp2_common/pico_stdio_usb/stdio_usb.c.obj
 .text.stdio_usb_out_chars
                0x100040ac      0x104 src/CMakeFiles/rp2040-freertos-template.dir/C_/Users/25sal/.pico-sdk/sdk/2.1.0/src/rp2_common/pico_stdio_usb/stdio_usb.c.obj
 .text.low_priority_worker_irq
                0x100041b0       0xcc src/CMakeFiles/rp2040-freertos-template.dir/C_/Users/25sal/.pico-sdk/sdk/2.1.0/src/rp2_common/pico_stdio_usb/stdio_usb.c.obj
 .text.stdio_usb_init
                0x1000427c       0xe8 src/CMakeFiles/rp2040-freertos-template.dir/C_/Users/25sal/.pico-sdk/sdk/2.1.0/src/rp2_common/pico_stdio_usb/stdio_usb.c.obj
                0x1000427c                stdio_usb_init
 .text.tud_descriptor_device_cb
                0x10004364        0x8 src/CMakeFiles/rp2040-freertos-template.dir/C_/Users/25sal/.pico-sdk/sdk/2.1.0/src/rp2_common/pico_stdio_usb/stdio_usb_descriptors.c.obj
                0x10004364                tud_descriptor_device_cb
 .text.tud_descriptor_configuration_cb
                0x1000436c        0x8 src/CMakeFiles/rp2040-freertos-template.dir/C_/Users/25sal/.pico-sdk/sdk/2.1.0/src/rp2_common/pico_stdio_usb/stdio_usb_descriptors.c.obj
                0x1000436c                tud_descriptor_configuration_cb
 .text.tud_descriptor_string_cb
                0x10004374       0x78 src/CMakeFiles/rp2040-freertos-template.dir/C_/Users/25sal/.pico-sdk/sdk/2.1.0/src/rp2_common/pico_stdio_usb/stdio_usb_descriptors.c.obj
                0x10004374                tud_descriptor_string_cb
 .text.startup._retrieve_unique_id_on_boot
                0x100043ec       0x10 src/CMakeFiles/rp2040-freertos-template.dir/C_/Users/25sal/.pico-sdk/sdk/2.1.0/src/rp2_common/pico_unique_id/unique_id.c.obj
 .text.pico_get_unique_board_id_string
                0x100043fc      0x1a8 src/CMakeFiles/rp2040-freertos-template.dir/C_/Users/25sal/.pico-sdk/sdk/2.1.0/src/rp2_common/pico_unique_id/unique_id.c.obj
                0x100043fc                pico_get_unique_board_id_string
 .text.flash_get_unique_id
                0x100045a4       0x3c src/CMakeFiles/rp2040-freertos-template.dir/C_/Users/25sal/.pico-sdk/sdk/2.1.0/src/rp2_common/hardware_flash/flash.c.obj
                0x100045a4                flash_get_unique_id
 .text.dcd_init
                0x100045e0       0x8c src/CMakeFiles/rp2040-freertos-template.dir/C_/Users/25sal/.pico-sdk/sdk/2.1.0/lib/tinyusb/src/portable/raspberrypi/rp2040/dcd_rp2040.c.obj
                0x100045e0                dcd_init
 .text.dcd_int_enable
                0x1000466c        0xc src/CMakeFiles/rp2040-freertos-template.dir/C_/Users/25sal/.pico-sdk/sdk/2.1.0/lib/tinyusb/src/portable/raspberrypi/rp2040/dcd_rp2040.c.obj
                0x1000466c                dcd_int_enable
 .text.dcd_set_address
                0x10004678       0x14 src/CMakeFiles/rp2040-freertos-template.dir/C_/Users/25sal/.pico-sdk/sdk/2.1.0/lib/tinyusb/src/portable/raspberrypi/rp2040/dcd_rp2040.c.obj
                0x10004678                dcd_set_address
 .text.dcd_sof_enable
                0x1000468c       0x1c src/CMakeFiles/rp2040-freertos-template.dir/C_/Users/25sal/.pico-sdk/sdk/2.1.0/lib/tinyusb/src/portable/raspberrypi/rp2040/dcd_rp2040.c.obj
                0x1000468c                dcd_sof_enable
 .text.dcd_edpt0_status_complete
                0x100046a8       0x1c src/CMakeFiles/rp2040-freertos-template.dir/C_/Users/25sal/.pico-sdk/sdk/2.1.0/lib/tinyusb/src/portable/raspberrypi/rp2040/dcd_rp2040.c.obj
                0x100046a8                dcd_edpt0_status_complete
 .text.dcd_edpt_open
                0x100046c4      0x108 src/CMakeFiles/rp2040-freertos-template.dir/C_/Users/25sal/.pico-sdk/sdk/2.1.0/lib/tinyusb/src/portable/raspberrypi/rp2040/dcd_rp2040.c.obj
                0x100046c4                dcd_edpt_open
 .text.dcd_edpt_close_all
                0x100047cc        0x8 src/CMakeFiles/rp2040-freertos-template.dir/C_/Users/25sal/.pico-sdk/sdk/2.1.0/lib/tinyusb/src/portable/raspberrypi/rp2040/dcd_rp2040.c.obj
                0x100047cc                dcd_edpt_close_all
 .text.dcd_edpt_xfer
                0x100047d4       0x24 src/CMakeFiles/rp2040-freertos-template.dir/C_/Users/25sal/.pico-sdk/sdk/2.1.0/lib/tinyusb/src/portable/raspberrypi/rp2040/dcd_rp2040.c.obj
                0x100047d4                dcd_edpt_xfer
 .text.dcd_edpt_stall
                0x100047f8       0x34 src/CMakeFiles/rp2040-freertos-template.dir/C_/Users/25sal/.pico-sdk/sdk/2.1.0/lib/tinyusb/src/portable/raspberrypi/rp2040/dcd_rp2040.c.obj
                0x100047f8                dcd_edpt_stall
 .text.dcd_edpt_clear_stall
                0x1000482c       0x30 src/CMakeFiles/rp2040-freertos-template.dir/C_/Users/25sal/.pico-sdk/sdk/2.1.0/lib/tinyusb/src/portable/raspberrypi/rp2040/dcd_rp2040.c.obj
                0x1000482c                dcd_edpt_clear_stall
 .text.rp2040_usb_init
                0x1000485c       0x40 src/CMakeFiles/rp2040-freertos-template.dir/C_/Users/25sal/.pico-sdk/sdk/2.1.0/lib/tinyusb/src/portable/raspberrypi/rp2040/rp2040_usb.c.obj
                0x1000485c                rp2040_usb_init
 .text.hw_endpoint_xfer_start
                0x1000489c       0x40 src/CMakeFiles/rp2040-freertos-template.dir/C_/Users/25sal/.pico-sdk/sdk/2.1.0/lib/tinyusb/src/portable/raspberrypi/rp2040/rp2040_usb.c.obj
                0x1000489c                hw_endpoint_xfer_start
 .text.tud_event_hook_cb
                0x100048dc        0x4 src/CMakeFiles/rp2040-freertos-template.dir/C_/Users/25sal/.pico-sdk/sdk/2.1.0/lib/tinyusb/src/device/usbd.c.obj
                0x100048dc                tud_event_hook_cb
 .text.tud_sof_cb
                0x100048e0        0x4 src/CMakeFiles/rp2040-freertos-template.dir/C_/Users/25sal/.pico-sdk/sdk/2.1.0/lib/tinyusb/src/device/usbd.c.obj
                0x100048e0                tud_sof_cb
 .text.tud_descriptor_device_qualifier_cb
                0x100048e4        0x4 src/CMakeFiles/rp2040-freertos-template.dir/C_/Users/25sal/.pico-sdk/sdk/2.1.0/lib/tinyusb/src/device/usbd.c.obj
                0x100048e4                tud_descriptor_device_qualifier_cb
 .text.tud_descriptor_other_speed_configuration_cb
                0x100048e8        0x4 src/CMakeFiles/rp2040-freertos-template.dir/C_/Users/25sal/.pico-sdk/sdk/2.1.0/lib/tinyusb/src/device/usbd.c.obj
                0x100048e8                tud_descriptor_other_speed_configuration_cb
 .text.tud_mount_cb
                0x100048ec        0x4 src/CMakeFiles/rp2040-freertos-template.dir/C_/Users/25sal/.pico-sdk/sdk/2.1.0/lib/tinyusb/src/device/usbd.c.obj
                0x100048ec                tud_mount_cb
 .text.tud_umount_cb
                0x100048f0        0x4 src/CMakeFiles/rp2040-freertos-template.dir/C_/Users/25sal/.pico-sdk/sdk/2.1.0/lib/tinyusb/src/device/usbd.c.obj
                0x100048f0                tud_umount_cb
 .text.tud_suspend_cb
                0x100048f4        0x4 src/CMakeFiles/rp2040-freertos-template.dir/C_/Users/25sal/.pico-sdk/sdk/2.1.0/lib/tinyusb/src/device/usbd.c.obj
                0x100048f4                tud_suspend_cb
 .text.tud_resume_cb
                0x100048f8        0x4 src/CMakeFiles/rp2040-freertos-template.dir/C_/Users/25sal/.pico-sdk/sdk/2.1.0/lib/tinyusb/src/device/usbd.c.obj
                0x100048f8                tud_resume_cb
 .text.tud_mounted
                0x100048fc       0x10 src/CMakeFiles/rp2040-freertos-template.dir/C_/Users/25sal/.pico-sdk/sdk/2.1.0/lib/tinyusb/src/device/usbd.c.obj
                0x100048fc                tud_mounted
 .text.tud_suspended
                0x1000490c       0x10 src/CMakeFiles/rp2040-freertos-template.dir/C_/Users/25sal/.pico-sdk/sdk/2.1.0/lib/tinyusb/src/device/usbd.c.obj
                0x1000490c                tud_suspended
 .text.tud_init
                0x1000491c       0xe4 src/CMakeFiles/rp2040-freertos-template.dir/C_/Users/25sal/.pico-sdk/sdk/2.1.0/lib/tinyusb/src/device/usbd.c.obj
                0x1000491c                tud_init
 .text.tud_task_ext
                0x10004a00      0x800 src/CMakeFiles/rp2040-freertos-template.dir/C_/Users/25sal/.pico-sdk/sdk/2.1.0/lib/tinyusb/src/device/usbd.c.obj
                0x10004a00                tud_task_ext
 .text.usbd_open_edpt_pair
                0x10005200       0x9c src/CMakeFiles/rp2040-freertos-template.dir/C_/Users/25sal/.pico-sdk/sdk/2.1.0/lib/tinyusb/src/device/usbd.c.obj
                0x10005200                usbd_open_edpt_pair
 .text.usbd_edpt_open
                0x1000529c       0x34 src/CMakeFiles/rp2040-freertos-template.dir/C_/Users/25sal/.pico-sdk/sdk/2.1.0/lib/tinyusb/src/device/usbd.c.obj
                0x1000529c                usbd_edpt_open
 .text.usbd_edpt_claim
                0x100052d0       0x28 src/CMakeFiles/rp2040-freertos-template.dir/C_/Users/25sal/.pico-sdk/sdk/2.1.0/lib/tinyusb/src/device/usbd.c.obj
                0x100052d0                usbd_edpt_claim
 .text.usbd_edpt_release
                0x100052f8       0x28 src/CMakeFiles/rp2040-freertos-template.dir/C_/Users/25sal/.pico-sdk/sdk/2.1.0/lib/tinyusb/src/device/usbd.c.obj
                0x100052f8                usbd_edpt_release
 .text.usbd_edpt_xfer
                0x10005320       0x4c src/CMakeFiles/rp2040-freertos-template.dir/C_/Users/25sal/.pico-sdk/sdk/2.1.0/lib/tinyusb/src/device/usbd.c.obj
                0x10005320                usbd_edpt_xfer
 .text.tud_control_status
                0x1000536c       0x2c src/CMakeFiles/rp2040-freertos-template.dir/C_/Users/25sal/.pico-sdk/sdk/2.1.0/lib/tinyusb/src/device/usbd_control.c.obj
                0x1000536c                tud_control_status
 .text.tud_control_xfer
                0x10005398       0xac src/CMakeFiles/rp2040-freertos-template.dir/C_/Users/25sal/.pico-sdk/sdk/2.1.0/lib/tinyusb/src/device/usbd_control.c.obj
                0x10005398                tud_control_xfer
 .text.usbd_control_reset
                0x10005444       0x14 src/CMakeFiles/rp2040-freertos-template.dir/C_/Users/25sal/.pico-sdk/sdk/2.1.0/lib/tinyusb/src/device/usbd_control.c.obj
                0x10005444                usbd_control_reset
 .text.usbd_control_set_complete_callback
                0x10005458        0xc src/CMakeFiles/rp2040-freertos-template.dir/C_/Users/25sal/.pico-sdk/sdk/2.1.0/lib/tinyusb/src/device/usbd_control.c.obj
                0x10005458                usbd_control_set_complete_callback
 .text.usbd_control_set_request
                0x10005464       0x1c src/CMakeFiles/rp2040-freertos-template.dir/C_/Users/25sal/.pico-sdk/sdk/2.1.0/lib/tinyusb/src/device/usbd_control.c.obj
                0x10005464                usbd_control_set_request
 .text.usbd_control_xfer_cb
                0x10005480       0xec src/CMakeFiles/rp2040-freertos-template.dir/C_/Users/25sal/.pico-sdk/sdk/2.1.0/lib/tinyusb/src/device/usbd_control.c.obj
                0x10005480                usbd_control_xfer_cb
 .text._prep_out_transaction.isra.0
                0x1000556c       0x5c src/CMakeFiles/rp2040-freertos-template.dir/C_/Users/25sal/.pico-sdk/sdk/2.1.0/lib/tinyusb/src/class/cdc/cdc_device.c.obj
 .text.tud_cdc_n_connected
                0x100055c8       0x30 src/CMakeFiles/rp2040-freertos-template.dir/C_/Users/25sal/.pico-sdk/sdk/2.1.0/lib/tinyusb/src/class/cdc/cdc_device.c.obj
                0x100055c8                tud_cdc_n_connected
 .text.tud_cdc_n_available
                0x100055f8       0x18 src/CMakeFiles/rp2040-freertos-template.dir/C_/Users/25sal/.pico-sdk/sdk/2.1.0/lib/tinyusb/src/class/cdc/cdc_device.c.obj
                0x100055f8                tud_cdc_n_available
 .text.tud_cdc_n_read
                0x10005610       0x98 src/CMakeFiles/rp2040-freertos-template.dir/C_/Users/25sal/.pico-sdk/sdk/2.1.0/lib/tinyusb/src/class/cdc/cdc_device.c.obj
                0x10005610                tud_cdc_n_read
 .text.tud_cdc_n_write_flush
                0x100056a8       0x78 src/CMakeFiles/rp2040-freertos-template.dir/C_/Users/25sal/.pico-sdk/sdk/2.1.0/lib/tinyusb/src/class/cdc/cdc_device.c.obj
                0x100056a8                tud_cdc_n_write_flush
 .text.tud_cdc_n_write
                0x10005720       0x40 src/CMakeFiles/rp2040-freertos-template.dir/C_/Users/25sal/.pico-sdk/sdk/2.1.0/lib/tinyusb/src/class/cdc/cdc_device.c.obj
                0x10005720                tud_cdc_n_write
 .text.tud_cdc_n_write_available
                0x10005760       0x18 src/CMakeFiles/rp2040-freertos-template.dir/C_/Users/25sal/.pico-sdk/sdk/2.1.0/lib/tinyusb/src/class/cdc/cdc_device.c.obj
                0x10005760                tud_cdc_n_write_available
 .text.cdcd_init
                0x10005778       0x7c src/CMakeFiles/rp2040-freertos-template.dir/C_/Users/25sal/.pico-sdk/sdk/2.1.0/lib/tinyusb/src/class/cdc/cdc_device.c.obj
                0x10005778                cdcd_init
 .text.cdcd_deinit
                0x100057f4       0x34 src/CMakeFiles/rp2040-freertos-template.dir/C_/Users/25sal/.pico-sdk/sdk/2.1.0/lib/tinyusb/src/class/cdc/cdc_device.c.obj
                0x100057f4                cdcd_deinit
 .text.cdcd_reset
                0x10005828       0x4c src/CMakeFiles/rp2040-freertos-template.dir/C_/Users/25sal/.pico-sdk/sdk/2.1.0/lib/tinyusb/src/class/cdc/cdc_device.c.obj
                0x10005828                cdcd_reset
 .text.cdcd_open
                0x10005874       0xb0 src/CMakeFiles/rp2040-freertos-template.dir/C_/Users/25sal/.pico-sdk/sdk/2.1.0/lib/tinyusb/src/class/cdc/cdc_device.c.obj
                0x10005874                cdcd_open
 .text.cdcd_control_xfer_cb
                0x10005924       0xe4 src/CMakeFiles/rp2040-freertos-template.dir/C_/Users/25sal/.pico-sdk/sdk/2.1.0/lib/tinyusb/src/class/cdc/cdc_device.c.obj
                0x10005924                cdcd_control_xfer_cb
 .text.cdcd_xfer_cb
                0x10005a08      0x100 src/CMakeFiles/rp2040-freertos-template.dir/C_/Users/25sal/.pico-sdk/sdk/2.1.0/lib/tinyusb/src/class/cdc/cdc_device.c.obj
                0x10005a08                cdcd_xfer_cb
 .text.vendord_init
                0x10005b08       0x5c src/CMakeFiles/rp2040-freertos-template.dir/C_/Users/25sal/.pico-sdk/sdk/2.1.0/lib/tinyusb/src/class/vendor/vendor_device.c.obj
                0x10005b08                vendord_init
 .text.vendord_deinit
                0x10005b64       0x1c src/CMakeFiles/rp2040-freertos-template.dir/C_/Users/25sal/.pico-sdk/sdk/2.1.0/lib/tinyusb/src/class/vendor/vendor_device.c.obj
                0x10005b64                vendord_deinit
 .text.vendord_reset
                0x10005b80       0x20 src/CMakeFiles/rp2040-freertos-template.dir/C_/Users/25sal/.pico-sdk/sdk/2.1.0/lib/tinyusb/src/class/vendor/vendor_device.c.obj
                0x10005b80                vendord_reset
 .text.vendord_open
                0x10005ba0      0x138 src/CMakeFiles/rp2040-freertos-template.dir/C_/Users/25sal/.pico-sdk/sdk/2.1.0/lib/tinyusb/src/class/vendor/vendor_device.c.obj
                0x10005ba0                vendord_open
 .text.vendord_xfer_cb
                0x10005cd8       0x9c src/CMakeFiles/rp2040-freertos-template.dir/C_/Users/25sal/.pico-sdk/sdk/2.1.0/lib/tinyusb/src/class/vendor/vendor_device.c.obj
                0x10005cd8                vendord_xfer_cb
 .text.tusb_init
                0x10005d74        0xc src/CMakeFiles/rp2040-freertos-template.dir/C_/Users/25sal/.pico-sdk/sdk/2.1.0/lib/tinyusb/src/tusb.c.obj
                0x10005d74                tusb_init
 .text.tu_edpt_claim
                0x10005d80       0x50 src/CMakeFiles/rp2040-freertos-template.dir/C_/Users/25sal/.pico-sdk/sdk/2.1.0/lib/tinyusb/src/tusb.c.obj
                0x10005d80                tu_edpt_claim
 .text.tu_edpt_release
                0x10005dd0       0x38 src/CMakeFiles/rp2040-freertos-template.dir/C_/Users/25sal/.pico-sdk/sdk/2.1.0/lib/tinyusb/src/tusb.c.obj
                0x10005dd0                tu_edpt_release
 .text.tu_edpt_validate
                0x10005e08       0x7c src/CMakeFiles/rp2040-freertos-template.dir/C_/Users/25sal/.pico-sdk/sdk/2.1.0/lib/tinyusb/src/tusb.c.obj
                0x10005e08                tu_edpt_validate
 .text.tu_edpt_bind_driver
                0x10005e84       0x34 src/CMakeFiles/rp2040-freertos-template.dir/C_/Users/25sal/.pico-sdk/sdk/2.1.0/lib/tinyusb/src/tusb.c.obj
                0x10005e84                tu_edpt_bind_driver
 .text.tu_edpt_stream_init
                0x10005eb8       0x6c src/CMakeFiles/rp2040-freertos-template.dir/C_/Users/25sal/.pico-sdk/sdk/2.1.0/lib/tinyusb/src/tusb.c.obj
                0x10005eb8                tu_edpt_stream_init
 .text.tu_edpt_stream_deinit
                0x10005f24        0x4 src/CMakeFiles/rp2040-freertos-template.dir/C_/Users/25sal/.pico-sdk/sdk/2.1.0/lib/tinyusb/src/tusb.c.obj
                0x10005f24                tu_edpt_stream_deinit
 .text.tu_edpt_stream_write_zlp_if_needed
                0x10005f28       0x68 src/CMakeFiles/rp2040-freertos-template.dir/C_/Users/25sal/.pico-sdk/sdk/2.1.0/lib/tinyusb/src/tusb.c.obj
                0x10005f28                tu_edpt_stream_write_zlp_if_needed
 .text.tu_edpt_stream_write_xfer
                0x10005f90       0x64 src/CMakeFiles/rp2040-freertos-template.dir/C_/Users/25sal/.pico-sdk/sdk/2.1.0/lib/tinyusb/src/tusb.c.obj
                0x10005f90                tu_edpt_stream_write_xfer
 .text.tu_edpt_stream_read_xfer
                0x10005ff4       0xdc src/CMakeFiles/rp2040-freertos-template.dir/C_/Users/25sal/.pico-sdk/sdk/2.1.0/lib/tinyusb/src/tusb.c.obj
                0x10005ff4                tu_edpt_stream_read_xfer
 .text.tu_fifo_config
                0x100060d0       0x6c src/CMakeFiles/rp2040-freertos-template.dir/C_/Users/25sal/.pico-sdk/sdk/2.1.0/lib/tinyusb/src/common/tusb_fifo.c.obj
                0x100060d0                tu_fifo_config
 .text.tu_fifo_count
                0x1000613c       0x2c src/CMakeFiles/rp2040-freertos-template.dir/C_/Users/25sal/.pico-sdk/sdk/2.1.0/lib/tinyusb/src/common/tusb_fifo.c.obj
                0x1000613c                tu_fifo_count
 .text.tu_fifo_empty
                0x10006168       0x10 src/CMakeFiles/rp2040-freertos-template.dir/C_/Users/25sal/.pico-sdk/sdk/2.1.0/lib/tinyusb/src/common/tusb_fifo.c.obj
                0x10006168                tu_fifo_empty
 .text.tu_fifo_remaining
                0x10006178       0x2c src/CMakeFiles/rp2040-freertos-template.dir/C_/Users/25sal/.pico-sdk/sdk/2.1.0/lib/tinyusb/src/common/tusb_fifo.c.obj
                0x10006178                tu_fifo_remaining
 .text.tu_fifo_read
                0x100061a4       0x9c src/CMakeFiles/rp2040-freertos-template.dir/C_/Users/25sal/.pico-sdk/sdk/2.1.0/lib/tinyusb/src/common/tusb_fifo.c.obj
                0x100061a4                tu_fifo_read
 .text.tu_fifo_read_n
                0x10006240       0xe8 src/CMakeFiles/rp2040-freertos-template.dir/C_/Users/25sal/.pico-sdk/sdk/2.1.0/lib/tinyusb/src/common/tusb_fifo.c.obj
                0x10006240                tu_fifo_read_n
 .text.tu_fifo_write
                0x10006328       0xa8 src/CMakeFiles/rp2040-freertos-template.dir/C_/Users/25sal/.pico-sdk/sdk/2.1.0/lib/tinyusb/src/common/tusb_fifo.c.obj
                0x10006328                tu_fifo_write
 .text.tu_fifo_write_n
                0x100063d0      0x178 src/CMakeFiles/rp2040-freertos-template.dir/C_/Users/25sal/.pico-sdk/sdk/2.1.0/lib/tinyusb/src/common/tusb_fifo.c.obj
                0x100063d0                tu_fifo_write_n
 .text.tu_fifo_clear
                0x10006548       0x40 src/CMakeFiles/rp2040-freertos-template.dir/C_/Users/25sal/.pico-sdk/sdk/2.1.0/lib/tinyusb/src/common/tusb_fifo.c.obj
                0x10006548                tu_fifo_clear
 .text.tu_fifo_set_overwritable
                0x10006588       0x48 src/CMakeFiles/rp2040-freertos-template.dir/C_/Users/25sal/.pico-sdk/sdk/2.1.0/lib/tinyusb/src/common/tusb_fifo.c.obj
                0x10006588                tu_fifo_set_overwritable
 .text.vPortYield
                0x100065d0       0x18 src/CMakeFiles/rp2040-freertos-template.dir/__/lib/FreeRTOS-Kernel/portable/ThirdParty/GCC/RP2040/port.c.obj
                0x100065d0                vPortYield
 .text.vPortEnterCritical
                0x100065e8       0x18 src/CMakeFiles/rp2040-freertos-template.dir/__/lib/FreeRTOS-Kernel/portable/ThirdParty/GCC/RP2040/port.c.obj
                0x100065e8                vPortEnterCritical
 .text.vPortExitCritical
                0x10006600       0x34 src/CMakeFiles/rp2040-freertos-template.dir/__/lib/FreeRTOS-Kernel/portable/ThirdParty/GCC/RP2040/port.c.obj
                0x10006600                vPortExitCritical
 .text.ulSetInterruptMaskFromISR
                0x10006634        0x8 src/CMakeFiles/rp2040-freertos-template.dir/__/lib/FreeRTOS-Kernel/portable/ThirdParty/GCC/RP2040/port.c.obj
                0x10006634                ulSetInterruptMaskFromISR
 .text.vClearInterruptMaskFromISR
                0x1000663c        0x8 src/CMakeFiles/rp2040-freertos-template.dir/__/lib/FreeRTOS-Kernel/portable/ThirdParty/GCC/RP2040/port.c.obj
                0x1000663c                vClearInterruptMaskFromISR
 .text.ulPortLockGetCurrentOwnerId
                0x10006644       0x2c src/CMakeFiles/rp2040-freertos-template.dir/__/lib/FreeRTOS-Kernel/portable/ThirdParty/GCC/RP2040/port.c.obj
                0x10006644                ulPortLockGetCurrentOwnerId
 .text.vPortLockInternalSpinUnlockWithWait
                0x10006670       0x68 src/CMakeFiles/rp2040-freertos-template.dir/__/lib/FreeRTOS-Kernel/portable/ThirdParty/GCC/RP2040/port.c.obj
                0x10006670                vPortLockInternalSpinUnlockWithWait
 .text.vPortLockInternalSpinUnlockWithNotify
                0x100066d8       0xc8 src/CMakeFiles/rp2040-freertos-template.dir/__/lib/FreeRTOS-Kernel/portable/ThirdParty/GCC/RP2040/port.c.obj
                0x100066d8                vPortLockInternalSpinUnlockWithNotify
 .text.xPortLockInternalSpinUnlockWithBestEffortWaitOrTimeout
                0x100067a0       0xfc src/CMakeFiles/rp2040-freertos-template.dir/__/lib/FreeRTOS-Kernel/portable/ThirdParty/GCC/RP2040/port.c.obj
                0x100067a0                xPortLockInternalSpinUnlockWithBestEffortWaitOrTimeout
 .text.startup.prvRuntimeInitializer
                0x1000689c       0x28 src/CMakeFiles/rp2040-freertos-template.dir/__/lib/FreeRTOS-Kernel/portable/ThirdParty/GCC/RP2040/port.c.obj
 .text.vEventGroupSetBitsCallback
                0x100068c4       0x90 src/CMakeFiles/rp2040-freertos-template.dir/__/lib/FreeRTOS-Kernel/event_groups.c.obj
                0x100068c4                vEventGroupSetBitsCallback
 .text.xEventGroupCreate
                0x10006954       0x18 src/CMakeFiles/rp2040-freertos-template.dir/__/lib/FreeRTOS-Kernel/event_groups.c.obj
                0x10006954                xEventGroupCreate
 .text.xEventGroupWaitBits
                0x1000696c       0xb8 src/CMakeFiles/rp2040-freertos-template.dir/__/lib/FreeRTOS-Kernel/event_groups.c.obj
                0x1000696c                xEventGroupWaitBits
 .text.xEventGroupSetBits
                0x10006a24       0x94 src/CMakeFiles/rp2040-freertos-template.dir/__/lib/FreeRTOS-Kernel/event_groups.c.obj
                0x10006a24                xEventGroupSetBits
 .text.xEventGroupSetBitsFromISR
                0x10006ab8       0x18 src/CMakeFiles/rp2040-freertos-template.dir/__/lib/FreeRTOS-Kernel/event_groups.c.obj
                0x10006ab8                xEventGroupSetBitsFromISR
 .text.vListInitialise
                0x10006ad0       0x18 src/CMakeFiles/rp2040-freertos-template.dir/__/lib/FreeRTOS-Kernel/list.c.obj
                0x10006ad0                vListInitialise
 .text.vListInsert
                0x10006ae8       0x30 src/CMakeFiles/rp2040-freertos-template.dir/__/lib/FreeRTOS-Kernel/list.c.obj
                0x10006ae8                vListInsert
 .text.uxListRemove
                0x10006b18       0x24 src/CMakeFiles/rp2040-freertos-template.dir/__/lib/FreeRTOS-Kernel/list.c.obj
                0x10006b18                uxListRemove
 .text.prvNotifyQueueSetContainer
                0x10006b3c       0x90 src/CMakeFiles/rp2040-freertos-template.dir/__/lib/FreeRTOS-Kernel/queue.c.obj
 .text.xQueueGenericSendFromISR
                0x10006bcc      0x134 src/CMakeFiles/rp2040-freertos-template.dir/__/lib/FreeRTOS-Kernel/queue.c.obj
                0x10006bcc                xQueueGenericSendFromISR
 .text.xTaskIncrementTick.part.0
                0x10006d00      0x190 src/CMakeFiles/rp2040-freertos-template.dir/__/lib/FreeRTOS-Kernel/tasks.c.obj
 .text.vTaskSuspendAll
                0x10006e90       0x10 src/CMakeFiles/rp2040-freertos-template.dir/__/lib/FreeRTOS-Kernel/tasks.c.obj
                0x10006e90                vTaskSuspendAll
 .text.xTaskResumeAll
                0x10006ea0      0x180 src/CMakeFiles/rp2040-freertos-template.dir/__/lib/FreeRTOS-Kernel/tasks.c.obj
                0x10006ea0                xTaskResumeAll
 .text.uxTaskGetNumberOfTasks
                0x10007020        0xc src/CMakeFiles/rp2040-freertos-template.dir/__/lib/FreeRTOS-Kernel/tasks.c.obj
                0x10007020                uxTaskGetNumberOfTasks
 .text.vTaskPlaceOnUnorderedEventList
                0x1000702c       0xb8 src/CMakeFiles/rp2040-freertos-template.dir/__/lib/FreeRTOS-Kernel/tasks.c.obj
                0x1000702c                vTaskPlaceOnUnorderedEventList
 .text.xTaskRemoveFromEventList
                0x100070e4       0xcc src/CMakeFiles/rp2040-freertos-template.dir/__/lib/FreeRTOS-Kernel/tasks.c.obj
                0x100070e4                xTaskRemoveFromEventList
 .text.vTaskRemoveFromUnorderedEventList
                0x100071b0       0x94 src/CMakeFiles/rp2040-freertos-template.dir/__/lib/FreeRTOS-Kernel/tasks.c.obj
                0x100071b0                vTaskRemoveFromUnorderedEventList
 .text.xTaskGetCurrentTaskHandle
                0x10007244        0xc src/CMakeFiles/rp2040-freertos-template.dir/__/lib/FreeRTOS-Kernel/tasks.c.obj
                0x10007244                xTaskGetCurrentTaskHandle
 .text.xTaskPriorityDisinherit
                0x10007250       0x64 src/CMakeFiles/rp2040-freertos-template.dir/__/lib/FreeRTOS-Kernel/tasks.c.obj
                0x10007250                xTaskPriorityDisinherit
 .text.uxTaskResetEventItemValue
                0x100072b4       0x18 src/CMakeFiles/rp2040-freertos-template.dir/__/lib/FreeRTOS-Kernel/tasks.c.obj
                0x100072b4                uxTaskResetEventItemValue
 .text.xTimerPendFunctionCallFromISR
                0x100072cc       0x28 src/CMakeFiles/rp2040-freertos-template.dir/__/lib/FreeRTOS-Kernel/timers.c.obj
                0x100072cc                xTimerPendFunctionCallFromISR
 .text.pvPortMalloc
                0x100072f4      0x12c src/CMakeFiles/rp2040-freertos-template.dir/__/lib/FreeRTOS-Kernel/portable/MemMang/heap_4.c.obj
                0x100072f4                pvPortMalloc
 .text.i2c_write_blocking_internal.constprop.0
                0x10007420       0xd0 src/CMakeFiles/rp2040-freertos-template.dir/C_/Users/25sal/.pico-sdk/sdk/2.1.0/src/rp2_common/hardware_i2c/i2c.c.obj
 .text.i2c_set_baudrate
                0x100074f0       0xc0 src/CMakeFiles/rp2040-freertos-template.dir/C_/Users/25sal/.pico-sdk/sdk/2.1.0/src/rp2_common/hardware_i2c/i2c.c.obj
                0x100074f0                i2c_set_baudrate
 .text.i2c_init
                0x100075b0       0x50 src/CMakeFiles/rp2040-freertos-template.dir/C_/Users/25sal/.pico-sdk/sdk/2.1.0/src/rp2_common/hardware_i2c/i2c.c.obj
                0x100075b0                i2c_init
 .text.i2c_write_blocking
                0x10007600       0x14 src/CMakeFiles/rp2040-freertos-template.dir/C_/Users/25sal/.pico-sdk/sdk/2.1.0/src/rp2_common/hardware_i2c/i2c.c.obj
                0x10007600                i2c_write_blocking
 .text.strlen   0x10007614       0x5c C:/Users/25sal/.pico-sdk/toolchain/13_3_Rel1/bin/../lib/gcc/arm-none-eabi/13.3.1/thumb/v6-m/nofp\libg.a(libc_a-strlen-stub.o)
                0x10007614                strlen
 *(.fini)
 .fini          0x10007670        0x4 C:/Users/25sal/.pico-sdk/toolchain/13_3_Rel1/bin/../lib/gcc/arm-none-eabi/13.3.1/thumb/v6-m/nofp/crti.o
                0x10007670                _fini
 *fill*         0x10007674        0x4 
 .fini.__stub   0x10007678       0xc0 linker stubs
 *crtbegin.o(.ctors)
 *crtbegin?.o(.ctors)
 *(EXCLUDE_FILE(*crtend.o *crtend?.o) .ctors)
 *(SORT_BY_NAME(.ctors.*))
 *(.ctors)
 *crtbegin.o(.dtors)
 *crtbegin?.o(.dtors)
 *(EXCLUDE_FILE(*crtend.o *crtend?.o) .dtors)
 *(SORT_BY_NAME(.dtors.*))
 *(.dtors)
                0x10007738                        . = ALIGN (0x4)
                0x10007738                        PROVIDE (__preinit_array_start = .)
 *(SORT_BY_NAME(.preinit_array.*))
 .preinit_array.00100
                0x10007738        0x4 src/CMakeFiles/rp2040-freertos-template.dir/C_/Users/25sal/.pico-sdk/sdk/2.1.0/src/rp2_common/pico_runtime_init/runtime_init.c.obj
                0x10007738                __pre_init_runtime_init_early_resets
 .preinit_array.00101
                0x1000773c        0x4 src/CMakeFiles/rp2040-freertos-template.dir/C_/Users/25sal/.pico-sdk/sdk/2.1.0/src/rp2_common/pico_runtime_init/runtime_init.c.obj
                0x1000773c                __pre_init_runtime_init_usb_power_down
 .preinit_array.00275
                0x10007740        0x4 src/CMakeFiles/rp2040-freertos-template.dir/C_/Users/25sal/.pico-sdk/sdk/2.1.0/src/rp2_common/pico_bit_ops/bit_ops_aeabi.S.obj
 .preinit_array.00300
                0x10007744        0x4 src/CMakeFiles/rp2040-freertos-template.dir/C_/Users/25sal/.pico-sdk/sdk/2.1.0/src/rp2_common/pico_mem_ops/mem_ops_aeabi.S.obj
 .preinit_array.00350
                0x10007748        0x4 src/CMakeFiles/rp2040-freertos-template.dir/C_/Users/25sal/.pico-sdk/sdk/2.1.0/src/rp2_common/pico_double/double_aeabi_rp2040.S.obj
 .preinit_array.00350
                0x1000774c        0x4 src/CMakeFiles/rp2040-freertos-template.dir/C_/Users/25sal/.pico-sdk/sdk/2.1.0/src/rp2_common/pico_float/float_aeabi_rp2040.S.obj
 .preinit_array.00500
                0x10007750        0x4 src/CMakeFiles/rp2040-freertos-template.dir/C_/Users/25sal/.pico-sdk/sdk/2.1.0/src/rp2_common/pico_runtime_init/runtime_init.c.obj
                0x10007750                __pre_init_runtime_init_clocks
 .preinit_array.00600
                0x10007754        0x4 src/CMakeFiles/rp2040-freertos-template.dir/C_/Users/25sal/.pico-sdk/sdk/2.1.0/src/rp2_common/pico_runtime_init/runtime_init.c.obj
                0x10007754                __pre_init_runtime_init_post_clock_resets
 .preinit_array.00700
                0x10007758        0x4 src/CMakeFiles/rp2040-freertos-template.dir/C_/Users/25sal/.pico-sdk/sdk/2.1.0/src/rp2_common/pico_runtime_init/runtime_init.c.obj
                0x10007758                __pre_init_runtime_init_rp2040_gpio_ie_disable
 .preinit_array.01000
                0x1000775c        0x4 src/CMakeFiles/rp2040-freertos-template.dir/C_/Users/25sal/.pico-sdk/sdk/2.1.0/src/rp2_common/pico_runtime_init/runtime_init.c.obj
                0x1000775c                __pre_init_runtime_init_spin_locks_reset
 .preinit_array.01100
                0x10007760        0x4 src/CMakeFiles/rp2040-freertos-template.dir/C_/Users/25sal/.pico-sdk/sdk/2.1.0/src/common/pico_sync/mutex.c.obj
                0x10007760                __pre_init_runtime_init_mutex
 .preinit_array.10080
                0x10007764        0x4 src/CMakeFiles/rp2040-freertos-template.dir/C_/Users/25sal/.pico-sdk/sdk/2.1.0/src/rp2_common/pico_runtime_init/runtime_init.c.obj
                0x10007764                __pre_init_runtime_init_install_ram_vector_table
 .preinit_array.11000
                0x10007768        0x4 src/CMakeFiles/rp2040-freertos-template.dir/C_/Users/25sal/.pico-sdk/sdk/2.1.0/src/common/pico_time/time.c.obj
                0x10007768                __pre_init_runtime_init_default_alarm_pool
 .preinit_array.YYYYY
                0x1000776c        0x4 src/CMakeFiles/rp2040-freertos-template.dir/C_/Users/25sal/.pico-sdk/sdk/2.1.0/src/rp2_common/pico_runtime/runtime.c.obj
                0x1000776c                __pre_init_first_per_core_initializer
 .preinit_array.ZZZZZ.01200
                0x10007770        0x4 src/CMakeFiles/rp2040-freertos-template.dir/C_/Users/25sal/.pico-sdk/sdk/2.1.0/src/rp2_common/hardware_irq/irq.c.obj
                0x10007770                __pre_init_runtime_init_per_core_irq_priorities
 *(.preinit_array)
                0x10007774                        PROVIDE (__preinit_array_end = .)
                0x10007774                        . = ALIGN (0x4)
                0x10007774                        PROVIDE (__init_array_start = .)
 *(SORT_BY_NAME(.init_array.*))
 *(.init_array)
 .init_array    0x10007774        0x4 C:/Users/25sal/.pico-sdk/toolchain/13_3_Rel1/bin/../lib/gcc/arm-none-eabi/13.3.1/thumb/v6-m/nofp/crtbegin.o
 .init_array    0x10007778        0x4 src/CMakeFiles/rp2040-freertos-template.dir/C_/Users/25sal/.pico-sdk/sdk/2.1.0/src/rp2_common/pico_unique_id/unique_id.c.obj
 .init_array    0x1000777c        0x4 src/CMakeFiles/rp2040-freertos-template.dir/__/lib/FreeRTOS-Kernel/portable/ThirdParty/GCC/RP2040/port.c.obj
                0x10007780                        PROVIDE (__init_array_end = .)
                0x10007780                        . = ALIGN (0x4)
                [!provide]                        PROVIDE (__fini_array_start = .)
 *(SORT_BY_NAME(.fini_array.*))
 *(.fini_array)
                [!provide]                        PROVIDE (__fini_array_end = .)
 *(.eh_frame*)
 .eh_frame      0x10007780        0x0 C:/Users/25sal/.pico-sdk/toolchain/13_3_Rel1/bin/../lib/gcc/arm-none-eabi/13.3.1/thumb/v6-m/nofp/crtbegin.o
                0x10007780                        . = ALIGN (0x4)

.glue_7         0x10007780        0x0
 .glue_7        0x10007780        0x0 linker stubs

.glue_7t        0x10007780        0x0
 .glue_7t       0x10007780        0x0 linker stubs

.vfp11_veneer   0x10007780        0x0
 .vfp11_veneer  0x10007780        0x0 linker stubs

.v4_bx          0x10007780        0x0
 .v4_bx         0x10007780        0x0 linker stubs

.iplt           0x10007780        0x0
 .iplt          0x10007780        0x0 C:/Users/25sal/.pico-sdk/toolchain/13_3_Rel1/bin/../lib/gcc/arm-none-eabi/13.3.1/thumb/v6-m/nofp/crtbegin.o

.rodata         0x10007780      0x6a4
 *(EXCLUDE_FILE(*libm.a: *libc.a:*lib_a-mem*.o *libgcc.a:) .rodata*)
 .rodata.main.str1.4
                0x10007780      0x1fc src/CMakeFiles/rp2040-freertos-template.dir/main.c.obj
                                 0x66 (size before relaxing)
 .rodata.panic.str1.4
                0x1000797c       0x12 src/CMakeFiles/rp2040-freertos-template.dir/C_/Users/25sal/.pico-sdk/sdk/2.1.0/src/rp2_common/pico_platform_panic/panic.c.obj
 .rodata.spin_lock_claim_unused.str1.4
                0x1000797c       0x1b src/CMakeFiles/rp2040-freertos-template.dir/C_/Users/25sal/.pico-sdk/sdk/2.1.0/src/rp2_common/hardware_sync/sync.c.obj
 .rodata.user_irq_claim_unused.str1.4
                0x1000797c       0x1b src/CMakeFiles/rp2040-freertos-template.dir/C_/Users/25sal/.pico-sdk/sdk/2.1.0/src/rp2_common/hardware_irq/irq.c.obj
 .rodata.timer_hardware_alarm_claim.str1.4
                0x1000797c       0x22 src/CMakeFiles/rp2040-freertos-template.dir/C_/Users/25sal/.pico-sdk/sdk/2.1.0/src/rp2_common/hardware_timer/timer.c.obj
 .rodata.hard_assertion_failure.str1.4
                0x1000797c        0xc src/CMakeFiles/rp2040-freertos-template.dir/C_/Users/25sal/.pico-sdk/sdk/2.1.0/src/rp2_common/pico_runtime/runtime.c.obj
 .rodata.missing_double_func_shim.str1.4
                0x1000797c       0x18 src/CMakeFiles/rp2040-freertos-template.dir/C_/Users/25sal/.pico-sdk/sdk/2.1.0/src/rp2_common/pico_double/double_init_rom_rp2040.c.obj
 .rodata.missing_float_func_shim.str1.4
                0x1000797c        0x1 src/CMakeFiles/rp2040-freertos-template.dir/C_/Users/25sal/.pico-sdk/sdk/2.1.0/src/rp2_common/pico_float/float_init_rom_rp2040.c.obj
 .rodata.str1.4
                0x1000797c       0x50 src/CMakeFiles/rp2040-freertos-template.dir/C_/Users/25sal/.pico-sdk/sdk/2.1.0/src/rp2_common/pico_standard_binary_info/standard_binary_info.c.obj
 .rodata.__bi_84
                0x1000797c        0xc src/CMakeFiles/rp2040-freertos-template.dir/C_/Users/25sal/.pico-sdk/sdk/2.1.0/src/rp2_common/pico_standard_binary_info/standard_binary_info.c.obj
 .rodata.__bi_78
                0x10007988        0xc src/CMakeFiles/rp2040-freertos-template.dir/C_/Users/25sal/.pico-sdk/sdk/2.1.0/src/rp2_common/pico_standard_binary_info/standard_binary_info.c.obj
 .rodata.__bi_54
                0x10007994        0xc src/CMakeFiles/rp2040-freertos-template.dir/C_/Users/25sal/.pico-sdk/sdk/2.1.0/src/rp2_common/pico_standard_binary_info/standard_binary_info.c.obj
 .rodata.__bi_48
                0x100079a0        0xc src/CMakeFiles/rp2040-freertos-template.dir/C_/Users/25sal/.pico-sdk/sdk/2.1.0/src/rp2_common/pico_standard_binary_info/standard_binary_info.c.obj
 .rodata.__bi_42
                0x100079ac        0xc src/CMakeFiles/rp2040-freertos-template.dir/C_/Users/25sal/.pico-sdk/sdk/2.1.0/src/rp2_common/pico_standard_binary_info/standard_binary_info.c.obj
 .rodata.__bi_34
                0x100079b8        0xc src/CMakeFiles/rp2040-freertos-template.dir/C_/Users/25sal/.pico-sdk/sdk/2.1.0/src/rp2_common/pico_standard_binary_info/standard_binary_info.c.obj
 .rodata.__bi_26
                0x100079c4        0xc src/CMakeFiles/rp2040-freertos-template.dir/C_/Users/25sal/.pico-sdk/sdk/2.1.0/src/rp2_common/pico_standard_binary_info/standard_binary_info.c.obj
 .rodata._ftoa.str1.4
                0x100079d0       0x15 src/CMakeFiles/rp2040-freertos-template.dir/C_/Users/25sal/.pico-sdk/sdk/2.1.0/src/rp2_common/pico_printf/printf.c.obj
 .rodata._vsnprintf
                0x100079d0      0x19c src/CMakeFiles/rp2040-freertos-template.dir/C_/Users/25sal/.pico-sdk/sdk/2.1.0/src/rp2_common/pico_printf/printf.c.obj
 *fill*         0x10007b6c        0x4 
 .rodata.pow10.0
                0x10007b70       0x50 src/CMakeFiles/rp2040-freertos-template.dir/C_/Users/25sal/.pico-sdk/sdk/2.1.0/src/rp2_common/pico_printf/printf.c.obj
 .rodata.crlf_str.0
                0x10007bc0        0x2 src/CMakeFiles/rp2040-freertos-template.dir/C_/Users/25sal/.pico-sdk/sdk/2.1.0/src/rp2_common/pico_stdio/stdio.c.obj
 *fill*         0x10007bc2        0x2 
 .rodata._resetd_driver
                0x10007bc4       0x20 src/CMakeFiles/rp2040-freertos-template.dir/C_/Users/25sal/.pico-sdk/sdk/2.1.0/src/rp2_common/pico_stdio_usb/reset_interface.c.obj
 .rodata.desc_ms_os_20
                0x10007be4       0xa6 src/CMakeFiles/rp2040-freertos-template.dir/C_/Users/25sal/.pico-sdk/sdk/2.1.0/src/rp2_common/pico_stdio_usb/reset_interface.c.obj
 *fill*         0x10007c8a        0x2 
 .rodata.desc_bos
                0x10007c8c       0x21 src/CMakeFiles/rp2040-freertos-template.dir/C_/Users/25sal/.pico-sdk/sdk/2.1.0/src/rp2_common/pico_stdio_usb/reset_interface.c.obj
                0x10007c8c                desc_bos
 .rodata.str1.4
                0x10007cad       0x13 src/CMakeFiles/rp2040-freertos-template.dir/C_/Users/25sal/.pico-sdk/sdk/2.1.0/src/rp2_common/pico_stdio_usb/stdio_usb.c.obj
 *fill*         0x10007cad        0x3 
 .rodata.__bi_197.0
                0x10007cb0        0xc src/CMakeFiles/rp2040-freertos-template.dir/C_/Users/25sal/.pico-sdk/sdk/2.1.0/src/rp2_common/pico_stdio_usb/stdio_usb.c.obj
 .rodata.str1.4
                0x10007cbc       0x2a src/CMakeFiles/rp2040-freertos-template.dir/C_/Users/25sal/.pico-sdk/sdk/2.1.0/src/rp2_common/pico_stdio_usb/stdio_usb_descriptors.c.obj
 .rodata.usbd_desc_str
                0x10007cbc       0x18 src/CMakeFiles/rp2040-freertos-template.dir/C_/Users/25sal/.pico-sdk/sdk/2.1.0/src/rp2_common/pico_stdio_usb/stdio_usb_descriptors.c.obj
 .rodata.usbd_desc_cfg
                0x10007cd4       0x54 src/CMakeFiles/rp2040-freertos-template.dir/C_/Users/25sal/.pico-sdk/sdk/2.1.0/src/rp2_common/pico_stdio_usb/stdio_usb_descriptors.c.obj
 .rodata.usbd_desc_device
                0x10007d28       0x12 src/CMakeFiles/rp2040-freertos-template.dir/C_/Users/25sal/.pico-sdk/sdk/2.1.0/src/rp2_common/pico_stdio_usb/stdio_usb_descriptors.c.obj
 .rodata.str1.4
                0x10007d3a       0x14 src/CMakeFiles/rp2040-freertos-template.dir/C_/Users/25sal/.pico-sdk/sdk/2.1.0/lib/tinyusb/src/portable/raspberrypi/rp2040/dcd_rp2040.c.obj
 .rodata.str1.4
                0x10007d3a       0x48 src/CMakeFiles/rp2040-freertos-template.dir/C_/Users/25sal/.pico-sdk/sdk/2.1.0/lib/tinyusb/src/portable/raspberrypi/rp2040/rp2040_usb.c.obj
 *fill*         0x10007d3a        0x2 
 .rodata.tud_task_ext
                0x10007d3c       0x8c src/CMakeFiles/rp2040-freertos-template.dir/C_/Users/25sal/.pico-sdk/sdk/2.1.0/lib/tinyusb/src/device/usbd.c.obj
 .rodata        0x10007dc8       0x1c src/CMakeFiles/rp2040-freertos-template.dir/C_/Users/25sal/.pico-sdk/sdk/2.1.0/lib/tinyusb/src/device/usbd.c.obj
 .rodata._usbd_driver
                0x10007de4       0x40 src/CMakeFiles/rp2040-freertos-template.dir/C_/Users/25sal/.pico-sdk/sdk/2.1.0/lib/tinyusb/src/device/usbd.c.obj
                0x10007e24                        . = ALIGN (0x4)
 *(SORT_BY_ALIGNMENT(SORT_BY_NAME(.flashdata*)))
                0x10007e24                        . = ALIGN (0x4)

.ARM.extab
 *(.ARM.extab* .gnu.linkonce.armextab.*)
                0x10007e24                        __exidx_start = .

.ARM.exidx
 *(.ARM.exidx* .gnu.linkonce.armexidx.*)
                0x10007e24                        __exidx_end = .
                0x10007e24                        . = ALIGN (0x4)
                0x10007e24                        __binary_info_start = .

.binary_info    0x10007e24       0x20
 *(.binary_info.keep.*)
 .binary_info.keep.__bi_ptr84
                0x10007e24        0x4 src/CMakeFiles/rp2040-freertos-template.dir/C_/Users/25sal/.pico-sdk/sdk/2.1.0/src/rp2_common/pico_standard_binary_info/standard_binary_info.c.obj
 .binary_info.keep.__bi_ptr78
                0x10007e28        0x4 src/CMakeFiles/rp2040-freertos-template.dir/C_/Users/25sal/.pico-sdk/sdk/2.1.0/src/rp2_common/pico_standard_binary_info/standard_binary_info.c.obj
 .binary_info.keep.__bi_ptr54
                0x10007e2c        0x4 src/CMakeFiles/rp2040-freertos-template.dir/C_/Users/25sal/.pico-sdk/sdk/2.1.0/src/rp2_common/pico_standard_binary_info/standard_binary_info.c.obj
 .binary_info.keep.__bi_ptr48
                0x10007e30        0x4 src/CMakeFiles/rp2040-freertos-template.dir/C_/Users/25sal/.pico-sdk/sdk/2.1.0/src/rp2_common/pico_standard_binary_info/standard_binary_info.c.obj
 .binary_info.keep.__bi_ptr42
                0x10007e34        0x4 src/CMakeFiles/rp2040-freertos-template.dir/C_/Users/25sal/.pico-sdk/sdk/2.1.0/src/rp2_common/pico_standard_binary_info/standard_binary_info.c.obj
 .binary_info.keep.__bi_ptr34
                0x10007e38        0x4 src/CMakeFiles/rp2040-freertos-template.dir/C_/Users/25sal/.pico-sdk/sdk/2.1.0/src/rp2_common/pico_standard_binary_info/standard_binary_info.c.obj
 .binary_info.keep.__bi_ptr26
                0x10007e3c        0x4 src/CMakeFiles/rp2040-freertos-template.dir/C_/Users/25sal/.pico-sdk/sdk/2.1.0/src/rp2_common/pico_standard_binary_info/standard_binary_info.c.obj
 *(.binary_info.*)
 .binary_info.__bi_ptr197
                0x10007e40        0x4 src/CMakeFiles/rp2040-freertos-template.dir/C_/Users/25sal/.pico-sdk/sdk/2.1.0/src/rp2_common/pico_stdio_usb/stdio_usb.c.obj
                0x10007e44                        __binary_info_end = .

.rel.dyn        0x10007e44        0x0
 .rel.iplt      0x10007e44        0x0 C:/Users/25sal/.pico-sdk/toolchain/13_3_Rel1/bin/../lib/gcc/arm-none-eabi/13.3.1/thumb/v6-m/nofp/crtbegin.o
                0x10007e44                        . = ALIGN (0x4)

.ram_vector_table
                0x20000000       0xc0
 *(.ram_vector_table)
 .ram_vector_table
                0x20000000       0xc0 src/CMakeFiles/rp2040-freertos-template.dir/C_/Users/25sal/.pico-sdk/sdk/2.1.0/src/rp2_common/pico_runtime_init/runtime_init.c.obj
                0x20000000                ram_vector_table

.uninitialized_data
                0x200000c0        0x0
                0x200000c0                        . = ALIGN (0x4)
 *(.uninitialized_data*)

.data           0x200000c0      0xfb8 load address 0x10007e44
                0x200000c0                        __data_start__ = .
 *(vtable)
 *(.time_critical*)
 .time_critical.mutex_try_enter
                0x200000c0       0x40 src/CMakeFiles/rp2040-freertos-template.dir/C_/Users/25sal/.pico-sdk/sdk/2.1.0/src/common/pico_sync/mutex.c.obj
                0x200000c0                mutex_try_enter
 .time_critical.mutex_try_enter_block_until
                0x20000100       0xa0 src/CMakeFiles/rp2040-freertos-template.dir/C_/Users/25sal/.pico-sdk/sdk/2.1.0/src/common/pico_sync/mutex.c.obj
                0x20000100                mutex_try_enter_block_until
 .time_critical.mutex_enter_timeout_ms
                0x200001a0       0x78 src/CMakeFiles/rp2040-freertos-template.dir/C_/Users/25sal/.pico-sdk/sdk/2.1.0/src/common/pico_sync/mutex.c.obj
                0x200001a0                mutex_enter_timeout_ms
 .time_critical.mutex_exit
                0x20000218       0x20 src/CMakeFiles/rp2040-freertos-template.dir/C_/Users/25sal/.pico-sdk/sdk/2.1.0/src/common/pico_sync/mutex.c.obj
                0x20000218                mutex_exit
 .time_critical.flash_init_boot2_copyout
                0x20000238       0x30 src/CMakeFiles/rp2040-freertos-template.dir/C_/Users/25sal/.pico-sdk/sdk/2.1.0/src/rp2_common/hardware_flash/flash.c.obj
 .time_critical.flash_enable_xip_via_boot2
                0x20000268        0xc src/CMakeFiles/rp2040-freertos-template.dir/C_/Users/25sal/.pico-sdk/sdk/2.1.0/src/rp2_common/hardware_flash/flash.c.obj
 .time_critical.flash_cs_force
                0x20000274       0x38 src/CMakeFiles/rp2040-freertos-template.dir/C_/Users/25sal/.pico-sdk/sdk/2.1.0/src/rp2_common/hardware_flash/flash.c.obj
 .time_critical.flash_do_cmd
                0x200002ac       0xc0 src/CMakeFiles/rp2040-freertos-template.dir/C_/Users/25sal/.pico-sdk/sdk/2.1.0/src/rp2_common/hardware_flash/flash.c.obj
                0x200002ac                flash_do_cmd
 .time_critical.reset_non_control_endpoints
                0x2000036c       0x68 src/CMakeFiles/rp2040-freertos-template.dir/C_/Users/25sal/.pico-sdk/sdk/2.1.0/lib/tinyusb/src/portable/raspberrypi/rp2040/dcd_rp2040.c.obj
 .time_critical.hw_handle_buff_status
                0x200003d4       0xb0 src/CMakeFiles/rp2040-freertos-template.dir/C_/Users/25sal/.pico-sdk/sdk/2.1.0/lib/tinyusb/src/portable/raspberrypi/rp2040/dcd_rp2040.c.obj
 .time_critical.dcd_rp2040_irq
                0x20000484      0x578 src/CMakeFiles/rp2040-freertos-template.dir/C_/Users/25sal/.pico-sdk/sdk/2.1.0/lib/tinyusb/src/portable/raspberrypi/rp2040/dcd_rp2040.c.obj
 .time_critical.prepare_ep_buffer
                0x200009fc       0xe0 src/CMakeFiles/rp2040-freertos-template.dir/C_/Users/25sal/.pico-sdk/sdk/2.1.0/lib/tinyusb/src/portable/raspberrypi/rp2040/rp2040_usb.c.obj
 .time_critical.sync_ep_buffer
                0x20000adc       0xa8 src/CMakeFiles/rp2040-freertos-template.dir/C_/Users/25sal/.pico-sdk/sdk/2.1.0/lib/tinyusb/src/portable/raspberrypi/rp2040/rp2040_usb.c.obj
 .time_critical._hw_endpoint_xfer_sync
                0x20000b84       0x28 src/CMakeFiles/rp2040-freertos-template.dir/C_/Users/25sal/.pico-sdk/sdk/2.1.0/lib/tinyusb/src/portable/raspberrypi/rp2040/rp2040_usb.c.obj
 .time_critical.e15_is_bulkin_ep
                0x20000bac       0x28 src/CMakeFiles/rp2040-freertos-template.dir/C_/Users/25sal/.pico-sdk/sdk/2.1.0/lib/tinyusb/src/portable/raspberrypi/rp2040/rp2040_usb.c.obj
 .time_critical.e15_is_critical_frame_period
                0x20000bd4       0x34 src/CMakeFiles/rp2040-freertos-template.dir/C_/Users/25sal/.pico-sdk/sdk/2.1.0/lib/tinyusb/src/portable/raspberrypi/rp2040/rp2040_usb.c.obj
 .time_critical.hw_endpoint_reset_transfer
                0x20000c08        0xc src/CMakeFiles/rp2040-freertos-template.dir/C_/Users/25sal/.pico-sdk/sdk/2.1.0/lib/tinyusb/src/portable/raspberrypi/rp2040/rp2040_usb.c.obj
                0x20000c08                hw_endpoint_reset_transfer
 .time_critical._hw_endpoint_buffer_control_update32
                0x20000c14       0x50 src/CMakeFiles/rp2040-freertos-template.dir/C_/Users/25sal/.pico-sdk/sdk/2.1.0/lib/tinyusb/src/portable/raspberrypi/rp2040/rp2040_usb.c.obj
                0x20000c14                _hw_endpoint_buffer_control_update32
 .time_critical.hw_endpoint_start_next_buffer
                0x20000c64       0x6c src/CMakeFiles/rp2040-freertos-template.dir/C_/Users/25sal/.pico-sdk/sdk/2.1.0/lib/tinyusb/src/portable/raspberrypi/rp2040/rp2040_usb.c.obj
                0x20000c64                hw_endpoint_start_next_buffer
 .time_critical.hw_endpoint_xfer_continue
                0x20000cd0       0x40 src/CMakeFiles/rp2040-freertos-template.dir/C_/Users/25sal/.pico-sdk/sdk/2.1.0/lib/tinyusb/src/portable/raspberrypi/rp2040/rp2040_usb.c.obj
                0x20000cd0                hw_endpoint_xfer_continue
 .time_critical.tinyusb
                0x20000d10      0x1e4 src/CMakeFiles/rp2040-freertos-template.dir/C_/Users/25sal/.pico-sdk/sdk/2.1.0/lib/tinyusb/src/device/usbd.c.obj
                0x20000d10                dcd_event_handler
 *(.text*)
 .text          0x20000ef4        0x4 C:/Users/25sal/.pico-sdk/toolchain/13_3_Rel1/bin/../lib/gcc/arm-none-eabi/13.3.1/thumb/v6-m/nofp\libgcc.a(_dvmd_tls.o)
                0x20000ef4                __aeabi_idiv0
                0x20000ef4                __aeabi_ldiv0
 .text.__stub   0x20000ef8       0xa0 linker stubs
                0x20000f98                        . = ALIGN (0x4)
 *(.rodata*)
                0x20000f98                        . = ALIGN (0x4)
 *(.data*)
 .data.striped_spin_lock_num
                0x20000f98        0x1 src/CMakeFiles/rp2040-freertos-template.dir/C_/Users/25sal/.pico-sdk/sdk/2.1.0/src/rp2_common/hardware_sync/sync.c.obj
 *fill*         0x20000f99        0x3 
 .data          0x20000f9c       0x48 src/CMakeFiles/rp2040-freertos-template.dir/C_/Users/25sal/.pico-sdk/sdk/2.1.0/src/rp2_common/hardware_irq/irq_handler_chain.S.obj
                0x20000f9c                irq_handler_chain_slots
                0x20000fcc                irq_handler_chain_first_slot
                0x20000fd6                irq_handler_chain_remove_tail
 .data.default_alarm_pool
                0x20000fe4       0x18 src/CMakeFiles/rp2040-freertos-template.dir/C_/Users/25sal/.pico-sdk/sdk/2.1.0/src/common/pico_time/time.c.obj
 *fill*         0x20000ffc        0x4 
 .data.aeabi_bits_funcs
                0x20001000       0x10 src/CMakeFiles/rp2040-freertos-template.dir/C_/Users/25sal/.pico-sdk/sdk/2.1.0/src/rp2_common/pico_bit_ops/bit_ops_aeabi.S.obj
                0x20001000                aeabi_bits_funcs
                0x20001010                aeabi_bits_funcs_end
 .data.aeabi_mem_funcs
                0x20001010       0x10 src/CMakeFiles/rp2040-freertos-template.dir/C_/Users/25sal/.pico-sdk/sdk/2.1.0/src/rp2_common/pico_mem_ops/mem_ops_aeabi.S.obj
                0x20001010                aeabi_mem_funcs
                0x20001020                aeabi_mem_funcs_end
 .data.stdio_usb
                0x20001020       0x18 src/CMakeFiles/rp2040-freertos-template.dir/C_/Users/25sal/.pico-sdk/sdk/2.1.0/src/rp2_common/pico_stdio_usb/stdio_usb.c.obj
                0x20001020                stdio_usb
 .data._usbd_qdef
                0x20001038       0x1c src/CMakeFiles/rp2040-freertos-template.dir/C_/Users/25sal/.pico-sdk/sdk/2.1.0/lib/tinyusb/src/device/usbd.c.obj
                0x20001038                _usbd_qdef
 .data._usbd_rhport
                0x20001054        0x1 src/CMakeFiles/rp2040-freertos-template.dir/C_/Users/25sal/.pico-sdk/sdk/2.1.0/lib/tinyusb/src/device/usbd.c.obj
 .data.ucPrimaryCoreNum
                0x20001055        0x1 src/CMakeFiles/rp2040-freertos-template.dir/__/lib/FreeRTOS-Kernel/portable/ThirdParty/GCC/RP2040/port.c.obj
 *fill*         0x20001056        0x2 
 .data.i2c1_inst
                0x20001058        0x8 src/CMakeFiles/rp2040-freertos-template.dir/C_/Users/25sal/.pico-sdk/sdk/2.1.0/src/rp2_common/hardware_i2c/i2c.c.obj
                0x20001058                i2c1_inst
 .data.i2c0_inst
                0x20001060        0x8 src/CMakeFiles/rp2040-freertos-template.dir/C_/Users/25sal/.pico-sdk/sdk/2.1.0/src/rp2_common/hardware_i2c/i2c.c.obj
                0x20001060                i2c0_inst
                0x20001068                        . = ALIGN (0x4)
 *(.after_data.*)
                0x20001068                        . = ALIGN (0x4)
                0x20001068                        PROVIDE (__mutex_array_start = .)
 *(SORT_BY_NAME(.mutex_array.*))
 *(.mutex_array)
 .mutex_array   0x20001068        0x8 src/CMakeFiles/rp2040-freertos-template.dir/C_/Users/25sal/.pico-sdk/sdk/2.1.0/src/rp2_common/pico_malloc/malloc.c.obj
 .mutex_array   0x20001070        0x8 src/CMakeFiles/rp2040-freertos-template.dir/C_/Users/25sal/.pico-sdk/sdk/2.1.0/src/rp2_common/pico_stdio/stdio.c.obj
                0x20001078                        PROVIDE (__mutex_array_end = .)
                0x20001078                        . = ALIGN (0x4)
 *(.jcr)
                0x20001078                        . = ALIGN (0x4)

.tm_clone_table
                0x20001078        0x0 load address 0x10008dfc
 .tm_clone_table
                0x20001078        0x0 C:/Users/25sal/.pico-sdk/toolchain/13_3_Rel1/bin/../lib/gcc/arm-none-eabi/13.3.1/thumb/v6-m/nofp/crtbegin.o
 .tm_clone_table
                0x20001078        0x0 C:/Users/25sal/.pico-sdk/toolchain/13_3_Rel1/bin/../lib/gcc/arm-none-eabi/13.3.1/thumb/v6-m/nofp/crtend.o

.igot.plt       0x20001078        0x0 load address 0x10008dfc
 .igot.plt      0x20001078        0x0 C:/Users/25sal/.pico-sdk/toolchain/13_3_Rel1/bin/../lib/gcc/arm-none-eabi/13.3.1/thumb/v6-m/nofp/crtbegin.o

.tdata          0x20001078        0x0 load address 0x10008dfc
                0x20001078                        . = ALIGN (0x4)
 *(.tdata .tdata.* .gnu.linkonce.td.*)
                0x20001078                        __tdata_end = .
                0x20001078                        PROVIDE (__data_end__ = .)
                0x10007e44                        __etext = LOADADDR (.data)

.tbss           0x20001078        0x0 load address 0x10008dfc
                0x20001078                        . = ALIGN (0x4)
                0x20001078                        __bss_start__ = .
                0x20001078                        __tls_base = .
 *(.tbss .tbss.* .gnu.linkonce.tb.*)
 *(.tcommon)
                0x20001078                        __tls_end = .

.bss            0x20001078    0x21558 load address 0x10008dfc
                0x20001078                        . = ALIGN (0x4)
                0x20001078                        __tbss_end = .
 *(SORT_BY_ALIGNMENT(SORT_BY_NAME(.bss*)))
 .bss.default_alarm_pool_entries
                0x20001078      0x180 src/CMakeFiles/rp2040-freertos-template.dir/C_/Users/25sal/.pico-sdk/sdk/2.1.0/src/common/pico_time/time.c.obj
 .bss.last_avail_time.1
                0x200011f8        0x8 src/CMakeFiles/rp2040-freertos-template.dir/C_/Users/25sal/.pico-sdk/sdk/2.1.0/src/rp2_common/pico_stdio_usb/stdio_usb.c.obj
 .bss.sd_table  0x20001200      0x100 src/CMakeFiles/rp2040-freertos-template.dir/C_/Users/25sal/.pico-sdk/sdk/2.1.0/src/rp2_common/pico_double/double_init_rom_rp2040.c.obj
                0x20001200                sd_table
 .bss._app_driver
                0x20001300        0x4 src/CMakeFiles/rp2040-freertos-template.dir/C_/Users/25sal/.pico-sdk/sdk/2.1.0/lib/tinyusb/src/device/usbd.c.obj
 .bss._cdcd_fifo_cfg
                0x20001304        0x1 src/CMakeFiles/rp2040-freertos-template.dir/C_/Users/25sal/.pico-sdk/sdk/2.1.0/lib/tinyusb/src/class/cdc/cdc_device.c.obj
 *fill*         0x20001305        0x3 
 .bss._cdcd_itf
                0x20001308      0x2c8 src/CMakeFiles/rp2040-freertos-template.dir/C_/Users/25sal/.pico-sdk/sdk/2.1.0/lib/tinyusb/src/class/cdc/cdc_device.c.obj
 .bss._ctrl_xfer
                0x200015d0       0x14 src/CMakeFiles/rp2040-freertos-template.dir/C_/Users/25sal/.pico-sdk/sdk/2.1.0/lib/tinyusb/src/device/usbd_control.c.obj
 .bss._ubsd_mutexdef
                0x200015e4        0x8 src/CMakeFiles/rp2040-freertos-template.dir/C_/Users/25sal/.pico-sdk/sdk/2.1.0/lib/tinyusb/src/device/usbd.c.obj
 .bss._usbd_ctrl_buf
                0x200015ec       0x40 src/CMakeFiles/rp2040-freertos-template.dir/C_/Users/25sal/.pico-sdk/sdk/2.1.0/lib/tinyusb/src/device/usbd_control.c.obj
 .bss._usbd_dev
                0x2000162c       0x54 src/CMakeFiles/rp2040-freertos-template.dir/C_/Users/25sal/.pico-sdk/sdk/2.1.0/lib/tinyusb/src/device/usbd.c.obj
 .bss._usbd_mutex
                0x20001680        0x4 src/CMakeFiles/rp2040-freertos-template.dir/C_/Users/25sal/.pico-sdk/sdk/2.1.0/lib/tinyusb/src/device/usbd.c.obj
 .bss._usbd_q   0x20001684        0x4 src/CMakeFiles/rp2040-freertos-template.dir/C_/Users/25sal/.pico-sdk/sdk/2.1.0/lib/tinyusb/src/device/usbd.c.obj
 .bss._usbd_qdef_buf
                0x20001688       0xc0 src/CMakeFiles/rp2040-freertos-template.dir/C_/Users/25sal/.pico-sdk/sdk/2.1.0/lib/tinyusb/src/device/usbd.c.obj
                0x20001688                _usbd_qdef_buf
 .bss._vendord_itf
                0x20001748      0x2cc src/CMakeFiles/rp2040-freertos-template.dir/C_/Users/25sal/.pico-sdk/sdk/2.1.0/lib/tinyusb/src/class/vendor/vendor_device.c.obj
 .bss.boot2_copyout
                0x20001a14      0x100 src/CMakeFiles/rp2040-freertos-template.dir/C_/Users/25sal/.pico-sdk/sdk/2.1.0/src/rp2_common/hardware_flash/flash.c.obj
 .bss.chars_available_callback
                0x20001b14        0x4 src/CMakeFiles/rp2040-freertos-template.dir/C_/Users/25sal/.pico-sdk/sdk/2.1.0/src/rp2_common/pico_stdio_usb/stdio_usb.c.obj
 .bss.chars_available_param
                0x20001b18        0x4 src/CMakeFiles/rp2040-freertos-template.dir/C_/Users/25sal/.pico-sdk/sdk/2.1.0/src/rp2_common/pico_stdio_usb/stdio_usb.c.obj